===== BEFORE_SCENARIOS =====
total 3842048
drwxr-x--- 2 hiview log      4096 2026-07-17 20:04 .
drwxr-x--- 8 hiview log      4096 2026-07-17 18:16 ..
-rw-rw-r-- 1 hiview system  93809 2026-07-17 01:00 appfreeze-com.ohos.sceneboard-20020011-20260717010042819.log
-rw-rw-r-- 1 hiview system 247619 2026-07-17 16:27 cppcrash-appspawn-0-20260717162715573.log
-rw-rw-r-- 1 hiview system 247500 2026-07-17 16:41 cppcrash-appspawn-0-20260717163120305.log
-rw-rw-r-- 1 hiview system 259703 2026-07-17 16:36 cppcrash-appspawn-0-20260717163603903.log
-rw-rw-r-- 1 hiview system 247329 2026-07-17 16:36 cppcrash-appspawn-0-20260717163608964.log
-rw-rw-r-- 1 hiview system 262568 2026-07-17 16:36 cppcrash-appspawn-0-20260717163614537.log
-rw-rw-r-- 1 hiview system 256057 2026-07-17 16:36 cppcrash-appspawn-0-20260717163617722.log
-rw-rw-r-- 1 hiview system 247085 2026-07-17 17:57 cppcrash-appspawn-0-20260717165420620.log
-rw-rw-r-- 1 hiview system 258441 2026-07-17 17:56 cppcrash-appspawn-0-20260717175606286.log
-rw-rw-r-- 1 hiview system 268422 2026-07-17 18:16 cppcrash-appspawn-0-20260717181653578.log
-rw-rw-r-- 1 hiview system 268361 2026-07-17 18:16 cppcrash-appspawn-0-20260717181657141.log
-rw-rw-r-- 1 hiview system 123828 2026-07-17 04:02 sysfreeze-com.ohos.sceneboard-20020011-20260717040212219.log
-rw-rw-r-- 1 hiview system 112290 2026-07-17 15:57 sysfreeze-com.ohos.sceneboard-20020011-20260717155734539.log
-rw-rw-r-- 1 hiview system  99509 2026-07-17 15:59 sysfreeze-com.ohos.sceneboard-20020011-20260717155911634.log
-rw-rw-r-- 1 hiview system  81851 2026-07-17 16:02 sysfreeze-com.ohos.sceneboard-20020011-20260717160209405.log
-rw-rw-r-- 1 hiview system 132291 2026-07-17 16:04 sysfreeze-com.ohos.sceneboard-20020011-20260717160428247.log
-rw-rw-r-- 1 hiview system  85435 2026-07-17 16:07 sysfreeze-com.ohos.sceneboard-20020011-20260717160731035.log
-rw-rw-r-- 1 hiview system 119466 2026-07-17 16:11 sysfreeze-com.ohos.sceneboard-20020011-20260717161103443.log
-rw-rw-r-- 1 hiview system 126090 2026-07-17 17:53 sysfreeze-com.ohos.sceneboard-20020011-20260717175324363.log
-rw-rw-r-- 1 hiview system 106297 2026-07-17 17:56 sysfreeze-com.ohos.sceneboard-20020011-20260717175625917.log
-rw-rw-r-- 1 hiview system 135466 2026-07-17 20:04 sysfreeze-com.ohos.sceneboard-20020011-20260717200412443.log
===== A_ALLOW_ATTEMPT_1 =====
total 3842048
drwxr-x--- 2 hiview log      4096 2026-07-17 20:04 .
drwxr-x--- 8 hiview log      4096 2026-07-17 18:16 ..
-rw-rw-r-- 1 hiview system  93809 2026-07-17 01:00 appfreeze-com.ohos.sceneboard-20020011-20260717010042819.log
-rw-rw-r-- 1 hiview system 247619 2026-07-17 16:27 cppcrash-appspawn-0-20260717162715573.log
-rw-rw-r-- 1 hiview system 247500 2026-07-17 16:41 cppcrash-appspawn-0-20260717163120305.log
-rw-rw-r-- 1 hiview system 259703 2026-07-17 16:36 cppcrash-appspawn-0-20260717163603903.log
-rw-rw-r-- 1 hiview system 247329 2026-07-17 16:36 cppcrash-appspawn-0-20260717163608964.log
-rw-rw-r-- 1 hiview system 262568 2026-07-17 16:36 cppcrash-appspawn-0-20260717163614537.log
-rw-rw-r-- 1 hiview system 256057 2026-07-17 16:36 cppcrash-appspawn-0-20260717163617722.log
-rw-rw-r-- 1 hiview system 247085 2026-07-17 17:57 cppcrash-appspawn-0-20260717165420620.log
-rw-rw-r-- 1 hiview system 258441 2026-07-17 17:56 cppcrash-appspawn-0-20260717175606286.log
-rw-rw-r-- 1 hiview system 268422 2026-07-17 18:16 cppcrash-appspawn-0-20260717181653578.log
-rw-rw-r-- 1 hiview system 268361 2026-07-17 18:16 cppcrash-appspawn-0-20260717181657141.log
-rw-rw-r-- 1 hiview system 123828 2026-07-17 04:02 sysfreeze-com.ohos.sceneboard-20020011-20260717040212219.log
-rw-rw-r-- 1 hiview system 112290 2026-07-17 15:57 sysfreeze-com.ohos.sceneboard-20020011-20260717155734539.log
-rw-rw-r-- 1 hiview system  99509 2026-07-17 15:59 sysfreeze-com.ohos.sceneboard-20020011-20260717155911634.log
-rw-rw-r-- 1 hiview system  81851 2026-07-17 16:02 sysfreeze-com.ohos.sceneboard-20020011-20260717160209405.log
-rw-rw-r-- 1 hiview system 132291 2026-07-17 16:04 sysfreeze-com.ohos.sceneboard-20020011-20260717160428247.log
-rw-rw-r-- 1 hiview system  85435 2026-07-17 16:07 sysfreeze-com.ohos.sceneboard-20020011-20260717160731035.log
-rw-rw-r-- 1 hiview system 119466 2026-07-17 16:11 sysfreeze-com.ohos.sceneboard-20020011-20260717161103443.log
-rw-rw-r-- 1 hiview system 126090 2026-07-17 17:53 sysfreeze-com.ohos.sceneboard-20020011-20260717175324363.log
-rw-rw-r-- 1 hiview system 106297 2026-07-17 17:56 sysfreeze-com.ohos.sceneboard-20020011-20260717175625917.log
-rw-rw-r-- 1 hiview system 135466 2026-07-17 20:04 sysfreeze-com.ohos.sceneboard-20020011-20260717200412443.log
===== A_ALLOW_ATTEMPT_2 =====
total 3842048
drwxr-x--- 2 hiview log      4096 2026-07-17 20:04 .
drwxr-x--- 8 hiview log      4096 2026-07-17 18:16 ..
-rw-rw-r-- 1 hiview system  93809 2026-07-17 01:00 appfreeze-com.ohos.sceneboard-20020011-20260717010042819.log
-rw-rw-r-- 1 hiview system 247619 2026-07-17 16:27 cppcrash-appspawn-0-20260717162715573.log
-rw-rw-r-- 1 hiview system 247500 2026-07-17 16:41 cppcrash-appspawn-0-20260717163120305.log
-rw-rw-r-- 1 hiview system 259703 2026-07-17 16:36 cppcrash-appspawn-0-20260717163603903.log
-rw-rw-r-- 1 hiview system 247329 2026-07-17 16:36 cppcrash-appspawn-0-20260717163608964.log
-rw-rw-r-- 1 hiview system 262568 2026-07-17 16:36 cppcrash-appspawn-0-20260717163614537.log
-rw-rw-r-- 1 hiview system 256057 2026-07-17 16:36 cppcrash-appspawn-0-20260717163617722.log
-rw-rw-r-- 1 hiview system 247085 2026-07-17 17:57 cppcrash-appspawn-0-20260717165420620.log
-rw-rw-r-- 1 hiview system 258441 2026-07-17 17:56 cppcrash-appspawn-0-20260717175606286.log
-rw-rw-r-- 1 hiview system 268422 2026-07-17 18:16 cppcrash-appspawn-0-20260717181653578.log
-rw-rw-r-- 1 hiview system 268361 2026-07-17 18:16 cppcrash-appspawn-0-20260717181657141.log
-rw-rw-r-- 1 hiview system 123828 2026-07-17 04:02 sysfreeze-com.ohos.sceneboard-20020011-20260717040212219.log
-rw-rw-r-- 1 hiview system 112290 2026-07-17 15:57 sysfreeze-com.ohos.sceneboard-20020011-20260717155734539.log
-rw-rw-r-- 1 hiview system  99509 2026-07-17 15:59 sysfreeze-com.ohos.sceneboard-20020011-20260717155911634.log
-rw-rw-r-- 1 hiview system  81851 2026-07-17 16:02 sysfreeze-com.ohos.sceneboard-20020011-20260717160209405.log
-rw-rw-r-- 1 hiview system 132291 2026-07-17 16:04 sysfreeze-com.ohos.sceneboard-20020011-20260717160428247.log
-rw-rw-r-- 1 hiview system  85435 2026-07-17 16:07 sysfreeze-com.ohos.sceneboard-20020011-20260717160731035.log
-rw-rw-r-- 1 hiview system 119466 2026-07-17 16:11 sysfreeze-com.ohos.sceneboard-20020011-20260717161103443.log
-rw-rw-r-- 1 hiview system 126090 2026-07-17 17:53 sysfreeze-com.ohos.sceneboard-20020011-20260717175324363.log
-rw-rw-r-- 1 hiview system 106297 2026-07-17 17:56 sysfreeze-com.ohos.sceneboard-20020011-20260717175625917.log
-rw-rw-r-- 1 hiview system 135466 2026-07-17 20:04 sysfreeze-com.ohos.sceneboard-20020011-20260717200412443.log
===== A_ALLOW_ATTEMPT_3 =====
total 3842048
drwxr-x--- 2 hiview log      4096 2026-07-17 20:04 .
drwxr-x--- 8 hiview log      4096 2026-07-17 18:16 ..
-rw-rw-r-- 1 hiview system  93809 2026-07-17 01:00 appfreeze-com.ohos.sceneboard-20020011-20260717010042819.log
-rw-rw-r-- 1 hiview system 247619 2026-07-17 16:27 cppcrash-appspawn-0-20260717162715573.log
-rw-rw-r-- 1 hiview system 247500 2026-07-17 16:41 cppcrash-appspawn-0-20260717163120305.log
-rw-rw-r-- 1 hiview system 259703 2026-07-17 16:36 cppcrash-appspawn-0-20260717163603903.log
-rw-rw-r-- 1 hiview system 247329 2026-07-17 16:36 cppcrash-appspawn-0-20260717163608964.log
-rw-rw-r-- 1 hiview system 262568 2026-07-17 16:36 cppcrash-appspawn-0-20260717163614537.log
-rw-rw-r-- 1 hiview system 256057 2026-07-17 16:36 cppcrash-appspawn-0-20260717163617722.log
-rw-rw-r-- 1 hiview system 247085 2026-07-17 17:57 cppcrash-appspawn-0-20260717165420620.log
-rw-rw-r-- 1 hiview system 258441 2026-07-17 17:56 cppcrash-appspawn-0-20260717175606286.log
-rw-rw-r-- 1 hiview system 268422 2026-07-17 18:16 cppcrash-appspawn-0-20260717181653578.log
-rw-rw-r-- 1 hiview system 268361 2026-07-17 18:16 cppcrash-appspawn-0-20260717181657141.log
-rw-rw-r-- 1 hiview system 123828 2026-07-17 04:02 sysfreeze-com.ohos.sceneboard-20020011-20260717040212219.log
-rw-rw-r-- 1 hiview system 112290 2026-07-17 15:57 sysfreeze-com.ohos.sceneboard-20020011-20260717155734539.log
-rw-rw-r-- 1 hiview system  99509 2026-07-17 15:59 sysfreeze-com.ohos.sceneboard-20020011-20260717155911634.log
-rw-rw-r-- 1 hiview system  81851 2026-07-17 16:02 sysfreeze-com.ohos.sceneboard-20020011-20260717160209405.log
-rw-rw-r-- 1 hiview system 132291 2026-07-17 16:04 sysfreeze-com.ohos.sceneboard-20020011-20260717160428247.log
-rw-rw-r-- 1 hiview system  85435 2026-07-17 16:07 sysfreeze-com.ohos.sceneboard-20020011-20260717160731035.log
-rw-rw-r-- 1 hiview system 119466 2026-07-17 16:11 sysfreeze-com.ohos.sceneboard-20020011-20260717161103443.log
-rw-rw-r-- 1 hiview system 126090 2026-07-17 17:53 sysfreeze-com.ohos.sceneboard-20020011-20260717175324363.log
-rw-rw-r-- 1 hiview system 106297 2026-07-17 17:56 sysfreeze-com.ohos.sceneboard-20020011-20260717175625917.log
-rw-rw-r-- 1 hiview system 135466 2026-07-17 20:04 sysfreeze-com.ohos.sceneboard-20020011-20260717200412443.log
===== B_DENY =====
total 3842048
drwxr-x--- 2 hiview log      4096 2026-07-17 20:04 .
drwxr-x--- 8 hiview log      4096 2026-07-17 18:16 ..
-rw-rw-r-- 1 hiview system  93809 2026-07-17 01:00 appfreeze-com.ohos.sceneboard-20020011-20260717010042819.log
-rw-rw-r-- 1 hiview system 247619 2026-07-17 16:27 cppcrash-appspawn-0-20260717162715573.log
-rw-rw-r-- 1 hiview system 247500 2026-07-17 16:41 cppcrash-appspawn-0-20260717163120305.log
-rw-rw-r-- 1 hiview system 259703 2026-07-17 16:36 cppcrash-appspawn-0-20260717163603903.log
-rw-rw-r-- 1 hiview system 247329 2026-07-17 16:36 cppcrash-appspawn-0-20260717163608964.log
-rw-rw-r-- 1 hiview system 262568 2026-07-17 16:36 cppcrash-appspawn-0-20260717163614537.log
-rw-rw-r-- 1 hiview system 256057 2026-07-17 16:36 cppcrash-appspawn-0-20260717163617722.log
-rw-rw-r-- 1 hiview system 247085 2026-07-17 17:57 cppcrash-appspawn-0-20260717165420620.log
-rw-rw-r-- 1 hiview system 258441 2026-07-17 17:56 cppcrash-appspawn-0-20260717175606286.log
-rw-rw-r-- 1 hiview system 268422 2026-07-17 18:16 cppcrash-appspawn-0-20260717181653578.log
-rw-rw-r-- 1 hiview system 268361 2026-07-17 18:16 cppcrash-appspawn-0-20260717181657141.log
-rw-rw-r-- 1 hiview system 123828 2026-07-17 04:02 sysfreeze-com.ohos.sceneboard-20020011-20260717040212219.log
-rw-rw-r-- 1 hiview system 112290 2026-07-17 15:57 sysfreeze-com.ohos.sceneboard-20020011-20260717155734539.log
-rw-rw-r-- 1 hiview system  99509 2026-07-17 15:59 sysfreeze-com.ohos.sceneboard-20020011-20260717155911634.log
-rw-rw-r-- 1 hiview system  81851 2026-07-17 16:02 sysfreeze-com.ohos.sceneboard-20020011-20260717160209405.log
-rw-rw-r-- 1 hiview system 132291 2026-07-17 16:04 sysfreeze-com.ohos.sceneboard-20020011-20260717160428247.log
-rw-rw-r-- 1 hiview system  85435 2026-07-17 16:07 sysfreeze-com.ohos.sceneboard-20020011-20260717160731035.log
-rw-rw-r-- 1 hiview system 119466 2026-07-17 16:11 sysfreeze-com.ohos.sceneboard-20020011-20260717161103443.log
-rw-rw-r-- 1 hiview system 126090 2026-07-17 17:53 sysfreeze-com.ohos.sceneboard-20020011-20260717175324363.log
-rw-rw-r-- 1 hiview system 106297 2026-07-17 17:56 sysfreeze-com.ohos.sceneboard-20020011-20260717175625917.log
-rw-rw-r-- 1 hiview system 135466 2026-07-17 20:04 sysfreeze-com.ohos.sceneboard-20020011-20260717200412443.log
===== STOP_WITHOUT_ACTIVE =====
total 3842048
drwxr-x--- 2 hiview log      4096 2026-07-17 20:04 .
drwxr-x--- 8 hiview log      4096 2026-07-17 18:16 ..
-rw-rw-r-- 1 hiview system  93809 2026-07-17 01:00 appfreeze-com.ohos.sceneboard-20020011-20260717010042819.log
-rw-rw-r-- 1 hiview system 247619 2026-07-17 16:27 cppcrash-appspawn-0-20260717162715573.log
-rw-rw-r-- 1 hiview system 247500 2026-07-17 16:41 cppcrash-appspawn-0-20260717163120305.log
-rw-rw-r-- 1 hiview system 259703 2026-07-17 16:36 cppcrash-appspawn-0-20260717163603903.log
-rw-rw-r-- 1 hiview system 247329 2026-07-17 16:36 cppcrash-appspawn-0-20260717163608964.log
-rw-rw-r-- 1 hiview system 262568 2026-07-17 16:36 cppcrash-appspawn-0-20260717163614537.log
-rw-rw-r-- 1 hiview system 256057 2026-07-17 16:36 cppcrash-appspawn-0-20260717163617722.log
-rw-rw-r-- 1 hiview system 247085 2026-07-17 17:57 cppcrash-appspawn-0-20260717165420620.log
-rw-rw-r-- 1 hiview system 258441 2026-07-17 17:56 cppcrash-appspawn-0-20260717175606286.log
-rw-rw-r-- 1 hiview system 268422 2026-07-17 18:16 cppcrash-appspawn-0-20260717181653578.log
-rw-rw-r-- 1 hiview system 268361 2026-07-17 18:16 cppcrash-appspawn-0-20260717181657141.log
-rw-rw-r-- 1 hiview system 123828 2026-07-17 04:02 sysfreeze-com.ohos.sceneboard-20020011-20260717040212219.log
-rw-rw-r-- 1 hiview system 112290 2026-07-17 15:57 sysfreeze-com.ohos.sceneboard-20020011-20260717155734539.log
-rw-rw-r-- 1 hiview system  99509 2026-07-17 15:59 sysfreeze-com.ohos.sceneboard-20020011-20260717155911634.log
-rw-rw-r-- 1 hiview system  81851 2026-07-17 16:02 sysfreeze-com.ohos.sceneboard-20020011-20260717160209405.log
-rw-rw-r-- 1 hiview system 132291 2026-07-17 16:04 sysfreeze-com.ohos.sceneboard-20020011-20260717160428247.log
-rw-rw-r-- 1 hiview system  85435 2026-07-17 16:07 sysfreeze-com.ohos.sceneboard-20020011-20260717160731035.log
-rw-rw-r-- 1 hiview system 119466 2026-07-17 16:11 sysfreeze-com.ohos.sceneboard-20020011-20260717161103443.log
-rw-rw-r-- 1 hiview system 126090 2026-07-17 17:53 sysfreeze-com.ohos.sceneboard-20020011-20260717175324363.log
-rw-rw-r-- 1 hiview system 106297 2026-07-17 17:56 sysfreeze-com.ohos.sceneboard-20020011-20260717175625917.log
-rw-rw-r-- 1 hiview system 135466 2026-07-17 20:04 sysfreeze-com.ohos.sceneboard-20020011-20260717200412443.log
===== CONFLICT_NO_ACTIVE =====
total 3842048
drwxr-x--- 2 hiview log      4096 2026-07-17 20:04 .
drwxr-x--- 8 hiview log      4096 2026-07-17 18:16 ..
-rw-rw-r-- 1 hiview system  93809 2026-07-17 01:00 appfreeze-com.ohos.sceneboard-20020011-20260717010042819.log
-rw-rw-r-- 1 hiview system 247619 2026-07-17 16:27 cppcrash-appspawn-0-20260717162715573.log
-rw-rw-r-- 1 hiview system 247500 2026-07-17 16:41 cppcrash-appspawn-0-20260717163120305.log
-rw-rw-r-- 1 hiview system 259703 2026-07-17 16:36 cppcrash-appspawn-0-20260717163603903.log
-rw-rw-r-- 1 hiview system 247329 2026-07-17 16:36 cppcrash-appspawn-0-20260717163608964.log
-rw-rw-r-- 1 hiview system 262568 2026-07-17 16:36 cppcrash-appspawn-0-20260717163614537.log
-rw-rw-r-- 1 hiview system 256057 2026-07-17 16:36 cppcrash-appspawn-0-20260717163617722.log
-rw-rw-r-- 1 hiview system 247085 2026-07-17 17:57 cppcrash-appspawn-0-20260717165420620.log
-rw-rw-r-- 1 hiview system 258441 2026-07-17 17:56 cppcrash-appspawn-0-20260717175606286.log
-rw-rw-r-- 1 hiview system 268422 2026-07-17 18:16 cppcrash-appspawn-0-20260717181653578.log
-rw-rw-r-- 1 hiview system 268361 2026-07-17 18:16 cppcrash-appspawn-0-20260717181657141.log
-rw-rw-r-- 1 hiview system 123828 2026-07-17 04:02 sysfreeze-com.ohos.sceneboard-20020011-20260717040212219.log
-rw-rw-r-- 1 hiview system 112290 2026-07-17 15:57 sysfreeze-com.ohos.sceneboard-20020011-20260717155734539.log
-rw-rw-r-- 1 hiview system  99509 2026-07-17 15:59 sysfreeze-com.ohos.sceneboard-20020011-20260717155911634.log
-rw-rw-r-- 1 hiview system  81851 2026-07-17 16:02 sysfreeze-com.ohos.sceneboard-20020011-20260717160209405.log
-rw-rw-r-- 1 hiview system 132291 2026-07-17 16:04 sysfreeze-com.ohos.sceneboard-20020011-20260717160428247.log
-rw-rw-r-- 1 hiview system  85435 2026-07-17 16:07 sysfreeze-com.ohos.sceneboard-20020011-20260717160731035.log
-rw-rw-r-- 1 hiview system 119466 2026-07-17 16:11 sysfreeze-com.ohos.sceneboard-20020011-20260717161103443.log
-rw-rw-r-- 1 hiview system 126090 2026-07-17 17:53 sysfreeze-com.ohos.sceneboard-20020011-20260717175324363.log
-rw-rw-r-- 1 hiview system 106297 2026-07-17 17:56 sysfreeze-com.ohos.sceneboard-20020011-20260717175625917.log
-rw-rw-r-- 1 hiview system 135466 2026-07-17 20:04 sysfreeze-com.ohos.sceneboard-20020011-20260717200412443.log
===== SETTINGS_MAIN =====
total 3842048
drwxr-x--- 2 hiview log      4096 2026-07-17 20:04 .
drwxr-x--- 8 hiview log      4096 2026-07-17 18:16 ..
-rw-rw-r-- 1 hiview system  93809 2026-07-17 01:00 appfreeze-com.ohos.sceneboard-20020011-20260717010042819.log
-rw-rw-r-- 1 hiview system 247619 2026-07-17 16:27 cppcrash-appspawn-0-20260717162715573.log
-rw-rw-r-- 1 hiview system 247500 2026-07-17 16:41 cppcrash-appspawn-0-20260717163120305.log
-rw-rw-r-- 1 hiview system 259703 2026-07-17 16:36 cppcrash-appspawn-0-20260717163603903.log
-rw-rw-r-- 1 hiview system 247329 2026-07-17 16:36 cppcrash-appspawn-0-20260717163608964.log
-rw-rw-r-- 1 hiview system 262568 2026-07-17 16:36 cppcrash-appspawn-0-20260717163614537.log
-rw-rw-r-- 1 hiview system 256057 2026-07-17 16:36 cppcrash-appspawn-0-20260717163617722.log
-rw-rw-r-- 1 hiview system 247085 2026-07-17 17:57 cppcrash-appspawn-0-20260717165420620.log
-rw-rw-r-- 1 hiview system 258441 2026-07-17 17:56 cppcrash-appspawn-0-20260717175606286.log
-rw-rw-r-- 1 hiview system 268422 2026-07-17 18:16 cppcrash-appspawn-0-20260717181653578.log
-rw-rw-r-- 1 hiview system 268361 2026-07-17 18:16 cppcrash-appspawn-0-20260717181657141.log
-rw-rw-r-- 1 hiview system 123828 2026-07-17 04:02 sysfreeze-com.ohos.sceneboard-20020011-20260717040212219.log
-rw-rw-r-- 1 hiview system 112290 2026-07-17 15:57 sysfreeze-com.ohos.sceneboard-20020011-20260717155734539.log
-rw-rw-r-- 1 hiview system  99509 2026-07-17 15:59 sysfreeze-com.ohos.sceneboard-20020011-20260717155911634.log
-rw-rw-r-- 1 hiview system  81851 2026-07-17 16:02 sysfreeze-com.ohos.sceneboard-20020011-20260717160209405.log
-rw-rw-r-- 1 hiview system 132291 2026-07-17 16:04 sysfreeze-com.ohos.sceneboard-20020011-20260717160428247.log
-rw-rw-r-- 1 hiview system  85435 2026-07-17 16:07 sysfreeze-com.ohos.sceneboard-20020011-20260717160731035.log
-rw-rw-r-- 1 hiview system 119466 2026-07-17 16:11 sysfreeze-com.ohos.sceneboard-20020011-20260717161103443.log
-rw-rw-r-- 1 hiview system 126090 2026-07-17 17:53 sysfreeze-com.ohos.sceneboard-20020011-20260717175324363.log
-rw-rw-r-- 1 hiview system 106297 2026-07-17 17:56 sysfreeze-com.ohos.sceneboard-20020011-20260717175625917.log
-rw-rw-r-- 1 hiview system 135466 2026-07-17 20:04 sysfreeze-com.ohos.sceneboard-20020011-20260717200412443.log
===== AFTER_SCENARIOS =====
total 3842048
drwxr-x--- 2 hiview log      4096 2026-07-17 20:04 .
drwxr-x--- 8 hiview log      4096 2026-07-17 18:16 ..
-rw-rw-r-- 1 hiview system  93809 2026-07-17 01:00 appfreeze-com.ohos.sceneboard-20020011-20260717010042819.log
-rw-rw-r-- 1 hiview system 247619 2026-07-17 16:27 cppcrash-appspawn-0-20260717162715573.log
-rw-rw-r-- 1 hiview system 247500 2026-07-17 16:41 cppcrash-appspawn-0-20260717163120305.log
-rw-rw-r-- 1 hiview system 259703 2026-07-17 16:36 cppcrash-appspawn-0-20260717163603903.log
-rw-rw-r-- 1 hiview system 247329 2026-07-17 16:36 cppcrash-appspawn-0-20260717163608964.log
-rw-rw-r-- 1 hiview system 262568 2026-07-17 16:36 cppcrash-appspawn-0-20260717163614537.log
-rw-rw-r-- 1 hiview system 256057 2026-07-17 16:36 cppcrash-appspawn-0-20260717163617722.log
-rw-rw-r-- 1 hiview system 247085 2026-07-17 17:57 cppcrash-appspawn-0-20260717165420620.log
-rw-rw-r-- 1 hiview system 258441 2026-07-17 17:56 cppcrash-appspawn-0-20260717175606286.log
-rw-rw-r-- 1 hiview system 268422 2026-07-17 18:16 cppcrash-appspawn-0-20260717181653578.log
-rw-rw-r-- 1 hiview system 268361 2026-07-17 18:16 cppcrash-appspawn-0-20260717181657141.log
-rw-rw-r-- 1 hiview system 123828 2026-07-17 04:02 sysfreeze-com.ohos.sceneboard-20020011-20260717040212219.log
-rw-rw-r-- 1 hiview system 112290 2026-07-17 15:57 sysfreeze-com.ohos.sceneboard-20020011-20260717155734539.log
-rw-rw-r-- 1 hiview system  99509 2026-07-17 15:59 sysfreeze-com.ohos.sceneboard-20020011-20260717155911634.log
-rw-rw-r-- 1 hiview system  81851 2026-07-17 16:02 sysfreeze-com.ohos.sceneboard-20020011-20260717160209405.log
-rw-rw-r-- 1 hiview system 132291 2026-07-17 16:04 sysfreeze-com.ohos.sceneboard-20020011-20260717160428247.log
-rw-rw-r-- 1 hiview system  85435 2026-07-17 16:07 sysfreeze-com.ohos.sceneboard-20020011-20260717160731035.log
-rw-rw-r-- 1 hiview system 119466 2026-07-17 16:11 sysfreeze-com.ohos.sceneboard-20020011-20260717161103443.log
-rw-rw-r-- 1 hiview system 126090 2026-07-17 17:53 sysfreeze-com.ohos.sceneboard-20020011-20260717175324363.log
-rw-rw-r-- 1 hiview system 106297 2026-07-17 17:56 sysfreeze-com.ohos.sceneboard-20020011-20260717175625917.log
-rw-rw-r-- 1 hiview system 135466 2026-07-17 20:04 sysfreeze-com.ohos.sceneboard-20020011-20260717200412443.log
