HOST_SERVER_READY|pid=1126554|tcp=127.0.0.1:39021|udp=127.0.0.1:39022|expectedTcp=30|expectedUdp=90|publicBind=false
HOST_SERVER_WAIT|tcp=0/30|udp=0/90
HOST_SERVER_WAIT|tcp=0/30|udp=0/90
HOST_SERVER_WAIT|tcp=0/30|udp=0/90
HOST_SERVER_WAIT|tcp=0/30|udp=0/90
HOST_SERVER_WAIT|tcp=0/30|udp=0/90
HOST_SERVER_WAIT|tcp=0/30|udp=0/90
HOST_SERVER_WAIT|tcp=0/30|udp=0/90
HOST_SERVER_WAIT|tcp=0/30|udp=0/90
HOST_SERVER_WAIT|tcp=0/30|udp=0/90
HOST_SERVER_WAIT|tcp=0/30|udp=0/90
HOST_SERVER_WAIT|tcp=0/30|udp=0/90
HOST_SERVER_WAIT|tcp=0/30|udp=0/90
HOST_SERVER_WAIT|tcp=0/30|udp=0/90
HOST_SERVER_WAIT|tcp=0/30|udp=0/90
HOST_SERVER_WAIT|tcp=0/30|udp=0/90
HOST_SERVER_WAIT|tcp=0/30|udp=0/90
HOST_SERVER_ERROR|operation=main_poll|status=-1|errno=4
HOST_SERVER_ERROR|operation=signal|tcp=0|udp=0
HOST_SERVER_ERROR|operation=final_counts|tcp=0|udp=0|pids=0
HOST_SERVER_RESULT|verdict=FAIL|tcp=0|udp=0|pids=0
