{
  "deviceModel": "PADEMU-FD00",
  "deviceType": "tablet",
  "hw.cpu.arch": "x86_64",
  "hw.cpu.ncore": "4",
  "hw.dataPartitionSize": "6144",
  "hw.hdc.port": "notset",
  "hw.lcd.density": "320",
  "hw.lcd.number": "1",
  "hw.lcd.phy.height": "196",
  "hw.lcd.phy.width": "289",
  "hw.lcd.single.CutoutPath": "M1308 0 L 1572 0 V 36 h -264 Z",
  "hw.lcd.single.diagonalSize": "13.2",
  "hw.lcd.single.height": "1920",
  "hw.lcd.single.width": "2880",
  "hw.ramSize": "4096",
  "imageRoot": "/home/worker/harmonyos/emulator-images",
  "imageSubPath": "system-image/HarmonyOS-6.1.1/tablet_x86/",
  "instancePath": "/home/worker/harmonyos/emulator-instances/netbird_api24_tablet",
  "isCustomize": "false",
  "isHotBoot": "false",
  "isRunning": "false",
  "isUseWhitelist": "false",
  "name": "netbird_api24_tablet",
  "os.apiVersion": "24",
  "os.isPublic": "true",
  "os.osVersion": "HarmonyOS 6.1.1(24)",
  "os.softwareVersion": "6.1.0.125",
  "productModel": "MatePad Pro 13",
  "productSeries": "WEB",
  "uuid": "9a09845f-e12f-479c-bfb1-35e28a3225a0",
  "vendorCountry": "CN"
}
