2026-07-17 19:40:26.972133008342374080 E [vl.c(delete_snapshot_bin_file:2416)] error file /home/worker/harmonyos/emulator-instances/netbird_api24_phone/ram.bin not exist or permission denied
2026-07-17 19:40:27.033133008342374080 I [UiProxyUtil.cpp(VirtioTrackpadLoadConfig:563)] trackpad config width:3200 height:2400 resolution:30 touchscreen:0 screenId:0
2026-07-17 19:40:27.033133008342374080 I [UiProxyUtil.cpp(VirtioTrackpadLoadConfig:563)] trackpad config width:1320 height:2856 resolution:20 touchscreen:1 screenId:0
2026-07-17 19:40:27.034133008342374080 I [UiProxyUtil.cpp(VirtioTrackpadLoadConfig:563)] trackpad config width:1320 height:2856 resolution:20 touchscreen:1 screenId:1
2026-07-17 19:40:27.035133008342374080 I [UiProxyUtil.cpp(VirtioTrackpadLoadConfig:563)] trackpad config width:1320 height:2856 resolution:20 touchscreen:1 screenId:2
2026-07-17 19:40:27.036133008342374080 I [UiProxyUtil.cpp(VirtioTrackpadLoadConfig:563)] trackpad config width:1320 height:2856 resolution:20 touchscreen:1 screenId:3
2026-07-17 19:40:27.037133008342374080 I [UiProxyUtil.cpp(VirtioTrackpadLoadConfig:563)] trackpad config width:1320 height:2856 resolution:20 touchscreen:1 screenId:4
2026-07-17 19:40:27.038133008342374080 I [teleport_express_pci.c(init_express_driver_names:295)] init_express_driver_names |express_gpu express_bridge express_touchscreen express_mic express_hotplug express_sensor express_camera express_keyboard express_sync express_battery express_motion express_gps |
2026-07-17 19:40:27.038133008342374080 I [express_touchscreen.c(update_touchscreen_prop:313)] express multi touch disabled
2026-07-17 19:40:27.039133007448995520 I [express_gpu_render.c(native_window_thread:1013)] native_window_thread create, index: 0
2026-07-17 19:40:27.053133008342374080 E [HvdInfo.c(GetLayoutConfig:98)] Get layoutConfig before initialization.
2026-07-17 19:40:27.053133008342374080 E [BootParams.cpp(QemuBootParamsAdd:89)] param value null
2026-07-17 19:40:27.053133008342374080 E [HvdInfo.c(GetQemuSubCutoutPath:143)] Get subDisplayCutoutPath before initialization.
2026-07-17 19:40:27.053133008342374080 E [BootParams.cpp(QemuBootParamsAdd:89)] param value null
2026-07-17 19:40:27.053133008342374080 E [HvdInfo.c(GetMainDisplayMode:152)] Get mainDisplayMode before initialization.
2026-07-17 19:40:27.053133008342374080 E [BootParams.cpp(QemuBootParamsAdd:89)] param value null
2026-07-17 19:40:27.053133008342374080 E [HvdInfo.c(GetFullDisplayMode:161)] Get fullDisplayMode before initialization.
2026-07-17 19:40:27.053133008342374080 E [BootParams.cpp(QemuBootParamsAdd:89)] param value null
2026-07-17 19:40:27.053133008342374080 I [vl.c(RunQemuMain:4080)] Qemu Init end
2026-07-17 19:40:27.127133007448995520 E [express_gpu_render.c(glfw_error_callback:1002)] GLFW Error (65543): EGL: Failed to create context: Arguments are inconsistent
2026-07-17 19:40:27.152133007448995520 I [express_gpu_render.c(native_window_create_full:804)] native create window Trinity 0x78f7180a9bf0
2026-07-17 19:40:27.152133007448995520 I [express_gpu_render.c(native_window_thread:1090)] Create glfw main windows.
2026-07-17 19:40:27.152133007448995520 I [express_gpu_render.c(native_window_thread:1120)] window_width:716, window_height:1548, index:0
2026-07-17 19:40:27.153133007448995520 I [egl_window_linux.c(egl_init:228)] EGL initialized with provided display: 1.5
2026-07-17 19:40:27.155133007448995520 I [express_gpu_render.c(init_global_gbuffer_data:859)] register shutdown_notify_callback.
2026-07-17 19:40:27.169133007448995520 I [texture_utils.cpp(check_texture_support_status:260)] GL_COMPRESSED_TEXTURE_FORMATS: etc2 [not all support: 7 vs 10]
2026-07-17 19:40:27.169133007448995520 I [texture_utils.cpp(check_texture_support_status:268)] GL_COMPRESSED_TEXTURE_FORMATS: astc [not all support: 0 vs 28]
2026-07-17 19:40:27.169133007448995520 I [express_gpu_render.c(static_value_prepare:588)] gl vendor:Mesa
2026-07-17 19:40:27.169133007448995520 I [express_gpu_render.c(static_value_prepare:615)] gl version:OpenGL ES 3.0 (4.5 (Core Profile) Mesa 25.0.7-2)
2026-07-17 19:40:27.169133007448995520 I [express_gpu_render.c(static_value_prepare:625)] gl renderer:llvmpipe (LLVM 19.1.7, 256 bits)
2026-07-17 19:40:27.169133007448995520 I [express_gpu_render.c(static_value_prepare:645)] gl shading_language_version:OpenGL ES GLSL ES 3.0
2026-07-17 19:40:27.169133007448995520 I [express_gpu_render.c(static_value_prepare:662)] host gl 45 DSA_enable 0
2026-07-17 19:40:27.170133007448995520 I [express_gpu_render.c(native_window_thread:1192)] native windows inited!
2026-07-17 19:40:27.178133007448995520 I [express_gpu_render.c(native_window_thread:1225)] window render start 0
2026-07-17 19:40:29.935133007486744256 I [express_pipe.c(dev_read:751)] Clean up all existing stale pipes.
2026-07-17 19:40:30.001133007486744256 I [teleport_express_call.c(guest_null_ptr_init:678)] null ptr 133005268691896
2026-07-17 19:40:30.028133007486744256 I [teleport_express.c(teleport_express_output_handle:54)] start handle thread
2026-07-17 19:40:30.038133007486744256 I [express_touchscreen.c(touchscreen_buffer_register:365)] touch register buffer
2026-07-17 19:40:30.050133007486744256 I [express_keyboard.c(keyboard_buffer_register:210)] keyboard register buffer
2026-07-17 19:40:30.056133007486744256 I [express_battery.c(battery_buffer_register:210)] battery register buffer
2026-07-17 19:40:30.056133007486744256 I [express_sync.c(sync_buffer_register:207)] sync register buffer
2026-07-17 19:40:30.059133008073938624 I [express_camera.c(load_camera_device_props:760)] list_cameras: found 0 cameras.
2026-07-17 19:40:30.059133008073938624 E [express_camera.c(load_camera_device_props:769)] load camera thread context not ok
2026-07-17 19:40:30.059133008073938624 I [express_camera.c(get_camera_thread_context:969)] context is null, before thread_context create
2026-07-17 19:40:30.059133008073938624 I [teleport_express_distribute.c(thread_context_create:53)] thread_context_create device_id: 80
2026-07-17 19:40:45.289133007486744256 I [teleport_express_distribute.c(thread_context_create:53)] thread_context_create device_id: 1
2026-07-17 19:40:45.325132994967127744 E [egl_context.c(d_eglCreateContext:50)] real share context is NULL
2026-07-17 19:40:45.326133007448995520 I [egl_window_linux.c(egl_createContext:329)] eglCreateContext: EGLDisplay(181dc670), EGLConfig(181e12f0), EGLContext(181f4530)
2026-07-17 19:40:45.343133007448995520 I [egl_window_linux.c(egl_createContext:329)] eglCreateContext: EGLDisplay(181dc670), EGLConfig(181e12f0), EGLContext(181f4530)
2026-07-17 19:40:45.405133007486744256 I [teleport_express_distribute.c(thread_context_create:53)] thread_context_create device_id: 10
2026-07-17 19:40:45.405132994958735040 I [express_display.c(display_context_init:503)] display_context_init, device_id id: 10
2026-07-17 19:40:45.405132994958735040 I [express_display.c(display_context_init:508)] send_message_to_main_window(MAIN_CREATE_CHILD_WINDOW),index:0
2026-07-17 19:40:45.406133007448995520 I [egl_window_linux.c(egl_createContext:329)] eglCreateContext: EGLDisplay(181dc670), EGLConfig(181e12f0), EGLContext(181f4530)
2026-07-17 19:40:45.446132994958735040 I [express_display.c(display_decode_invoke:361)] screen num: 1
2026-07-17 19:40:45.446132994958735040 I [express_display.c(display_decode_invoke:311)] FUNID_Get_Display_Mods return display[index = 0, screen_id = 0, device_id = 10,                 pixel_width = 1320, pixel_height = 2856]
2026-07-17 19:40:45.446132994958735040 I [express_display.c(display_decode_invoke:347)] Get Display id : 0, power state :0
2026-07-17 19:40:45.446132994958735040 I [express_display.c(display_decode_invoke:370)] device type: 0
2026-07-17 19:40:45.489133008040367808 I [teleport_express_distribute.c(thread_context_create:53)] thread_context_create device_id: 1
2026-07-17 19:40:45.489132994950342336 E [egl_context.c(d_eglCreateContext:50)] real share context is NULL
2026-07-17 19:40:45.489133007448995520 I [egl_window_linux.c(egl_createContext:329)] eglCreateContext: EGLDisplay(181dc670), EGLConfig(181e12f0), EGLContext(181f4530)
2026-07-17 19:40:45.499132994958735040 I [express_display.c(display_decode_invoke:347)] Get Display id : 0, power state :0
2026-07-17 19:40:45.565133007478351552 I [teleport_express_distribute.c(thread_context_create:53)] thread_context_create device_id: 1
2026-07-17 19:40:45.566133007448995520 I [egl_window_linux.c(egl_createContext:329)] eglCreateContext: EGLDisplay(181dc670), EGLConfig(181e12f0), EGLContext(181f4530)
2026-07-17 19:40:45.587133007448995520 W [express_gpu_render.c(handle_child_window_event:504)] slow child_event 2 time spend 21 now_time 1784288445587 queue_size 0
2026-07-17 19:40:45.645133007486744256 I [teleport_express_distribute.c(thread_context_create:53)] thread_context_create device_id: 1
2026-07-17 19:40:45.646133007448995520 I [egl_window_linux.c(egl_createContext:329)] eglCreateContext: EGLDisplay(181dc670), EGLConfig(181e12f0), EGLContext(181f4530)
2026-07-17 19:40:45.750133003057559232 I [teleport_express_distribute.c(thread_context_create:53)] thread_context_create device_id: 40
2026-07-17 19:40:45.750132994585056960 I [express_bridge.c(bridge_socket_listen:117)] listen bridge socket port 10000
2026-07-17 19:40:45.885133003057559232 I [teleport_express_distribute.c(thread_context_create:53)] thread_context_create device_id: 1
2026-07-17 19:40:45.886133007448995520 I [egl_window_linux.c(egl_createContext:329)] eglCreateContext: EGLDisplay(181dc670), EGLConfig(181e12f0), EGLContext(181f4530)
2026-07-17 19:40:45.976133003057559232 I [teleport_express_distribute.c(thread_context_create:53)] thread_context_create device_id: 1
2026-07-17 19:40:45.977133007448995520 I [egl_window_linux.c(egl_createContext:329)] eglCreateContext: EGLDisplay(181dc670), EGLConfig(181e12f0), EGLContext(181f4530)
2026-07-17 19:40:46.013133007478351552 I [teleport_express_distribute.c(thread_context_create:53)] thread_context_create device_id: 1
2026-07-17 19:40:46.013133007448995520 I [egl_window_linux.c(egl_createContext:329)] eglCreateContext: EGLDisplay(181dc670), EGLConfig(181e12f0), EGLContext(181f4530)
2026-07-17 19:40:48.260132994958735040 E [express_display.c(opengl_paint_composer_layers:703)] not support transform_type 8
2026-07-17 19:40:56.560132994958735040 I [express_display.c(display_status_change:777)] Display id: 0 power status : 0 from guest, now_display_status 0.
2026-07-17 19:40:57.338132994958735040 I [express_display.c(display_status_change:777)] Display id: 0 power status : 0 from guest, now_display_status 0.
2026-07-17 19:41:03.136132994576664256 I [express_bridge.c(accept_data_to_guest:244)] input one connect fd 13.
2026-07-17 19:41:04.551133003057559232 I [teleport_express_distribute.c(thread_context_create:53)] thread_context_create device_id: 40
2026-07-17 19:41:10.861133007486744256 I [BootComplete.cpp(BootCompletePipeClientRecv:96)] The image is not build-root.
2026-07-17 19:41:10.861133007486744256 I [BootComplete.cpp(BootCompletePipeClientRecv:82)] guest os boot completed.
2026-07-17 19:41:10.866133014196038656 E [express_camera.c(load_camera_device_props:755)] camera inited
2026-07-17 19:41:10.969133003057559232 I [EmuCommandClient.cpp(CommandClientPipeRecv:38)] command pipe is ready
2026-07-17 19:41:11.843133008040367808 I [ClipboardContent.cpp(ClipboardContentPipeClientRecv:39)] clipboard content pipe is ready
2026-07-17 19:41:19.042132994958735040 I [express_display.c(display_status_change:777)] Display id: 0 power status : 0 from guest, now_display_status 0.
2026-07-17 19:41:19.080132994958735040 I [express_display.c(display_status_change:777)] Display id: 0 power status : 0 from guest, now_display_status 0.
2026-07-17 19:41:19.127132994958735040 I [express_display.c(display_status_change:777)] Display id: 0 power status : 0 from guest, now_display_status 0.
2026-07-17 19:41:19.171132994958735040 I [express_display.c(display_status_change:777)] Display id: 0 power status : 0 from guest, now_display_status 0.
2026-07-17 19:41:53.595132994958735040 I [express_display.c(display_status_change:777)] Display id: 0 power status : 0 from guest, now_display_status 0.
2026-07-17 19:42:20.946132994958735040 I [express_display.c(display_status_change:777)] Display id: 0 power status : 0 from guest, now_display_status 0.
2026-07-17 19:42:21.010132994958735040 I [express_display.c(display_status_change:777)] Display id: 0 power status : 0 from guest, now_display_status 0.
2026-07-17 19:42:21.019132994958735040 I [express_display.c(display_status_change:777)] Display id: 0 power status : 0 from guest, now_display_status 0.
2026-07-17 19:42:21.083132994958735040 I [express_display.c(display_status_change:777)] Display id: 0 power status : 0 from guest, now_display_status 0.
2026-07-17 19:43:12.182132994958735040 I [express_display.c(display_status_change:777)] Display id: 0 power status : 0 from guest, now_display_status 0.
2026-07-17 19:43:37.297132994958735040 I [express_display.c(display_status_change:777)] Display id: 0 power status : 0 from guest, now_display_status 0.
2026-07-17 19:43:37.335132994958735040 I [express_display.c(display_status_change:777)] Display id: 0 power status : 0 from guest, now_display_status 0.
2026-07-17 19:43:37.372132994958735040 I [express_display.c(display_status_change:777)] Display id: 0 power status : 0 from guest, now_display_status 0.
2026-07-17 19:43:37.409132994958735040 I [express_display.c(display_status_change:777)] Display id: 0 power status : 0 from guest, now_display_status 0.
2026-07-17 19:45:01.065132994967127744 W [glv3_texture.c(d_glTexImage2D_without_bound:105)] pixels is NULL
2026-07-17 19:45:01.092132994967127744 W [glv3_texture.c(d_glTexImage2D_without_bound:105)] pixels is NULL
2026-07-17 19:45:01.143132994958735040 I [express_display.c(display_status_change:777)] Display id: 0 power status : 0 from guest, now_display_status 0.
2026-07-17 19:45:26.370132994958735040 I [express_display.c(display_status_change:777)] Display id: 0 power status : 0 from guest, now_display_status 0.
2026-07-17 19:45:26.420132994958735040 I [express_display.c(display_status_change:777)] Display id: 0 power status : 0 from guest, now_display_status 0.
2026-07-17 19:45:26.456132994958735040 I [express_display.c(display_status_change:777)] Display id: 0 power status : 0 from guest, now_display_status 0.
2026-07-17 19:45:26.493132994958735040 I [express_display.c(display_status_change:777)] Display id: 0 power status : 0 from guest, now_display_status 0.
2026-07-17 19:45:29.198132994958735040 I [express_display.c(display_status_change:777)] Display id: 0 power status : 0 from guest, now_display_status 0.
2026-07-17 19:45:30.141133007448995520 W [express_gpu_render.c(handle_child_window_event:504)] slow child_event 1 time spend 31 now_time 1784288730141 queue_size 0
2026-07-17 19:45:34.009133007486744256 I [teleport_express_distribute.c(thread_context_create:53)] thread_context_create device_id: 1
2026-07-17 19:45:34.028132996022974144 E [egl_context.c(d_eglCreateContext:50)] real share context is NULL
2026-07-17 19:45:34.029133007448995520 I [egl_window_linux.c(egl_createContext:329)] eglCreateContext: EGLDisplay(181dc670), EGLConfig(181e12f0), EGLContext(181f4530)
2026-07-17 19:45:34.089133007448995520 W [express_gpu_render.c(handle_child_window_event:504)] slow child_event 2 time spend 59 now_time 1784288734089 queue_size 0
2026-07-17 19:45:34.089132996022974144 I [egl_window_linux.c(destroy_context:73)] destroy context.
2026-07-17 19:46:32.685132994967127744 I [glv3_resource.c(d_glDeleteBuffers:869)] gldelete buffers of id 139
2026-07-17 19:46:32.685132994967127744 I [glv3_resource.c(d_glDeleteBuffers:869)] gldelete buffers of id 140
2026-07-17 19:46:34.270132994967127744 W [glv3_texture.c(d_glTexImage2D_without_bound:105)] pixels is NULL
2026-07-17 19:46:34.270132994967127744 W [glv3_texture.c(d_glTexImage2D_without_bound:105)] pixels is NULL
2026-07-17 19:46:34.271132994967127744 W [glv3_texture.c(d_glTexImage2D_without_bound:105)] pixels is NULL
2026-07-17 19:46:34.271132994967127744 W [glv3_texture.c(d_glTexImage2D_without_bound:105)] pixels is NULL
2026-07-17 19:46:34.272132994967127744 W [glv3_texture.c(d_glTexImage2D_without_bound:105)] pixels is NULL
2026-07-17 19:46:34.272132994967127744 W [glv3_texture.c(d_glTexImage2D_without_bound:105)] pixels is NULL
2026-07-17 19:46:34.273132994967127744 W [glv3_texture.c(d_glTexImage2D_without_bound:105)] pixels is NULL
2026-07-17 19:46:34.274132994967127744 W [glv3_texture.c(d_glTexImage2D_without_bound:105)] pixels is NULL
2026-07-17 19:46:57.542132994958735040 I [express_display.c(display_status_change:777)] Display id: 0 power status : 0 from guest, now_display_status 0.
2026-07-17 19:46:57.579132994958735040 I [express_display.c(display_status_change:777)] Display id: 0 power status : 0 from guest, now_display_status 0.
2026-07-17 19:46:57.616132994958735040 I [express_display.c(display_status_change:777)] Display id: 0 power status : 0 from guest, now_display_status 0.
2026-07-17 19:46:57.652132994958735040 I [express_display.c(display_status_change:777)] Display id: 0 power status : 0 from guest, now_display_status 0.
