BUILD_STARTED_AT=2026-07-17T17:00:22+08:00
WORKING_DIRECTORY=/home/worker/work/base/netbird-harmonyos/spikes/r1-api24-hap
COMMAND=rm -rf entry/libs/x86_64; hvigorw clean; hvigorw assembleHap entry@default; hvigorw assembleHap entry@ohosTest
> hvigor [32mFinished :entry:clean... after 60 ms [39m
> hvigor [32mBUILD SUCCESSFUL in 2 s 203 ms [39m
> hvigor [32mUP-TO-DATE :entry:default@PreBuild...  [39m
> hvigor [32mFinished :entry:default@CreateModuleInfo... after 2 ms [39m
> hvigor [32mFinished :entry:default@GenerateMetadata... after 4 ms [39m
> hvigor [32mFinished :entry:default@ConfigureCmake... after 49 ms [39m
> hvigor [32mFinished :entry:default@MergeProfile... after 6 ms [39m
> hvigor [32mFinished :entry:default@CreateBuildProfile... after 3 ms [39m
> hvigor [32mFinished :entry:default@PreCheckSyscap... after 1 ms [39m
> hvigor [32mFinished :entry:default@GeneratePkgContextInfo... after 6 ms [39m
> hvigor [32mFinished :entry:default@GeneratePkgSdkInfo... after 4 ms [39m
> hvigor [32mFinished :entry:default@ProcessIntegratedHsp... after 2 ms [39m
> hvigor [32mFinished :entry:default@MakePackInfo... after 4 ms [39m
> hvigor [32mFinished :entry:default@SyscapTransform... after 17 ms [39m
> hvigor [32mFinished :entry:default@ProcessProfile... after 69 ms [39m
> hvigor [32mFinished :entry:default@ProcessRouterMap... after 4 ms [39m
> hvigor [32mFinished :entry:default@ProcessShareConfig... after 2 ms [39m
> hvigor [32mFinished :entry:default@ProcessStartupConfig... after 2 ms [39m
> hvigor [32mFinished :entry:default@ProcessResource... after 3 ms [39m
> hvigor [32mFinished :entry:default@GenerateLoaderJson... after 9 ms [39m
> hvigor [32mFinished :entry:default@CompileResource... after 120 ms [39m
> hvigor [32mFinished :entry:default@BuildJS... after 2 ms [39m
> hvigor [32mFinished :entry:default@BuildNativeWithCmake... after 4 s 937 ms [39m
> hvigor [32mFinished :entry:default@BuildNativeWithNinja... after 116 ms [39m
> hvigor [32mFinished :entry:default@ProcessLibs... after 336 ms [39m
> hvigor [32mFinished :entry:default@DoNativeStrip... after 83 ms [39m
> hvigor [32mFinished :entry:default@CacheNativeLibs... after 7 ms [39m
> hvigor [32mFinished :entry:default@CompileArkTS... after 6 s 407 ms [39m
> hvigor [32mFinished :entry:default@GeneratePkgModuleJson... after 4 ms [39m
> hvigor [32mFinished :entry:default@ProcessCompiledResources... after 1 ms [39m
> hvigor [32mFinished :entry:default@PackageHap... after 479 ms [39m
> hvigor [32mFinished :entry:default@PackingCheck... after 6 ms [39m
> hvigor [33mWARN: No signingConfig found for product default[39m
> hvigor [32mFinished :entry:default@SignHap... after 3 ms [39m
> hvigor [32mFinished :entry:default@CollectDebugSymbol... after 2 ms [39m
> hvigor [32mFinished :entry:assembleHap... after 1 ms [39m
> hvigor [32mBUILD SUCCESSFUL in 11 s 426 ms [39m
> hvigor [32mUP-TO-DATE :entry:ohosTest@PreBuild...  [39m
> hvigor [32mFinished :entry:ohosTest@CreateModuleInfo... after 2 ms [39m
> hvigor [32mFinished :entry:ohosTest@GenerateMetadata... after 4 ms [39m
> hvigor [32mFinished :entry:ohosTest@ConfigureCmake... after 1 ms [39m
> hvigor [32mFinished :entry:ohosTest@MergeProfile... after 9 ms [39m
> hvigor [32mFinished :entry:ohosTest@CreateBuildProfile... after 3 ms [39m
> hvigor [32mFinished :entry:ohosTest@PreCheckSyscap... after 1 ms [39m
> hvigor [32mFinished :entry:ohosTest@GeneratePkgContextInfo... after 9 ms [39m
> hvigor [32mFinished :entry:ohosTest@GeneratePkgSdkInfo... after 3 ms [39m
> hvigor [32mFinished :entry:ohosTest@ProcessIntegratedHsp... after 1 ms [39m
> hvigor [32mFinished :entry:ohosTest@BuildNativeWithCmake... after 1 ms [39m
> hvigor [32mFinished :entry:ohosTest@MakePackInfo... after 4 ms [39m
> hvigor [32mFinished :entry:ohosTest@SyscapTransform... after 15 ms [39m
> hvigor [32mFinished :entry:ohosTest@ProcessProfile... after 66 ms [39m
> hvigor [32mFinished :entry:ohosTest@ProcessRouterMap... after 3 ms [39m
> hvigor [32mFinished :entry:ohosTest@ProcessShareConfig... after 3 ms [39m
> hvigor [32mFinished :entry:ohosTest@ProcessStartupConfig... after 2 ms [39m
> hvigor [32mFinished :entry:ohosTest@BuildNativeWithNinja... after 1 ms [39m
> hvigor [32mFinished :entry:ohosTest@ProcessResource... after 7 ms [39m
> hvigor [32mFinished :entry:ohosTest@GenerateLoaderJson... after 8 ms [39m
> hvigor [32mFinished :entry:ohosTest@ProcessLibs... after 7 ms [39m
> hvigor [32mFinished :entry:ohosTest@CompileResource... after 149 ms [39m
> hvigor [32mFinished :entry:ohosTest@DoNativeStrip... after 3 ms [39m
> hvigor [32mFinished :entry:ohosTest@OhosTestBuildJS... after 2 ms [39m
> hvigor [32mFinished :entry:ohosTest@CacheNativeLibs... after 9 ms [39m
> hvigor [32mFinished :entry:ohosTest@OhosTestCompileArkTS... after 6 s 364 ms [39m
> hvigor [32mFinished :entry:ohosTest@OhosTestCopyMockConfigJson... after 2 ms [39m
> hvigor [32mFinished :entry:ohosTest@GeneratePkgModuleJson... after 4 ms [39m
> hvigor [32mFinished :entry:ohosTest@ProcessCompiledResources... after 1 ms [39m
> hvigor [32mFinished :entry:ohosTest@PackageHap... after 462 ms [39m
> hvigor [32mFinished :entry:ohosTest@PackingCheck... after 5 ms [39m
> hvigor [33mWARN: No signingConfig found for product default[39m
> hvigor [32mFinished :entry:ohosTest@SignHap... after 3 ms [39m
> hvigor [32mFinished :entry:ohosTest@CollectDebugSymbol... after 2 ms [39m
> hvigor [32mFinished :entry:assembleHap... after 1 ms [39m
> hvigor [32mBUILD SUCCESSFUL in 11 s 363 ms [39m
08c7e5e21bcfa58bcef7a8cd8874a480551d69c36beed63bfdfef979080a49c6  entry/build/default/outputs/default/entry-default-unsigned.hap
07700c305314e20fc69bcb14c3a307354415957c6f8f47e034cb0bef093eaa67  entry/build/default/outputs/ohosTest/entry-ohosTest-unsigned.hap
BUILD_ENDED_AT=2026-07-17T17:00:50+08:00
BUILD_VERDICT=pass
