STOP_STARTED_AT=2026-07-17T21:41:29+08:00
$ /home/worker/harmonyos/command-line-tools/26.0.0.461/bin/Emulator -stop netbird_api24_tablet
Stop emulator netbird_api24_tablet successfully
STOP_FINISHED_AT=2026-07-17T21:41:36+08:00
EMULATOR_PANE_DEAD=true
EMULATOR_PANE_EXIT_STATUS=0
INSTANCE_RUNNING=false
TMUX_SESSION_NETBIRD_API24_TABLET_RUN_PRESENT=false
TMUX_SESSION_NETBIRD_API24_TABLET_INSTALL_PRESENT=false
FINAL_CHECKED_AT=2026-07-17T21:45:06+08:00
TARGET_EMULATOR_QEMU_HDC_PROCESSES=none
TARGET_PORT_10002_LISTENERS=none
HDC_SERVER_PORT_8710_LISTENERS=none
HAP_SENT=false
HAP_INSTALLED=false
E3_REPLAY_EXECUTED=false
SYSTEM_IMAGE_MODIFIED=false
SYSTEM_PERMISSION_MODIFIED=false
SYSTEM_DEBUG_ENTERPRISE_BYPASS_USED=false
OFFICIAL_IMAGE_PRESERVED=/home/worker/harmonyos/emulator-images/system-image/HarmonyOS-6.1.1/tablet_x86/
INSTANCE_PRESERVED=/home/worker/harmonyos/emulator-instances/netbird_api24_tablet
