$ /home/worker/harmonyos/command-line-tools/6.1.1.290/bin/hvigorw clean --mode module -p product=default -p module=entry@default -p buildMode=debug --no-daemon
> hvigor [32mFinished :entry:clean... after 53 ms [39m
> hvigor [32mBUILD SUCCESSFUL in 2 s 261 ms [39m
$ /home/worker/harmonyos/command-line-tools/6.1.1.290/bin/hvigorw assembleHap --mode module -p product=default -p module=entry@default -p buildMode=debug --no-daemon
> hvigor [32mUP-TO-DATE :entry:default@PreBuild...  [39m
> hvigor [32mFinished :entry:default@CreateModuleInfo... after 2 ms [39m
> hvigor [32mFinished :entry:default@GenerateMetadata... after 5 ms [39m
> hvigor [32mFinished :entry:default@ConfigureCmake... after 50 ms [39m
> hvigor [32mFinished :entry:default@MergeProfile... after 6 ms [39m
> hvigor [32mFinished :entry:default@CreateBuildProfile... after 3 ms [39m
> hvigor [32mFinished :entry:default@PreCheckSyscap... after 1 ms [39m
> hvigor [32mFinished :entry:default@GeneratePkgContextInfo... after 6 ms [39m
> hvigor [32mFinished :entry:default@GeneratePkgSdkInfo... after 3 ms [39m
> hvigor [32mFinished :entry:default@ProcessIntegratedHsp... after 1 ms [39m
> hvigor [32mFinished :entry:default@MakePackInfo... after 4 ms [39m
> hvigor [32mFinished :entry:default@SyscapTransform... after 14 ms [39m
> hvigor [32mFinished :entry:default@ProcessProfile... after 78 ms [39m
> hvigor [32mFinished :entry:default@ProcessRouterMap... after 3 ms [39m
> hvigor [32mFinished :entry:default@ProcessShareConfig... after 2 ms [39m
> hvigor [32mFinished :entry:default@ProcessStartupConfig... after 2 ms [39m
> hvigor [32mFinished :entry:default@ProcessResource... after 3 ms [39m
> hvigor [32mFinished :entry:default@GenerateLoaderJson... after 9 ms [39m
> hvigor [32mFinished :entry:default@CompileResource... after 123 ms [39m
> hvigor [32mFinished :entry:default@BuildJS... after 3 ms [39m
> hvigor [32mFinished :entry:default@BuildNativeWithCmake... after 6 s 446 ms [39m
> hvigor [32mFinished :entry:default@BuildNativeWithNinja... after 179 ms [39m
> hvigor [32mFinished :entry:default@ProcessLibs... after 357 ms [39m
> hvigor [32mFinished :entry:default@DoNativeStrip... after 109 ms [39m
> hvigor [32mFinished :entry:default@CacheNativeLibs... after 8 ms [39m
> hvigor [32mFinished :entry:default@CompileArkTS... after 6 s 814 ms [39m
> hvigor [32mFinished :entry:default@GeneratePkgModuleJson... after 4 ms [39m
> hvigor [32mFinished :entry:default@ProcessCompiledResources... after 1 ms [39m
> hvigor [32mFinished :entry:default@PackageHap... after 468 ms [39m
> hvigor [32mFinished :entry:default@PackingCheck... after 5 ms [39m
> hvigor [33mWARN: No signingConfig found for product default[39m
> hvigor [32mFinished :entry:default@SignHap... after 3 ms [39m
> hvigor [32mFinished :entry:default@CollectDebugSymbol... after 2 ms [39m
> hvigor [32mFinished :entry:assembleHap... after 1 ms [39m
> hvigor [32mBUILD SUCCESSFUL in 11 s 841 ms [39m
