ID: 100:
	cn.alfadb.netbird.e3vpna
	com.huawei.emulatormultiscreen
	com.huawei.hmos.arkwebcore
	com.huawei.hmos.browser
	com.huawei.hmos.calendar
	com.huawei.hmos.calendardata
	com.huawei.hmos.filemanager
	com.huawei.hmos.files
	com.huawei.hmos.fontinstaller
	com.huawei.hmos.fusionawareness
	com.huawei.hmos.health.core
	com.huawei.hmos.hipreview
	com.huawei.hmos.inputmethod
	com.huawei.hmos.instantshare
	com.huawei.hmos.location
	com.huawei.hmos.mediacontroller
	com.huawei.hmos.parentcontrol
	com.huawei.hmos.photos
	com.huawei.hmos.projectmenu
	com.huawei.hmos.screenreader
	com.huawei.hmos.screenrecorder
	com.huawei.hmos.screenshot
	com.huawei.hmos.security.privacycenter
	com.huawei.hmos.settings
	com.huawei.hmos.spooler
	com.huawei.hmos.superhub
	com.huawei.hmos.systemmanagerform
	com.huawei.hmos.useriam.idmwidget
	com.huawei.hms.adsservice
	com.huawei.hms.floatingnavigation
	com.huawei.hms.huaweiid
	com.huawei.hms.mapservice
	com.huawei.hms.musicservice
	com.huawei.hms.pushservice
	com.huawei.hms.scanservice
	com.huawei.hmsapp.appgallery
	com.huawei.hmsapp.hiai
	com.huawei.hmsapp.intelligent
	com.huawei.hmsapp.samplemanagement
	com.huawei.msdp.antimisoperation
	com.huawei.msdp.hmringgenerator
	com.ohos.UserFile.ExternalFileManager
	com.ohos.amsdialog
	com.ohos.backgroundtaskmgr.resources
	com.ohos.certmanager
	com.ohos.commondialog
	com.ohos.contacts
	com.ohos.contactsdataability
	com.ohos.devicemanagerui
	com.ohos.dlpmanager
	com.ohos.formrenderservice
	com.ohos.inputmethodchoosedialog
	com.ohos.medialibrary.medialibrarydata
	com.ohos.notificationdialog
	com.ohos.pasteboarddialog
	com.ohos.permissionmanager
	com.ohos.powerdialog
	com.ohos.ringtonelibrary.ringtonelibrarydata
	com.ohos.sceneboard
	com.ohos.settingsdata
	com.ohos.useriam.authwidget
	com.usb.right
	ohos.global.systemres
