$ /home/worker/harmonyos/command-line-tools/26.0.0.461/bin/Emulator -start netbird_api24_2in1 -instancePath /home/worker/harmonyos/emulator-instances -imageRoot /home/worker/harmonyos/emulator-images -bootMode coldboot -noWindow -hdcPort 10001
QStandardPaths: XDG_RUNTIME_DIR not set, defaulting to '/tmp/runtime-worker'
QStandardPaths: XDG_RUNTIME_DIR not set, defaulting to '/tmp/runtime-worker'
audio: Could not init `pa' audio driver
audio: warning: Using timer based audio emulation
Emulator: warning: host doesn't support requested feature: CPUID.07H:EBX.hle [bit 4]
Emulator: warning: host doesn't support requested feature: CPUID.07H:EBX.rtm [bit 11]
Emulator: warning: host doesn't support requested feature: CPUID.07H:EBX.rdseed [bit 18]
Emulator: warning: host doesn't support requested feature: CPUID.07H:EBX.adx [bit 19]
Emulator: warning: host doesn't support requested feature: CPUID.07H:EBX.smap [bit 20]
Emulator: warning: host doesn't support requested feature: CPUID.07H:EBX.hle [bit 4]
Emulator: warning: host doesn't support requested feature: CPUID.07H:EBX.rtm [bit 11]
Emulator: warning: host doesn't support requested feature: CPUID.07H:EBX.rdseed [bit 18]
Emulator: warning: host doesn't support requested feature: CPUID.07H:EBX.adx [bit 19]
Emulator: warning: host doesn't support requested feature: CPUID.07H:EBX.smap [bit 20]
Emulator: warning: host doesn't support requested feature: CPUID.07H:EBX.hle [bit 4]
Emulator: warning: host doesn't support requested feature: CPUID.07H:EBX.rtm [bit 11]
Emulator: warning: host doesn't support requested feature: CPUID.07H:EBX.rdseed [bit 18]
Emulator: warning: host doesn't support requested feature: CPUID.07H:EBX.adx [bit 19]
Emulator: warning: host doesn't support requested feature: CPUID.07H:EBX.smap [bit 20]
Emulator: warning: host doesn't support requested feature: CPUID.07H:EBX.hle [bit 4]
Emulator: warning: host doesn't support requested feature: CPUID.07H:EBX.rtm [bit 11]
Emulator: warning: host doesn't support requested feature: CPUID.07H:EBX.rdseed [bit 18]
Emulator: warning: host doesn't support requested feature: CPUID.07H:EBX.adx [bit 19]
Emulator: warning: host doesn't support requested feature: CPUID.07H:EBX.smap [bit 20]
