$ /home/worker/harmonyos/command-line-tools/6.1.1.290/bin/hvigorw clean --mode module -p product=default -p module=entry@default -p buildMode=debug --no-daemon
> hvigor [32mFinished :entry:clean... after 45 ms [39m
> hvigor [32mBUILD SUCCESSFUL in 2 s 205 ms [39m
$ /home/worker/harmonyos/command-line-tools/6.1.1.290/bin/hvigorw assembleHap --mode module -p product=default -p module=entry@default -p buildMode=debug --no-daemon
> hvigor [32mUP-TO-DATE :entry:default@PreBuild...  [39m
> hvigor [32mFinished :entry:default@CreateModuleInfo... after 2 ms [39m
> hvigor [32mFinished :entry:default@GenerateMetadata... after 5 ms [39m
> hvigor [32mFinished :entry:default@ConfigureCmake... after 58 ms [39m
> hvigor [32mFinished :entry:default@MergeProfile... after 9 ms [39m
> hvigor [32mFinished :entry:default@CreateBuildProfile... after 4 ms [39m
> hvigor [32mFinished :entry:default@PreCheckSyscap... after 1 ms [39m
> hvigor [32mFinished :entry:default@GeneratePkgContextInfo... after 9 ms [39m
> hvigor [32mFinished :entry:default@GeneratePkgSdkInfo... after 5 ms [39m
> hvigor [32mFinished :entry:default@ProcessIntegratedHsp... after 2 ms [39m
> hvigor [32mFinished :entry:default@MakePackInfo... after 4 ms [39m
> hvigor [32mFinished :entry:default@SyscapTransform... after 15 ms [39m
> hvigor [32mFinished :entry:default@ProcessProfile... after 65 ms [39m
> hvigor [32mFinished :entry:default@ProcessRouterMap... after 3 ms [39m
> hvigor [32mFinished :entry:default@ProcessShareConfig... after 2 ms [39m
> hvigor [32mFinished :entry:default@ProcessStartupConfig... after 2 ms [39m
> hvigor [32mFinished :entry:default@ProcessResource... after 3 ms [39m
> hvigor [32mFinished :entry:default@GenerateLoaderJson... after 8 ms [39m
> hvigor [32mFinished :entry:default@CompileResource... after 121 ms [39m
> hvigor [32mFinished :entry:default@BuildJS... after 2 ms [39m
> hvigor [32mFinished :entry:default@BuildNativeWithCmake... after 6 s 846 ms [39m
> hvigor [32mFinished :entry:default@BuildNativeWithNinja... after 167 ms [39m
> hvigor [32mFinished :entry:default@ProcessLibs... after 669 ms [39m
> hvigor [32mFinished :entry:default@DoNativeStrip... after 87 ms [39m
> hvigor [32mFinished :entry:default@CacheNativeLibs... after 7 ms [39m
> hvigor [32mFinished :entry:default@CompileArkTS... after 6 s 878 ms [39m
> hvigor [32mFinished :entry:default@GeneratePkgModuleJson... after 3 ms [39m
> hvigor [32mFinished :entry:default@ProcessCompiledResources... after 1 ms [39m
> hvigor [32mFinished :entry:default@PackageHap... after 452 ms [39m
> hvigor [32mFinished :entry:default@PackingCheck... after 5 ms [39m
> hvigor [33mWARN: No signingConfig found for product default[39m
> hvigor [32mFinished :entry:default@SignHap... after 3 ms [39m
> hvigor [32mFinished :entry:default@CollectDebugSymbol... after 2 ms [39m
> hvigor [32mFinished :entry:assembleHap... after 1 ms [39m
> hvigor [32mBUILD SUCCESSFUL in 11 s 783 ms [39m
