$ bash /home/worker/work/base/netbird-harmonyos/spikes/n1a-native-dataplane/build.sh
[n1a-build] boringtun-0.7.1.crate sha256 OK: 15dd6a8a89cbe8997f37ca0cf035e6ea4d64cd2ecea4aed83ffb9f99f7126939
[n1a-build] Cargo.lock boringtun checksum OK: 15dd6a8a89cbe8997f37ca0cf035e6ea4d64cd2ecea4aed83ffb9f99f7126939
[n1a-build] cargo build --release --target x86_64-unknown-linux-ohos (linker=/home/worker/harmonyos/command-line-tools/6.1.1.290/sdk/default/openharmony/native/llvm/bin/x86_64-unknown-linux-ohos-clang, ar=/home/worker/harmonyos/command-line-tools/6.1.1.290/sdk/default/openharmony/native/llvm/bin/llvm-ar)
    Finished `release` profile [optimized] target(s) in 0.07s
[n1a-build] cargo build --release --target aarch64-unknown-linux-ohos (linker=/home/worker/harmonyos/command-line-tools/6.1.1.290/sdk/default/openharmony/native/llvm/bin/aarch64-unknown-linux-ohos-clang, ar=/home/worker/harmonyos/command-line-tools/6.1.1.290/sdk/default/openharmony/native/llvm/bin/llvm-ar)
    Finished `release` profile [optimized] target(s) in 0.07s
[n1a-build] clang++ overlay -> /home/worker/work/base/netbird-harmonyos/spikes/n1a-native-dataplane/out/x86_64/libentry.so (x86_64-unknown-linux-ohos)
[n1a-build] clang++ overlay -> /home/worker/work/base/netbird-harmonyos/spikes/n1a-native-dataplane/out/aarch64/libentry.so (aarch64-unknown-linux-ohos)
[n1a-build] ELF OK: /home/worker/work/base/netbird-harmonyos/spikes/n1a-native-dataplane/out/x86_64/libentry.so (x86-64, NEEDED has no libc.so.6)
[n1a-build] ELF OK: /home/worker/work/base/netbird-harmonyos/spikes/n1a-native-dataplane/out/aarch64/libentry.so (ARM aarch64, NEEDED has no libc.so.6)
[n1a-build] ELF OK: /home/worker/work/base/netbird-harmonyos/spikes/n1a-native-dataplane/target/x86_64-unknown-linux-ohos/release/libn1acore.so (x86-64, NEEDED has no libc.so.6)
[n1a-build] ELF OK: /home/worker/work/base/netbird-harmonyos/spikes/n1a-native-dataplane/target/aarch64-unknown-linux-ohos/release/libn1acore.so (ARM aarch64, NEEDED has no libc.so.6)
[n1a-build] symbols OK: /home/worker/work/base/netbird-harmonyos/spikes/n1a-native-dataplane/out/x86_64/libentry.so (n1a_* C ABI + full BoringTun data-plane C ABI)
[n1a-build] symbols OK: /home/worker/work/base/netbird-harmonyos/spikes/n1a-native-dataplane/out/aarch64/libentry.so (n1a_* C ABI + full BoringTun data-plane C ABI)
[n1a-build] artifact sha256:
[n1a-build]   7725d9fccec9253789f5c05c6344db2e58381db0f9a342904adb4f349bc3dc5b  /home/worker/work/base/netbird-harmonyos/spikes/n1a-native-dataplane/out/x86_64/libentry.so
[n1a-build]   ee2ad39cf710893d7dea0ed0fc545b1068445fdd7a1f0b07b23bd2b33a032824  /home/worker/work/base/netbird-harmonyos/spikes/n1a-native-dataplane/out/aarch64/libentry.so
[n1a-build]   7725d9fccec9253789f5c05c6344db2e58381db0f9a342904adb4f349bc3dc5b  /home/worker/work/base/netbird-harmonyos/spikes/n1a-native-dataplane/out/hap-snapshot/x86_64/libentry.so
[n1a-build]   415426b901bbbb550ea7f967dcd25cd700ea93b5c5848aff7174e133b48e9200  /home/worker/work/base/netbird-harmonyos/spikes/n1a-native-dataplane/out/hap-snapshot/x86_64/libn1acore.a
[n1a-build]   9f60d67cad5615630d5a112588f5bf68085786674228f757b3325da74a60a0e5  /home/worker/work/base/netbird-harmonyos/spikes/n1a-native-dataplane/out/hap-snapshot/x86_64/libn1acore.so
[n1a-build] hap-snapshot identity OK (byte-identical)
[n1a-build] build OK
[n1a-build] artifacts:
[n1a-build]   /home/worker/work/base/netbird-harmonyos/spikes/n1a-native-dataplane/out/x86_64/libentry.so        (x86_64 overlay, Emulator gate ABI)
[n1a-build]   /home/worker/work/base/netbird-harmonyos/spikes/n1a-native-dataplane/out/aarch64/libentry.so       (aarch64 overlay, cross-compile only)
[n1a-build]   /home/worker/work/base/netbird-harmonyos/spikes/n1a-native-dataplane/out/hap-snapshot/x86_64/      (libentry.so + libn1acore.a + libn1acore.so)
