CST 2026-08-10 01:54:44.683  2470  2470 I A00000/moduleframework: [a92ab9bee290be8, c74b51, 3e75d8] getStringByNameSync error: {"code":"9001003"}
CST 2026-08-10 01:54:44.683  2470  2470 I A00000/moduleframework: [a92ab9bee290be8, c74b51, 3e75d8] hspInfo.name: sdkFacade
CST 2026-08-10 01:54:44.694  2470  2470 I A00000/moduleframework: [a92ab9bee290be8, 136ef1c, 31a0dac] getStringByNameSync error: {"code":"9001003"}
CST 2026-08-10 01:54:44.694  2470  2470 I A00000/moduleframework: [a92ab9bee290be8, 136ef1c, 31a0dac] hspInfo.name: upgrade
CST 2026-08-10 01:54:44.697  1581  1753 W A01b00/SCB: GraphicUtils --> combinePic from HdsIcon, bundleName: com.huawei.hmos.arkwebcore, iconSizeOfGrid: 64, hasBorder: true
CST 2026-08-10 01:54:44.697  1581  1753 I A01b00/SCB: IconResourceFwk --> getBundleIcon end param: com.huawei.hmos.arkwebcore, 64, true true
CST 2026-08-10 01:54:44.705  2470  2470 I A00000/moduleframework: [a92ab9bee290be8, 39b304b, ab6794] configContent: #src/main/ets/impl/upgrademanager/commonevent/event/PackageChangedStaticEvent
CST 2026-08-10 01:54:44.705  2470  2470 I A00000/moduleframework: [a92ab9bee290be8, 39b304b, ab6794] hspInfo.name: userInfo
CST 2026-08-10 01:54:44.708  1581  1581 I A01b0a/GESTURE: GestureDockPreferenceUtil --> getDockApps appEventListener: launcher.event.EVENT_REQUEST_RECOMMEND_FORM_ADD, params: cn.alfadb.netbird.r1probe
CST 2026-08-10 01:54:44.708  1581  1581 I A01b0a/GESTURE: GestureDockPreferenceUtil --> getRecentDockList
CST 2026-08-10 01:54:44.708  1581  1581 I A01b01/HOME: AppModel: currentBundleInfoList length: 7
CST 2026-08-10 01:54:44.712  1581  1581 E A01b0a/GESTURE: GestureDockActionAbilityStrategy --> expandDataByStrategy error, code: 17700003, msg: BusinessError 17700003: The specified ability is not found.
CST 2026-08-10 01:54:44.712  1581  1581 I A01b0a/GESTURE: GestureDockActionAbilityStrategy --> expandDataByStrategy end
CST 2026-08-10 01:54:44.712  1581  1581 I A01b0a/GESTURE: GestureDockPreferenceUtil --> recentApp length:1
CST 2026-08-10 01:54:44.712  1581  1581 I A01b00/SCB: IconResourceManager: getAppName from cache params:50331648,**.hmos.settings,, cached name is Settings
CST 2026-08-10 01:54:44.712  1581  1581 I A01b00/SCB: ASCFWindowManagerListener: appEventListener: launcher.event.EVENT_REQUEST_RECOMMEND_FORM_ADD, params: cn.alfadb.netbird.r1probe
CST 2026-08-10 01:54:44.712  1581  1581 I A01b00/SCB: ASCFWindowManager: updateWindowModePreference: 3
CST 2026-08-10 01:54:44.714  1581  1581 W A01b01/HOME: AppModel: appInstall appAddedOrUpdated end bundleType:
CST 2026-08-10 01:54:44.714  1581  1581 I A01b00/SCB: LauncherAbilityManagerBasic --> getAppInfoByBundleName Settings
CST 2026-08-10 01:54:44.714  1581  1581 I A01b01/HOME: appInstall_CacheManager --> updateNewInstalledApp: {"appIconId":16777222,"bundleName":"cn.alfadb.netbird.r1probe","abilityName":"EntryAbility","appIndex":0,"shortcutId":"","downloadProgress":0,"appName":"R1 API 24 Probe","oldBundleNames":[],"isAppLocked":false,"appDistributionType":"none","appInstanceKey":"","hashCode":"aee5f21a-bf4d-4bfa-807a-b5cfe2a32412_1786298084150","isSystemApp":false,"isUninstallAble":true,"applicationIconId":16777222,"appLabelId":16777219,"applicationLabelId":16777219,"codePath":"/data/app/el1/bundle/public/cn.alfadb.netbird.r1probe","kindId":-1,"moduleName":"entry","installSource":"unknown","installTime":"Mon Aug 10 2026 01:54:43 GMT+0800","areaType":2,"bundleType":0,"appStatus":0,"keyName":"cn.alfadb.netbird.r1probeEntryAbilityentry0","typeId":0}
CST 2026-08-10 01:54:44.714  1581  1581 I A01b01/HOME: BaseLayoutCacheManager: getAllGridLayoutItemList from basic desktop, size: 4
CST 2026-08-10 01:54:44.714  1581  1581 I A01b01/HOME: ResidentLayoutCacheMgr: getAppTypeItem::getDockItemByBundleName: not find in dock
CST 2026-08-10 01:54:44.714  1581  1581 E A01b01/HOME: appInstall_CacheManager --> updateNewInstalledApp can not find app[cn.alfadb.netbird.r1probe] in cache
CST 2026-08-10 01:54:44.714  1581  1581 W A01b01/HOME: PageInfoManager: getHomePageIndex dbIndex: 0
CST 2026-08-10 01:54:44.715  1581  1581 I A01b01/HOME: SCBBlankPositionUtils --> findBlankPosition from[1] -> to[18]
CST 2026-08-10 01:54:44.715  1581  1581 I A01b01/HOME: SCBBlankPositionUtils --> findBlankPositionPage page:1 row:0 column:0 result: true
CST 2026-08-10 01:54:44.715  1581  1581 W A01b01/HOME: GridLayoutUtil: buildGridLayoutInfoFromItemInfo item cn.alfadb.netbird.r1probe infoId a9bc56c0-aba2-4e57-bf31-3570b8034c8d
CST 2026-08-10 01:54:44.715  1581  1581 I A01b00/SCB: IconResourceManager: getAppNameWithCallback success from memoryCache, cachedAppName:R1 API 24 Probe, params:**.netbird.r1probe,entry,16777219,0
CST 2026-08-10 01:54:44.715  1581  1581 I A01b01/HOME: BaseLayoutCacheManager: insertGridLayoutItemInfo item bundleName cn.alfadb.netbird.r1probe, from app_install db true
CST 2026-08-10 01:54:44.715  1581  1581 I A01b01/HOME: LauncherLayoutCacheUtil: updateRotatePosition, not lazy rotate
CST 2026-08-10 01:54:44.715  1581  1581 I A01b01/HOME: LauncherLayoutCacheUtil: updateListIfLazyRotateMode insertGridLayoutItemList
CST 2026-08-10 01:54:44.715  1581  1581 W A01b01/HOME: LauncherLayoutCacheUtil: LazyRotateMode false or device mismatch return!
CST 2026-08-10 01:54:44.715  1581  1581 W A01b01/HOME: DesktopLayoutCacheData: updateLayoutListCache when 300003|CACHE_UPDATE_LAYOUT_LIST_CACHE_DEFAULT, updateLength:5, showOuter:false}
CST 2026-08-10 01:54:44.715  1581  1581 I A01b01/HOME: LauncherLayoutCacheUtil: insertGridLayoutItemCallBack isOuter:false
CST 2026-08-10 01:54:44.715  1581  1581 W A01b01/HOME: RdbOperation_RdbStoreManager: insertGridLayoutInfo start, bundleName:cn.alfadb.netbird.r1probe, isOuter:false
CST 2026-08-10 01:54:44.715  1581  1581 I A01b01/HOME: RdbOperation_RdbStoreManager: getLayoutInfoTableName current: gridlayout_info
CST 2026-08-10 01:54:44.715  1581  1581 W A01b01/HOME: RdbOperation_RdbTaskPool --> execute writeTask: insertLayoutInfoNotExist with runner
CST 2026-08-10 01:54:44.718  1581  1648 I A01b01/HOME: RdbOperation_taskPool appInstall --> appInstall insertLayoutInfoNotExist start, keyName:cn.alfadb.netbird.r1probeEntryAbilityentry0
CST 2026-08-10 01:54:44.719  1581  1648 E A01b00/SCB: RdbOperation_RdbStoreHelper: createRdbStore context is undefined
CST 2026-08-10 01:54:44.719  1581  1581 I A01b01/HOME: PageDesktopViewModel --> localEventListener receive event: EVENT_REQUEST_PAGEDESK_LIGHT_REFRESH
CST 2026-08-10 01:54:44.719  1581  1581 I A01b01/HOME: PageDesktopViewModel --> lightPagingFiltering start by scene: 100200|SCENE_MSG_DEFAULT_REFRESH, isSkipDuplicateCheck:null
CST 2026-08-10 01:54:44.719  1581  1581 W A01c03/LM: HighFrequencyCallStatistics: SCENE: Initialing used-scene loadGridList is undesirable.
CST 2026-08-10 01:54:44.719  1581  1581 I A01c03/LM: HighFrequencyCallStatistics: record scene lightPagingFiltering at 48659 as NORMAL
CST 2026-08-10 01:54:44.719  1581  1581 I A01b01/HOME: BaseLayoutCacheManager: getAllGridLayoutItemList from basic desktop, size: 5
CST 2026-08-10 01:54:44.719  1581  1581 I A01b01/HOME: BaseLayoutCacheManager: getAllGridLayoutItemList from basic desktop, size: 5
CST 2026-08-10 01:54:44.719  1581  1581 I A01b01/HOME: PageDesktopViewModel --> getAppListInfo bundlInfoListLen:5,layoutInfoLen:5
CST 2026-08-10 01:54:44.720  1581  1581 I A01b01/HOME: PageDesktopViewModel --> getAppListInfo end, appListInfo length: 5, layoutInfo length: 5,needResetAppInfoList:0
CST 2026-08-10 01:54:44.720  1581  1581 I A01b01/HOME: PageDeskTopViewModelUtils --> appListInfo exclude folder lenth: 5
CST 2026-08-10 01:54:44.720  1581  1581 E A01b01/HOME: PageDesktopViewModel --> elementPage is not less than pageCount-->pageCount:1, elementPage:1, bundleName:cn.alfadb.netbird.r1probe, row:0, column:0
CST 2026-08-10 01:54:44.720  1581  1581 I A01b01/HOME: PageDesktopViewModel --> integrateSwiper max 2
CST 2026-08-10 01:54:44.720  1581  1581 I A01b01/HOME: PageDesktopViewModel --> getMaxPage rdbPageCount: 1, isOuter: false
CST 2026-08-10 01:54:44.720  1581  1581 I A01b01/HOME: PageDesktopViewModel --> gridAppsInfos: { integrateSwiper page:0,row:0,col:0,com.huawei.hmos.settings,typeid:0. appIndex: 0,uninstallable: false,{ integrateSwiper page:0,row:0,col:1,com.huawei.hmos.photos,typeid:0. appIndex: 0,uninstallable: false,{ integrateSwiper page:0,row:0,col:2,com.huawei.hmos.files,typeid:0. appIndex: 0,uninstallable: true,{ integrateSwiper page:0,row:0,col:3,com.huawei.hmos.calendar,typeid:0. appIndex: 0,uninstallable: true,
CST 2026-08-10 01:54:44.720  1581  1581 I A01b01/HOME: PageDesktopViewModel --> gridAppsInfos: { integrateSwiper page:1,row:0,col:0,cn.alfadb.netbird.r1probe,typeid:0. appIndex: 0,uninstallable: true,
CST 2026-08-10 01:54:44.720  1581  1581 I A01b01/HOME: PageDesktopViewModel --> checkBlankPages needCheckBlankPage: false.
CST 2026-08-10 01:54:44.720  1581  1581 I A01b01/HOME: BaseLayoutCacheManager: updatePageCount with pageCount 2 from basic desktop , db true
CST 2026-08-10 01:54:44.720  1581  1581 W A01b01/HOME: PageInfoManager: pageCount changed to 2 from 1 when isOut:false by: updatePageCount
CST 2026-08-10 01:54:44.720  1581  2280 W A01b00/SCB: RdbOperation_RdbStoreHelper: createRdbStore -> getRdbStore with schema version 2.5 success, area=0
CST 2026-08-10 01:54:44.722  1581  2280 I A01b00/SCB: RdbOperation_RdbStoreHelper: insertLayoutInfoNotExist_1786298084722 when 200080|RDB_DEFAULT_INSERT, executeInfo: INSERT g**ut_i*fo SET u*er_i*=100,i*fo_i*=a9bc56c0-aba2-4e57-bf31-3570b8034c8d,i*fo_n*me=R1 API 24 Probe,a**on_i*=16777222,a**el_i*=16777219,t*pe_i*=0,b**le_n*me=cn.alfadb.netbird.r1probe,m**le_n*me=entry,a**ty_n*me=EntryAbility,ap*_i**ex=0,s**ut_i*=,k*nd_i*=-1,ap*_s**us=0,d**ad_p**ss=0,i*on_r**ce=undefined,c**er_n*me=undefined,ur*=undefined,e**d1=undefined,e**d2=undefined,i**nt=,c**er=-100,p*ge_i**ex=1,c**mn=0,ro*=0,w**th=1,h**ht=1,p**it_p*ge_i**ex=undefined,p**it_c**mn=undefined,p**it_ro*=unde, res = 37
CST 2026-08-10 01:54:44.722  1581  2280 I A01b00/SCB: RdbOperation_RdbStoreHelper: insertLayoutInfoNotExist_1786298084722 when 200080|RDB_DEFAULT_INSERT, executeInfo: fined,p**it_w**th=undefined,p**it_h**ht=undefined,l**pe_p*ge_i**ex=undefined,l**pe_c**mn=undefined,l**pe_ro*=undefined,l**pe_w**th=undefined,l**pe_h**ht=undefined,t**me_i*=,t**me_f*rm_i*=,t**et_f*rm_d*ta=,s**en_i*=0,f*le_in*=undefined,f*le_t*pe=undefined,f*le_s*ze=0,f*le_c**me=0,f*le_m**me=0,, res = 37
CST 2026-08-10 01:54:44.723  2470  2470 I A00000/moduleframework: [a92ab9bee290be8, 339ab3d, 34867d5] getStringByNameSync error: {"code":"9001003"}
CST 2026-08-10 01:54:44.723  2470  2470 I A00000/moduleframework: [a92ab9bee290be8, 2a6894, 339ab3d] ohpmModuleName: app-Assist-4-Developer
CST 2026-08-10 01:54:44.723  2470  2470 I A00000/moduleframework: [a92ab9bee290be8, 2a6894, 339ab3d] getConfigInstance full path:@normalized:N&appAssist4Developer&&@hw-ae-business/app-assist-4-developer/src/main/ets/impl/event/AppAssistInstallPackageEvent&
CST 2026-08-10 01:54:44.723  2470  2470 I A00000/moduleframework: [a92ab9bee290be8, 2a6894, 339ab3d] getConfigInstance clazzName:AppAssistInstallPackageEvent
CST 2026-08-10 01:54:44.723  2470  2470 I A00000/moduleframework: [a92ab9bee290be8, 2a6894, 339ab3d] ohpmModuleName: attribution
CST 2026-08-10 01:54:44.723  2470  2470 I A00000/moduleframework: [a92ab9bee290be8, 2a6894, 339ab3d] getConfigInstance full path:@normalized:N&attribution&&@hw-ae-business/attribution/src/main/ets/attribution/event/AttrStaticPackageEventImpl&
CST 2026-08-10 01:54:44.723  2470  2470 I A00000/moduleframework: [a92ab9bee290be8, 2a6894, 339ab3d] getConfigInstance clazzName:AttrStaticPackageEventImpl
CST 2026-08-10 01:54:44.723  2470  2470 I A00000/moduleframework: [a92ab9bee290be8, 2a6894, 339ab3d] ohpmModuleName: ecological-Rule-Control
CST 2026-08-10 01:54:44.723  2470  2470 I A00000/moduleframework: [a92ab9bee290be8, 2a6894, 339ab3d] getConfigInstance full path:@normalized:N&ecologicalRuleControl&&@hw-ae-business/ecological-rule-control/src/main/ets/event/InstallStaticPackageEvent&
CST 2026-08-10 01:54:44.723  2470  2470 I A00000/moduleframework: [a92ab9bee290be8, 2a6894, 339ab3d] getConfigInstance clazzName:InstallStaticPackageEvent
CST 2026-08-10 01:54:44.723  2470  2470 I A00000/moduleframework: [a92ab9bee290be8, 2a6894, 339ab3d] ohpmModuleName: operation-Activities
CST 2026-08-10 01:54:44.723  2470  2470 I A00000/moduleframework: [a92ab9bee290be8, 2a6894, 339ab3d] getConfigInstance full path:@normalized:N&operationActivities&&@hw-ae-business/operation-activities/src/main/ets/impl/event/InstallPackageStaticEvent&
CST 2026-08-10 01:54:44.723  2470  2470 I A00000/moduleframework: [a92ab9bee290be8, 2a6894, 339ab3d] getConfigInstance clazzName:InstallPackageStaticEvent
CST 2026-08-10 01:54:44.723  2470  2470 I A00000/moduleframework: [a92ab9bee290be8, 2a6894, 339ab3d] ohpmModuleName: upgrade
CST 2026-08-10 01:54:44.723  2470  2470 I A00000/moduleframework: [a92ab9bee290be8, 2a6894, 339ab3d] getConfigInstance full path:@normalized:N&upgrade&&@hw-ae-business/upgrade/src/main/ets/impl/upgrademanager/commonevent/event/PackageChangedStaticEvent&
CST 2026-08-10 01:54:44.723  2470  2470 I A00000/moduleframework: [a92ab9bee290be8, 2a6894, 339ab3d] getConfigInstance clazzName:PackageChangedStaticEvent
CST 2026-08-10 01:54:44.724  1581  2280 W A01b01/HOME: RdbOperation_taskPool appInstall --> insertLayoutInfoNotExist end insertId:37
CST 2026-08-10 01:54:44.724  1581  2280 I A01b00/SCB: RdbOperation_RdbStoreHelper: rdbStore release
CST 2026-08-10 01:54:44.725  1581  1581 I A01b01/HOME: PageDesktopViewModel --> lightPagingFiltering length of appListInfo:5 waterfallInfo:0 bundleInfo:5
CST 2026-08-10 01:54:44.725  1581  1581 W A01b01/HOME: LayoutViewModel: updateDesktopLayoutData, reason: lightPagingFiltering, app length: 2
CST 2026-08-10 01:54:44.729  1581  1581 I A01b00/SCB: LocalEventManager: sendLocalEvent, send local event with no receiver
CST 2026-08-10 01:54:44.729  1581  1581 W A01b01/HOME: GridSwiper --> GridSwiper preload pages again. old page:1 -> newPages:2
CST 2026-08-10 01:54:44.729  1581  1581 W A01b01/HOME: PageInfoManager: getHomePageIndex dbIndex: 0
CST 2026-08-10 01:54:44.729  1581  1581 I A01b01/HOME: LauncherStartup: passStep PRELOAD when 1786298084729 and valueInfo:check_appListInfoChange_100_true_2_true
CST 2026-08-10 01:54:44.730  1581  1581 W A01b01/HOME: PageInfoManager: getHomePageIndex dbIndex: 0
CST 2026-08-10 01:54:44.730  1581  1581 I A01b01/HOME: PreLoadViewModel --> getNextPreload>>> p:0
CST 2026-08-10 01:54:44.730  1581  1581 I A01b01/HOME: LauncherStartup: passStep PRELOAD when 1786298084730 and valueInfo:begin_appListInfoChange_2_0
CST 2026-08-10 01:54:44.730  1581  1581 W A01b01/HOME: PreLoadViewModel --> preload swiper begin with pageLength:2 and preloadPage:0 when appListInfoChange
CST 2026-08-10 01:54:44.730  1581  1581 I A01b01/HOME: PreLoadViewModel --> getNextPreload>>> p:1
CST 2026-08-10 01:54:44.730  1581  1581 I A01b01/HOME: PreLoadViewModel --> preloadNextPage begin preloadPageIndex: 0/2, tryCount: 0
CST 2026-08-10 01:54:44.730  1581  1581 I A01b01/HOME: PreLoadViewModel --> preload swiper and set this.isNeedPreload false
CST 2026-08-10 01:54:44.730  1581  1581 I A01b01/HOME: GridSwiper --> pages length: 2, pages: [1,3]
CST 2026-08-10 01:54:44.730  1581  1581 I A01b01/HOME: SwiperIndicator --> updateValues current: 0 updateValues: 0
CST 2026-08-10 01:54:44.731  1581  1581 I A01b01/HOME: BaseLayoutCacheManager: getAllGridLayoutItemList from editMode_pageEdit, size: 5
CST 2026-08-10 01:54:44.731  1581  1581 I A01b01/HOME: PageEditManager: new pages 1,3
CST 2026-08-10 01:54:44.731  1581  1581 I A01b01/HOME: PageEditManager: isSimpleLauncherMode false
CST 2026-08-10 01:54:44.731  1581  1581 I A01b01/HOME: PageEditManager: isBlankPageChange false
CST 2026-08-10 01:54:44.732  1581  1581 W A01b01/HOME: SwiperPageVM --> appListInfoChange and isOuter:false,pageIndex:0,size:4,pageInfo:0:4
CST 2026-08-10 01:54:44.732  2470  2470 I A00000/moduleframework: [a92ab9bee290be8, 3df8601, 15df99f] getConfigInstance import:AppAssistInstallPackageEvent
CST 2026-08-10 01:54:44.732  2470  2470 I A00000/moduleframework: [a92ab9bee290be8, 34b5f9b, 12dbf11] getConfigInstance import:AttrStaticPackageEventImpl
CST 2026-08-10 01:54:44.732  2470  2470 I A00000/moduleframework: [a92ab9bee290be8, d40244, 1a43369] getConfigInstance import:InstallStaticPackageEvent
CST 2026-08-10 01:54:44.732  2470  2470 I A00000/moduleframework: [a92ab9bee290be8, 27aeafb, 2dcaa7b] getConfigInstance import:InstallPackageStaticEvento35
CST 2026-08-10 01:54:44.732  2470  2470 I A00000/moduleframework: [a92ab9bee290be8, 67a2e7, 262ff96] getConfigInstance import:PackageChangedStaticEvent
CST 2026-08-10 01:54:44.732  1581  1581 I A01b01/HOME: SwiperIndicator --> updateValues current: 0 updateValues: 0
CST 2026-08-10 01:54:44.733  1581  1581 I A01b00/SCB: LocalEventManager: sendLocalEvent, send local event with no receiver
CST 2026-08-10 01:54:44.733  1581  1581 I A01b01/HOME: PageDesktopViewModel --> lightPagingFiltering end by scene: 100200|SCENE_MSG_DEFAULT_REFRESH
CST 2026-08-10 01:54:44.733  1581  1581 W A01b01/HOME: ResidentLayoutCacheMgr: dockItem info: keyName: com.huawei.hmos.settingscom.huawei.hmos.settings.MainAbilityphone_settings0, appStatus: 0
CST 2026-08-10 01:54:44.733  1581  1581 I A01b01/HOME: RdbOperation_RdbStoreManager: updateSettings key:page_count value:2
CST 2026-08-10 01:54:44.734  1581  1581 I A01b01/HOME: PageDesktopViewModel --> localEventListener receive event: launcher.event.APP_INSTALL_BMS_CHANGE_EVENT
CST 2026-08-10 01:54:44.734  1581  1581 I A01b01/HOME: FormRelationManager --> update the placeholder form information corresponding to the app: cn.alfadb.netbird.r1probe, isOuter: false
CST 2026-08-10 01:54:44.735  1581  1581 W A01b01/HOME: FormRelationManager --> sceneBoardFormRelationFilePath is not exist
CST 2026-08-10 01:54:44.735  1581  1581 W A01b01/HOME: FormRelationManager --> the bundleName not exist:cn.alfadb.netbird.r1probe
CST 2026-08-10 01:54:44.735  1581  1581 I A01b01/HOME: PageDesktopViewModel --> forms in cache length: 0, bundleName: cn.alfadb.netbird.r1probe, isOuter: false
CST 2026-08-10 01:54:44.735  1581  1581 E A01b01/HOME: PageDesktopViewModel --> no bundle in formModel(undefined) or appModel(false)
CST 2026-08-10 01:54:44.735  1581  1581 I A01b01/HOME: AppModel: getAllShortcutInfo bundleName: cn.alfadb.netbird.r1probe, shortcutInfo length: 0
CST 2026-08-10 01:54:44.735  1581  1581 W A01b01/HOME: PageDesktopViewModel --> The app cn.alfadb.netbird.r1probe does not have static shortcut.
CST 2026-08-10 01:54:44.735  1581  1581 W A01b01/HOME: PageDesktopViewModel --> The app does not have a shortcut icon in the layout.
CST 2026-08-10 01:54:44.735  1581  1581 I A01b01/HOME: AppModel: currentBundleInfoList length: 7
CST 2026-08-10 01:54:44.735  1581  1581 I A01b01/HOME: BaseLayoutCacheManager: getAllGridLayoutItemList from basic desktop, size: 5
CST 2026-08-10 01:54:44.735  1581  1581 W A01b01/HOME: PageDesktopViewModel --> app cn.alfadb.netbird.r1probe_0 have no combApp
CST 2026-08-10 01:54:44.736  1581  1581 W A01b01/HOME: PageDesktopViewModel --> regroupDataAppListChange, usual.event.PACKAGE_ADDED, cn.alfadb.netbird.r1probe 0, false
CST 2026-08-10 01:54:44.736  1581  1753 I A01a01/NC: NotificationConfigManager: update icon result: com.huawei.hmos.arkwebcore, 26138
CST 2026-08-10 01:54:44.736  1581  1753 I A01b00/SCB: IconResourceFwk --> getBundleIcon start param: com.ohos.certmanager, 64, true true
CST 2026-08-10 01:54:44.736  1581  1753 W A01b00/SCB: IconResourceUtils --> getIconResource from bms getBundleResourceInfo for com.ohos.certmanager 0
CST 2026-08-10 01:54:44.736  1581  1581 I A01b01/HOME: PageDeskTopViewModelUtils --> SmartDockViewModel::isBundleNameExistInDock: -1
CST 2026-08-10 01:54:44.736  1581  1581 I A01b01/HOME: PageDesktopViewModel --> updateBMSChangedApp bundle=cn.alfadb.netbird.r1probe appIndex=0
CST 2026-08-10 01:54:44.736  1581  1581 I A01b01/HOME: BaseLayoutCacheManager: getAllGridLayoutItemList from basic desktop, size: 5
CST 2026-08-10 01:54:44.736  1581  1581 I A01b01/HOME: PageDesktopViewModel --> update pageDesktopInfo cn.alfadb.netbird.r1probeEntryAbilityentry0 cn.alfadb.netbird.r1probeEntryAbilityentry0
CST 2026-08-10 01:54:44.736  1581  1581 I A01b01/HOME: PageDesktopViewModel --> lightPagingFiltering start by scene: 100031|SCENE_MSG_UPDATE_BMS_CHANGED_APP, isSkipDuplicateCheck:true
CST 2026-08-10 01:54:44.736  1581  1581 I A01c03/LM: HighFrequencyCallStatistics: record scene lightPagingFiltering at 48676 as NORMAL
CST 2026-08-10 01:54:44.736  1581  1581 I A01b01/HOME: BaseLayoutCacheManager: getAllGridLayoutItemList from basic desktop, size: 5
CST 2026-08-10 01:54:44.736  1581  1581 I A01b01/HOME: PageDesktopViewModel --> getAppListInfo bundlInfoListLen:5,layoutInfoLen:5
CST 2026-08-10 01:54:44.737  1581  1581 I A01b01/HOME: PageDesktopViewModel --> getAppListInfo end, appListInfo length: 5, layoutInfo length: 5,needResetAppInfoList:0
CST 2026-08-10 01:54:44.737  1581  1581 I A01b01/HOME: PageDeskTopViewModelUtils --> appListInfo exclude folder lenth: 5
CST 2026-08-10 01:54:44.737  1581  1581 I A01b01/HOME: PageDesktopViewModel --> integrateSwiper max 2
CST 2026-08-10 01:54:44.737  1581  1581 I A01b01/HOME: PageDesktopViewModel --> getMaxPage rdbPageCount: 2, isOuter: false
CST 2026-08-10 01:54:44.737  1581  1581 I A01b01/HOME: PageDesktopViewModel --> gridAppsInfos: { integrateSwiper page:0,row:0,col:0,com.huawei.hmos.settings,typeid:0. appIndex: 0,uninstallable: false,{ integrateSwiper page:0,row:0,col:1,com.huawei.hmos.photos,typeid:0. appIndex: 0,uninstallable: false,{ integrateSwiper page:0,row:0,col:2,com.huawei.hmos.files,typeid:0. appIndex: 0,uninstallable: true,{ integrateSwiper page:0,row:0,col:3,com.huawei.hmos.calendar,typeid:0. appIndex: 0,uninstallable: true,
CST 2026-08-10 01:54:44.737  1581  1581 I A01b01/HOME: PageDesktopViewModel --> gridAppsInfos: { integrateSwiper page:1,row:0,col:0,cn.alfadb.netbird.r1probe,typeid:0. appIndex: 0,uninstallable: true,
CST 2026-08-10 01:54:44.737  1581  1581 I A01b01/HOME: PageDesktopViewModel --> checkBlankPages needCheckBlankPage: false.
CST 2026-08-10 01:54:44.737  1581  1581 I A01b01/HOME: BaseLayoutCacheManager: updatePageCount with pageCount 2 from basic desktop , db true
CST 2026-08-10 01:54:44.737  1581  1581 W A01b01/HOME: PageInfoManager: pageCount changed to 2 from 2 when isOut:false by: updatePageCount
CST 2026-08-10 01:54:44.737  1581  1581 I A01b01/HOME: PageDesktopViewModel --> lightPagingFiltering length of appListInfo:5 waterfallInfo:0 bundleInfo:5
CST 2026-08-10 01:54:44.743  1581  1581 W A01b01/HOME: LayoutViewModel: updateDesktopLayoutData, reason: lightPagingFiltering, app length: 2
CST 2026-08-10 01:54:44.743  1581  1581 I A01b00/SCB: LocalEventManager: sendLocalEvent, send local event with no receiver
CST 2026-08-10 01:54:44.743  1581  1581 W A01b01/HOME: PageInfoManager: getHomePageIndex dbIndex: 0
CST 2026-08-10 01:54:44.743  1581  1581 I A01b01/HOME: LauncherStartup: passStep PRELOAD when 1786298084743 and valueInfo:check_appListInfoChange_100_false_2_true
CST 2026-08-10 01:54:44.743  1581  1581 I A01b01/HOME: PreLoadViewModel --> not need to preload swiper with isNeedPreload is false when appListInfoChange
CST 2026-08-10 01:54:44.743  1581  1581 I A01b01/HOME: GridSwiper --> pages length: 2, pages: [1,3]
CST 2026-08-10 01:54:44.744  1581  1581 I A01b01/HOME: SwiperIndicator --> updateValues current: 0 updateValues: 0
CST 2026-08-10 01:54:44.744  1581  1581 I A01b01/HOME: BaseLayoutCacheManager: getAllGridLayoutItemList from editMode_pageEdit, size: 5
CST 2026-08-10 01:54:44.744  1581  1581 I A01b01/HOME: PageEditManager: new pages 1,3
CST 2026-08-10 01:54:44.744  1581  1581 I A01b01/HOME: PageEditManager: isSimpleLauncherMode false
CST 2026-08-10 01:54:44.744  1581  1581 I A01b01/HOME: PageEditManager: isBlankPageChange false
CST 2026-08-10 01:54:44.744  1581  1581 I A01b01/HOME: GridLayout2ThemeManager --> REFRESH_PAGE_DESKTOP layoutChange clear REFRESH_PAGE_DESKTOP
CST 2026-08-10 01:54:44.744  1581  1581 W A01b01/HOME: SwiperPageVM --> appListInfoChange and isOuter:false,pageIndex:0,size:4,pageInfo:0:4
CST 2026-08-10 01:54:44.745  1581  1581 I A01b01/HOME: SwiperIndicator --> updateValues current: 0 updateValues: 0
CST 2026-08-10 01:54:44.745  1581  1581 I A01b01/HOME: PageDesktopViewModel --> lightPagingFiltering end by scene: 100031|SCENE_MSG_UPDATE_BMS_CHANGED_APP
CST 2026-08-10 01:54:44.745  1581  1581 I A01b01/HOME: FolderSnapshotManager --> onBmsChangEvent event: usual.event.PACKAGE_ADDED bundleName: cn.alfadb.netbird.r1probe
CST 2026-08-10 01:54:44.745  1581  1753 W A01b00/SCB: GraphicUtils --> com.ohos.certmanager - getHdsIcon, size: (192, 192), pixelFormat: 4, leftTopPixel is transparent: true, 0-0-0-0
CST 2026-08-10 01:54:44.745  1581  1581 I A01b01/HOME: SmartDockViewModel: localEventListener receive event: launcher.event.APP_INSTALL_BMS_CHANGE_EVENT, params: {"_eventName":"usual.event.PACKAGE_ADDED","_bundleName":"cn.alfadb.netbird.r1probe","_appIndex":0}
CST 2026-08-10 01:54:44.745  1581  1581 I A01b01/HOME: FormRelationManager --> update the placeholder form information corresponding to the app: cn.alfadb.netbird.r1probe, isOuter: false
CST 2026-08-10 01:54:44.746  1581  1581 W A01b01/HOME: FormRelationManager --> sceneBoardFormRelationFilePath is not exist
CST 2026-08-10 01:54:44.746  1581  1581 W A01b01/HOME: FormRelationManager --> the bundleName not exist:cn.alfadb.netbird.r1probe
CST 2026-08-10 01:54:44.746  1581  1581 I A01b01/HOME: SmartDockViewModel: regroupDataAppListChange, usual.event.PACKAGE_ADDED, cn.alfadb.netbird.r1probe, 0
CST 2026-08-10 01:54:44.746  1581  1581 I A01b01/HOME: SmartDockModel: SmartDockViewModel::getDockItemByBundleName: not find in dock
CST 2026-08-10 01:54:44.746  1581  1581 I A01b01/HOME: SmartDockViewModel: regroupDataAppListChange current app cn.alfadb.netbird.r1probe is not exist in dock
CST 2026-08-10 01:54:44.746  1581  1581 W A01b01/HOME: appInstall_CacheManager --> appAddedOrUpdated finished bundleName: cn.alfadb.netbird.r1probe, appIndex: 0
CST 2026-08-10 01:54:44.746  1581  1581 I A01b01/HOME: BaseLayoutCacheManager: getAllGridLayoutItemList from basic desktop, size: 5
CST 2026-08-10 01:54:44.746  1581  1581 W A01b01/HOME: appInstall_InstallEventManager --> notify event, folderId:, isUpdate:false, data:{"bundleName":"cn.alfadb.netbird.r1probe","status":0,"eventType":"com.huawei.hmsapp.appgallery.commonevent.EVENT_INSTALL_STATUS_CHANGE"}
CST 2026-08-10 01:54:44.746  1581  1581 I A01b0a/GESTURE: GestureDockPreferenceUtil --> getRecentDockList bundleName: com.huawei.hmos.settings,appindex 0
CST 2026-08-10 01:54:44.746  1581  1581 I A01b0a/GESTURE: GestureDockPreferenceUtil --> dockDataList size is 1
CST 2026-08-10 01:54:44.746  1581  1581 I A01b01/HOME: RdbOperation_RdbStoreManager: updateSettings key:page_count value:2
CST 2026-08-10 01:54:44.747  1581  1581 I A01b0a/GESTURE: GestureDockPreferenceUtil --> recentList length is 1
CST 2026-08-10 01:54:44.748  1581  1581 E A01b01/HOME: AppCategoryInfoManager: getAppCatInfoFromAG failed, code: undefined, message: Other error.
CST 2026-08-10 01:54:44.748  1581  1581 W A01b01/HOME: AppCategoryInfoManager: initAllAppCatInfo, appCatInfos is null
CST 2026-08-10 01:54:44.748  1581  1581 I A01b01/HOME: RdbOperation_RdbStoreManager: getAllAppCatInfo start
CST 2026-08-10 01:54:44.748  1581  1581 W A01b01/HOME: RdbOperation_RdbTaskPool --> execute readTask: queryAppCatInfo with runner
CST 2026-08-10 01:54:44.748  1581  1581 I A01b01/HOME: PreLoadViewModel --> preloadNextPage preload done, page: 0/2
CST 2026-08-10 01:54:44.749  1581  1581 I A01b01/HOME: PageDesktopViewModel --> publish EVENT_DESKTOP_LAYOUT_REFRESH_FINISHED success, delayMs: 0
CST 2026-08-10 01:54:44.749  1581  1581 I A01b01/HOME: RdbOperation_RdbStoreManager: updateSettings page_count to sp successs
CST 2026-08-10 01:54:44.749  1581  1581 I A01b01/HOME: PageDesktopViewModel --> publish EVENT_DESKTOP_LAYOUT_REFRESH_FINISHED success, delayMs: 0
CST 2026-08-10 01:54:44.749  1581  1581 I A01b01/HOME: RdbOperation_RdbStoreManager: updateSettings page_count to sp successs
CST 2026-08-10 01:54:44.751  1581  1581 I A01b01/HOME: PreLoadViewModel --> getNextPreload>>> p:3
CST 2026-08-10 01:54:44.751  1581  1581 I A01b01/HOME: PreLoadViewModel --> preloadNextPage begin preloadPageIndex: 1/2, tryCount: 0
CST 2026-08-10 01:54:44.751  1581  1581 E A01b01/HOME: PreLoadViewModel --> preloadNextPage failed, invalid input parameters[1]. error 401:undefined
CST 2026-08-10 01:54:44.752  1581  1581 W A01b00/SCB: DbCache --> setIconResource, tableName: icon_info insert: 8 iconInfo.iconType normal,bundleName cn.alfadb.netbird.r1probe combinePicLength:9662, foregroundLength:undefined, backgroundLength:undefined
CST 2026-08-10 01:54:44.756  1581  1648 I A01b01/HOME: RdbOperation_taskPool --> queryAppCatInfo start
CST 2026-08-10 01:54:44.756  1581  2723 I A01b01/HOME: RdbOperation_taskPool --> queryAppCatInfo length: 0
CST 2026-08-10 01:54:44.757  1581  1581 W A01b01/HOME: AppCategoryInfoManager: syncAppCatDataToCache, appCatInfos is null
CST 2026-08-10 01:54:44.765  2470  2507 I A06666/AppGallery: random:1786298981446, index:0,[BundleManagerEx]:start get all installed bundle info for all user in taskPool.
CST 2026-08-10 01:54:44.783  1581  1581 I A01b01/HOME: SingePage --> onDesktopModeChange index: 1, scaleCenterX: 50%
CST 2026-08-10 01:54:44.783  1581  1581 I A01b01/HOME: SingePage --> isCurrentPageBlank false index 1
CST 2026-08-10 01:54:44.783  1581  1581 E A01b01/HOME: DragEventManager: registerEvent callback is null, event:drop_start_SwiperPage_Grid_WorkSpace_3
CST 2026-08-10 01:54:44.783  1581  1581 I A01b01/HOME: DragEventManager: register drag event SwiperPage_Grid_WorkSpace_3 success
CST 2026-08-10 01:54:44.789  1581  1581 I A01b01/HOME: SwiperPage --> build item page: 1, swiperKey: 3, mMargin: 8.114285714285717, mColumnsGap: 0, mRowsGap: 0,mItemPadding: 8.620689655172415, mNameLines: 1, mMaxNameLines: 2, mWorkSpaceMarginTop: 23.47586206896551, mGridWidth: 360.9142857142857,mGridHeight: 600,mIconSize: 58, mWorkSpacePadding: 0, mWorkSpacePaddingTop: 0,mWorkSpacePaddingBottom: 0, mGridSpaceWidth: 369.02857142857147, mGridSpaceHeight: 708, isOuterDesktop:false
CST 2026-08-10 01:54:44.789  1581  1581 W A01b01/HOME: QuitAppRectViewModel --> initSwiperParam openFolderLeftX:39.714285714285715, openFolderRightX:337.447619047619, desktopLeftX:0, desktopRightX:377.14285714285717, screenWidth: 377.14285714285717
CST 2026-08-10 01:54:44.789  1581  1581 W A01b01/HOME: QuitAppRectViewModel --> gridDesktopTopDistance left:218
CST 2026-08-10 01:54:44.790  1581  1581 I A01b00/SCB: ViewManagerPolicy --> registerViewCallback
CST 2026-08-10 01:54:44.790  1581  1581 I A01b01/HOME: SCBTM: registerFoldAnimationController
CST 2026-08-10 01:54:44.790  1581  1581 I A01b01/HOME: SCBTM: registerExpandAnimationController
CST 2026-08-10 01:54:44.790  1581  1581 W A01b01/HOME: SwiperPageVM --> appListInfoChange and isOuter:false,pageIndex:1,size:1,pageInfo:0:1
CST 2026-08-10 01:54:44.791  1581  1581 E A01b00/SCB: HiSysEventUtil: get bundle info of the bundleName com.huawei.hmsapp.litegamelauncher error, code: undefined, msg: BusinessError 17700001: The specified bundle is not found.
CST 2026-08-10 01:54:44.791  1581  1581 I A01b01/HOME: SCBTM: getStartExitAnimationCount animationCount:0
CST 2026-08-10 01:54:44.805  1581  1581 I A01b01/HOME: SwiperPageWhiteBoxComponent: aboutToAppear getIndexInSwiper():1
CST 2026-08-10 01:54:44.805  1581  1581 I A01b01/HOME: PageEditViewModel: getWhiteBoxTranslateY: 0
CST 2026-08-10 01:54:44.805  1581  1581 I A01b01/HOME: SwiperPageWhiteBoxComponent: onEventhubFallItemEvent for Item rect1
CST 2026-08-10 01:54:44.805  1581  1581 I A01b01/HOME: DesktopItem --> desktop item 0cn.alfadb.netbird.r1probe0 aboutToAppear start, type: 0 row: 0,       column: 0, indeInSwiper: 1
CST 2026-08-10 01:54:44.805  1581  1581 I A01b01/HOME: DesktopItem --> registerDragEvent, itemKey = 0cn.alfadb.netbird.r1probe0
CST 2026-08-10 01:54:44.805  1581  1581 I A01b01/HOME: DragEventManager: register drag event 0cn.alfadb.netbird.r1probe0 success
CST 2026-08-10 01:54:44.805  1581  1581 W A01b01/HOME: GridLayoutUtil: generateUniqueKey invalid type:undefined, keyName:undefined
CST 2026-08-10 01:54:44.805  1581  1581 I A01b01/HOME: DropAnimationManager: isInDropAnimation scene:1 key:0cn.alfadb.netbird.r1probe0
CST 2026-08-10 01:54:44.805  1581  1581 I A01b01/HOME: DesktopItem --> initDragParam itemKey:0cn.alfadb.netbird.r1probe0 isDragStart:false isInDrag:false
CST 2026-08-10 01:54:44.806  1581  1581 I A01c03/LM: GridItemPositionUtil: getCenterPosition offsetX: 0,90.22857142857143,180.45714285714286,270.6857142857143 offsetY: 0,100,200,300,400,500 area: 1,1 left:8.114285714285717 top:62.28571428571428
CST 2026-08-10 01:54:44.806  1581  1581 I A01b01/HOME: DesktopItem --> create page-item gravity animation with drag false type: 0, id: cn.alfadb.netbird.r1probe, page: 1, row: 0, column: 0, size 1 * 1, x: 53.22857142857143, y: 99.85714285714285
CST 2026-08-10 01:54:44.806  1581  1581 I A01b01/HOME: GravityAnimationManager: SET ACTIVE-COMPONENT [P:-1,R:-1,C:-1,X:0+0,Y:0+0,W:-1,H:-1] layout -> [P:3,R:0,C:0,W:1,H:1]
CST 2026-08-10 01:54:44.806  1581  1581 I A01b01/HOME: GravityAnimationManager: SET ACTIVE-COMPONENT [P:3,R:0,C:0,X:0+0,Y:0+0,W:1,H:1] position -> [X:53.22857142857143,Y:99.85714285714285]
CST 2026-08-10 01:54:44.806  1581  1581 I A01b01/HOME: GravityAnimationManager: SET ACTIVE-COMPONENT [P:3,R:0,C:0,X:53.22857142857143+0,Y:99.85714285714285+0,W:1,H:1] status -> ACTIVE
CST 2026-08-10 01:54:44.806  1581  1581 I A01b01/HOME: GravityAnimationManager: add new ACTIVE-COMPONENT [P:3,R:0,C:0,X:53.22857142857143+0,Y:99.85714285714285+0,W:1,H:1] to page, total 1 components
CST 2026-08-10 01:54:44.806  1581  1581 I A01b01/HOME: multiSelectListenerManager --> listener regist desktopItem_0cn.alfadb.netbird.r1probe0
CST 2026-08-10 01:54:44.806  1581  1581 I A01b01/HOME: DesktopItem --> desktop item 0cn.alfadb.netbird.r1probe0 focusKey cn.alfadb.netbird.r1probeEntryAbilityentry0 aboutToAppear end
CST 2026-08-10 01:54:44.806  1581  1581 W A01b01/HOME: DesktopItem --> build item typeId[0],iconId[16777222],cardId[undefined],folderId[undefined],formStackId[undefined],rowColumn[0,0], page[1],area[1, 1],iconResource[undefined],moduleName[entry],abilityName[EntryAbility],appName[R1 API 24 Probe],cardDimension[undefined],status[0], isFolderChange:false, isOuterDesktop:false
CST 2026-08-10 01:54:44.806  1581  1581 I A01b01/HOME: DesktopItem --> build item key cn.alfadb.netbird.r1probeentryEntryAbility00Mon Aug 10 2026 01:54:43 GMT+080016777222167772190
CST 2026-08-10 01:54:44.808  1581  1581 I A01b01/HOME: DesktopAppIcon --> aboutToAppear
CST 2026-08-10 01:54:44.808  1581  1581 I A01b01/HOME: DesktopAppIcon --> The product does not need adding external screen apps
CST 2026-08-10 01:54:44.808  1581  1581 I A01b01/HOME: DesktopAppIcon --> iconSize: 58, iconRadius: 15.037037037037038 nameMarginTop 3.4482758620689657
CST 2026-08-10 01:54:44.811  1581  1581 W A01c06/ICON: AppIconCommonView --> aboutToAppear cn.alfadb.netbird.r1probe 1.
CST 2026-08-10 01:54:44.811  1581  1581 I A01c06/ICON: AppIconCommonEvent --> init: cn.alfadb.netbird.r1probe.
CST 2026-08-10 01:54:44.811  1581  1581 W A01b01/HOME: BadgeManager --> registerBadgeListener bundle:cn.alfadb.netbird.r1probe 0
CST 2026-08-10 01:54:44.812  1581  1581 I A01c06/ICON: AppIconCloneBadgeEvent --> initCloneAndDownloadBadgeType, badgeType: 6, cloneBadgeVisible : true
CST 2026-08-10 01:54:44.812  1581  1581 I A01c06/ICON: AppIconDisableMaskEvent --> enable: cn.alfadb.netbird.r1probe_false
CST 2026-08-10 01:54:44.812  1581  1581 I A01c06/ICON: AppIconCommonEvent --> initIconData, bundleName: cn.alfadb.netbird.r1probe, isOuterDesktop: false
CST 2026-08-10 01:54:44.812  1581  1581 I A01c06/ICON: AppIconModel --> bundleName: cn.alfadb.netbird.r1probe, not in dynamicIconList.
CST 2026-08-10 01:54:44.812  1581  1581 I A01c06/ICON: AppIconResConfig --> -100_AppIcon_Image_cn.alfadb.netbird.r1probeEntryAbilityentry0_undefined_0, init icon image,typeId:0, isDynamicIcon:false, isOnlineTheme:false, appStatus:0, iconResource is invalid:true
CST 2026-08-10 01:54:44.813  1581  1581 I A01b00/SCB: IconResourceManager: getCombIcon is penglai false, **.netbird.r1probe, entry, EntryAbility, 0, -100_AppIcon_Image_cn.alfadb.netbird.r1probeEntryAbilityentry0_undefined_0, false, false
CST 2026-08-10 01:54:44.813  1581  1581 I A01c06/ICON: AppIconCommonEvent --> initEventhubEvent, iconContainerOpacityKey is Opacity_AppIconRelative_cn.alfadb.netbird.r1probeEntryAbilityentry0
CST 2026-08-10 01:54:44.813  1581  1581 I A01c06/ICON: AppIconCommonEvent --> appInstall getAppUpdateEventId: cn.alfadb.netbird.r1probeEntryAbilityentry0 appStatus: 0
CST 2026-08-10 01:54:44.813  1581  1581 I A01b01/HOME: SCBTM: registerTransitionController, icon id:AppIcon_Image_cn.alfadb.netbird.r1probeEntryAbilityentry0_undefined_0
CST 2026-08-10 01:54:44.813  1581  1581 I A01b01/HOME: SCBTM: transitionControllerList length:12
CST 2026-08-10 01:54:44.813  1581  1581 W A01c06/ICON: AppIconCheckAndFixManager --> registerAppIconCheckAndFix cn.alfadb.netbird.r1probe
CST 2026-08-10 01:54:44.813  1581  1581 I A01b00/SCB: MemoryCache --> getCombIcon cacheKey cn.alfadb.netbird.r1probe#entryEntryAbility0
CST 2026-08-10 01:54:44.813  1581  1581 W A01b00/SCB: IconResourceManager: combIcon is empty: false, bundleName: **.netbird.r1probe
CST 2026-08-10 01:54:44.814  2470  2875 I A06666/AppGallery: random:1786298374039, index:0,[BundleManagerEx]:BundleInfoHelper-generateAppIdMap getAllBundleInfo for any user, bundleArray size:63
CST 2026-08-10 01:54:44.818  1581  1581 I A01c06/ICON: AppIconCommonView --> isVisible: true, cn.alfadb.netbird.r1probe
CST 2026-08-10 01:54:44.824  1581  1581 W A01c06/ICON: AppIconModel --> disableShadow:false, isBarPhone:true, isOuterHome:false, isOnlineTheme:false, extra:true, enforceEnableShadow: false
CST 2026-08-10 01:54:44.827  1581  1581 I A01b01/HOME: DesktopDragPointLightManager --> no point light found.
CST 2026-08-10 01:54:44.829  1581  1581 W A01c06/ICON: AppIconCommonView --> isShowInstallImage, bundleName:cn.alfadb.netbird.r1probe, itemShow:false
CST 2026-08-10 01:54:44.831  1581  1581 I A01c06/ICON: AppNameLiteModel --> aboutToAppear appName: R**e,len:15 labelId: 16777219 bundleName: cn.alfadb.netbird.r1probe, moduleName: entry, abilityName: EntryAbility typeId: 0 isNeedUpdateName: true, appStatus: 0
CST 2026-08-10 01:54:44.834  1581  1581 I A01b00/SCB: IconResourceManager: getAppNameWithCallback success from memoryCache, cachedAppName:R1 API 24 Probe, params:**.netbird.r1probe,entry,16777219,0
CST 2026-08-10 01:54:44.835  1581  1581 W A01c06/ICON: AppNameLiteModel --> updateFontColor:#ffffff
CST 2026-08-10 01:54:44.835  1581  1581 I A01c06/ICON: AppNameLiteModel --> initAppInstallEvent bundleName: cn.alfadb.netbird.r1probe
CST 2026-08-10 01:54:44.850  1581  1581 I A01c03/LM: GridItemPositionUtil: getCenterPosition offsetX: 0,90.22857142857143,180.45714285714286,270.6857142857143 offsetY: 0,100,200,300,400,500 area: 1,1 left:8.114285714285717 top:62.28571428571428
CST 2026-08-10 01:54:44.850  1581  1581 I A01c03/LM: GridItemPositionUtil: getCenterPosition offsetX: 0,90.22857142857143,180.45714285714286,270.6857142857143 offsetY: 0,100,200,300,400,500 area: 1,1 left:8.114285714285717 top:62.28571428571428
CST 2026-08-10 01:54:44.850  1581  1581 I A01c03/LM: GridItemPositionUtil: getCenterPosition offsetX: 0,90.22857142857143,180.45714285714286,270.6857142857143 offsetY: 0,100,200,300,400,500 area: 1,1 left:8.114285714285717 top:62.28571428571428
CST 2026-08-10 01:54:44.851  1581  1581 I A01c03/LM: GridItemPositionUtil: getCenterPosition offsetX: 0,90.22857142857143,180.45714285714286,270.6857142857143 offsetY: 0,100,200,300,400,500 area: 1,1 left:8.114285714285717 top:62.28571428571428
CST 2026-08-10 01:54:44.851  1581  1581 I A01c03/LM: GridItemPositionUtil: getCenterPosition offsetX: 0,90.22857142857143,180.45714285714286,270.6857142857143 offsetY: 0,100,200,300,400,500 area: 1,1 left:8.114285714285717 top:62.28571428571428
CST 2026-08-10 01:54:44.851  1581  1581 I A01c03/LM: GridItemPositionUtil: getCenterPosition offsetX: 0,90.22857142857143,180.45714285714286,270.6857142857143 offsetY: 0,100,200,300,400,500 area: 1,1 left:8.114285714285717 top:62.28571428571428
CST 2026-08-10 01:54:44.851  1581  1581 I A01c03/LM: GridItemPositionUtil: getCenterPosition offsetX: 0,90.22857142857143,180.45714285714286,270.6857142857143 offsetY: 0,100,200,300,400,500 area: 1,1 left:8.114285714285717 top:62.28571428571428
CST 2026-08-10 01:54:44.851  1581  1581 I A01c03/LM: GridItemPositionUtil: getCenterPosition offsetX: 0,90.22857142857143,180.45714285714286,270.6857142857143 offsetY: 0,100,200,300,400,500 area: 1,1 left:8.114285714285717 top:62.28571428571428
CST 2026-08-10 01:54:44.851  1581  1581 I A01c03/LM: GridItemPositionUtil: getCenterPosition offsetX: 0,90.22857142857143,180.45714285714286,270.6857142857143 offsetY: 0,100,200,300,400,500 area: 1,1 left:8.114285714285717 top:62.28571428571428
CST 2026-08-10 01:54:44.851  1581  1581 I A01c03/LM: GridItemPositionUtil: getCenterPosition offsetX: 0,90.22857142857143,180.45714285714286,270.6857142857143 offsetY: 0,100,200,300,400,500 area: 1,1 left:8.114285714285717 top:62.28571428571428
CST 2026-08-10 01:54:44.851  1581  1581 I A01c03/LM: GridItemPositionUtil: getCenterPosition offsetX: 0,90.22857142857143,180.45714285714286,270.6857142857143 offsetY: 0,100,200,300,400,500 area: 1,1 left:8.114285714285717 top:62.28571428571428
CST 2026-08-10 01:54:44.851  1581  1581 I A01c03/LM: GridItemPositionUtil: getCenterPosition offsetX: 0,90.22857142857143,180.45714285714286,270.6857142857143 offsetY: 0,100,200,300,400,500 area: 1,1 left:8.114285714285717 top:62.28571428571428
CST 2026-08-10 01:54:44.851  1581  1581 I A01c03/LM: GridItemPositionUtil: getCenterPosition offsetX: 0,90.22857142857143,180.45714285714286,270.6857142857143 offsetY: 0,100,200,300,400,500 area: 1,1 left:8.114285714285717 top:62.28571428571428
CST 2026-08-10 01:54:44.852  1581  1581 W A01b01/HOME: PhoneLayoutRulesControllers --> calculateDock DockHeight: 82, mSysUIBottomHeight: 0
CST 2026-08-10 01:54:44.852  1581  1581 I A01b01/HOME: PhoneLayoutRulesControllers --> phone dock layout: {"mDockGap":18,"mIconSize":58,"mBackgroundColor":"#85FAFAFA","mBackdropBlur":0,"mBackSaturation":1.4,"mListItemWidth":58,"mListItemHeight":58,"mListItemGap":32.228571428571435,"mDockPadding":12,"mMaxNum":5,"mMaxRecentNum":0,"mMaxDockNum":5,"mMinResidentNum":0,"mDockHeight":82,"mMarginBottom":28,"mRecentArrowWidth":0,"mRecentArrowHeight":0,"mRecentArrowPadding":0,"mRecentArrowGap":0} this.mBaseConfig.getDockHeight() 108
CST 2026-08-10 01:54:44.852  1581  1581 I A01c03/LM: SmartDockStyleConfig: updateDockStyle, isInPreviewMode:false, iconSizeScale:, mIconSize:58, mIconRadius:15.037037037037038, mDockRadius:27.037037037037038
CST 2026-08-10 01:54:44.852  1581  1581 I A01c03/LM: SmartDockStyleConfig: dock init config mIconSize:58, mDockHeight:82, mMarginBottom:28
CST 2026-08-10 01:54:44.852  1581  1581 W A01b01/HOME: PhoneLayoutRulesControllers --> calculateDock DockHeight: 82, mSysUIBottomHeight: 0
CST 2026-08-10 01:54:44.853  1581  1581 I A01b01/HOME: PhoneLayoutRulesControllers --> phone dock layout: {"mDockGap":18,"mIconSize":58,"mBackgroundColor":"#85FAFAFA","mBackdropBlur":0,"mBackSaturation":1.4,"mListItemWidth":58,"mListItemHeight":58,"mListItemGap":32.228571428571435,"mDockPadding":12,"mMaxNum":5,"mMaxRecentNum":0,"mMaxDockNum":5,"mMinResidentNum":0,"mDockHeight":82,"mMarginBottom":28,"mRecentArrowWidth":0,"mRecentArrowHeight":0,"mRecentArrowPadding":0,"mRecentArrowGap":0} this.mBaseConfig.getDockHeight() 108
CST 2026-08-10 01:54:44.853  1581  1581 I A01c03/LM: SmartDockStyleConfig: updateDockStyle, isInPreviewMode:false, iconSizeScale:, mIconSize:58, mIconRadius:15.037037037037038, mDockRadius:27.037037037037038
CST 2026-08-10 01:54:44.853  1581  1581 I A01c03/LM: SmartDockStyleConfig: dock init config mIconSize:58, mDockHeight:82, mMarginBottom:28
CST 2026-08-10 01:54:44.853  1581  1581 I A01b01/HOME: GridLayout2ThemeManager --> REFRESH_PAGE_DESKTOP sendLayoutChange return for not change 0_aboutToAppear_0
CST 2026-08-10 01:54:44.853  1581  1581 I A01b01/HOME: PreLoadViewModel --> preloadNextPage begin preloadPageIndex: 1/2, tryCount: 1
CST 2026-08-10 01:54:44.854  1581  1581 I A01b01/HOME: PreLoadViewModel --> preloadNextPage preload done, page: 1/2
CST 2026-08-10 01:54:44.854  1581  1581 I A01b01/HOME: SettingsDataManager: setValue:true
CST 2026-08-10 01:54:44.876  1581  1581 I A01b01/HOME: PreLoadViewModel --> End to preload swiperPage as the preloadPage is -1
CST 2026-08-10 01:54:44.914  2470  2470 I A00000/moduleframework: save module cache:userInfo
CST 2026-08-10 01:54:44.930  1581  1753 W A01b00/SCB: GraphicUtils --> combinePic from HdsIcon, bundleName: com.ohos.certmanager, iconSizeOfGrid: 64, hasBorder: true
CST 2026-08-10 01:54:44.930  1581  1753 I A01b00/SCB: IconResourceFwk --> getBundleIcon end param: com.ohos.certmanager, 64, true true
CST 2026-08-10 01:54:44.942  1581  1753 I A01a01/NC: NotificationConfigManager: update icon result: com.ohos.certmanager, 63334
CST 2026-08-10 01:54:44.942  1581  1753 I A01b00/SCB: IconResourceFwk --> getBundleIcon start param: com.huawei.hmos.spooler, 64, true true
CST 2026-08-10 01:54:44.942  1581  1753 W A01b00/SCB: IconResourceUtils --> getIconResource from bms getBundleResourceInfo for com.huawei.hmos.spooler 0
CST 2026-08-10 01:54:44.970  1581  1753 W A01b00/SCB: GraphicUtils --> com.huawei.hmos.spooler - getHdsIcon, size: (64, 64), pixelFormat: 4, leftTopPixel is transparent: true, 0-0-0-0
CST 2026-08-10 01:54:45.146  1581  1581 W A01c06/ICON: AppIconWeatherModel --> initWeatherListener, retryTimes: 4
CST 2026-08-10 01:54:45.165  1581  1581 E A01c06/ICON: AppIconWeatherModel --> get weather info failed, code: 15700010, message: The DataShareHelper is not initialized successfully.
CST 2026-08-10 01:54:45.244  2746  2746 I A02900/N0NativeCore: N0 overlay module initialized
CST 2026-08-10 01:54:45.245  2746  2746 I A02900/N0NativeCoreTest: TestRunner onPrepare
CST 2026-08-10 01:54:45.283  2746  2746 I A02900/N0NativeCore: N0_RUNPROBE|version=n0-native-core/0.1.0+boringtun-0.7.1|smokeOk=1|x25519Ok=1|tunnelOk=1|tickOp=0|tickSize=0
CST 2026-08-10 01:54:45.284  2746  2746 I A02900/N0NativeCoreTest: N0_CORE_PROBE_RESULT|verdict=PASS|N0 runProbe PASS version=n0-native-core/0.1.0+boringtun-0.7.1 keyLen=44 tickOp=0 tickSize=0
CST 2026-08-10 01:54:45.285  1581  1581 I A01b00/SCB: ASCFWindowManager: atomicserviceInfoList: 3
CST 2026-08-10 01:54:45.393  1581  1753 W A01b00/SCB: GraphicUtils --> combinePic from HdsIcon, bundleName: com.huawei.hmos.spooler, iconSizeOfGrid: 64, hasBorder: true
CST 2026-08-10 01:54:45.393  1581  1753 I A01b00/SCB: IconResourceFwk --> getBundleIcon end param: com.huawei.hmos.spooler, 64, true true
CST 2026-08-10 01:54:45.399  1581  1753 I A01a01/NC: NotificationConfigManager: update icon result: com.huawei.hmos.spooler, 26398
CST 2026-08-10 01:54:45.399  1581  1753 I A01b00/SCB: IconResourceFwk --> getBundleIcon start param: com.huawei.hmos.browser, 64, true true
CST 2026-08-10 01:54:45.399  1581  1753 W A01b00/SCB: IconResourceUtils --> getIconResource from bms getBundleResourceInfo for com.huawei.hmos.browser 0
CST 2026-08-10 01:54:45.415  1581  1581 W A01a00/SYS_UI: AppLifeCycleManager: onProcessDied, uid: 20020062, bundleName: cn.alfadb.netbird.r1probe, pid: 2746
CST 2026-08-10 01:54:45.433  1581  1753 W A01b00/SCB: GraphicUtils --> com.huawei.hmos.browser - getHdsIcon, size: (512, 512), pixelFormat: 4, leftTopPixel is transparent: true, 0-0-0-0
CST 2026-08-10 01:54:45.533  1581  1753 W A01b00/SCB: GraphicUtils --> combinePic from HdsIcon, bundleName: com.huawei.hmos.browser, iconSizeOfGrid: 64, hasBorder: true
CST 2026-08-10 01:54:45.533  1581  1753 I A01b00/SCB: IconResourceFwk --> getBundleIcon end param: com.huawei.hmos.browser, 64, true true
CST 2026-08-10 01:54:45.551  1581  1753 I A01a01/NC: NotificationConfigManager: update icon result: com.huawei.hmos.browser, 41350
CST 2026-08-10 01:54:45.551  1581  1753 I A01b00/SCB: IconResourceFwk --> getBundleIcon start param: com.ohos.commondialog, 64, true true
CST 2026-08-10 01:54:45.551  1581  1753 W A01b00/SCB: IconResourceUtils --> getIconResource from bms getBundleResourceInfo for com.ohos.commondialog 0
CST 2026-08-10 01:54:45.553  1581  1753 W A01b00/SCB: GraphicUtils --> com.ohos.commondialog - getHdsIcon, size: (114, 114), pixelFormat: 4, leftTopPixel is transparent: true, 0-0-0-0
CST 2026-08-10 01:54:46.166  1581  1581 W A01c06/ICON: AppIconWeatherModel --> initWeatherListener, retryTimes: 4
CST 2026-08-10 01:54:46.173  1581  1581 E A01c06/ICON: AppIconWeatherModel --> get weather info failed, code: 15700010, message: The DataShareHelper is not initialized successfully.
