command=[BETA_HDC] -t 127.0.0.1:10000 shell hilog -x -t app -v year -v zone
capture_scope=complete app buffer after hilog -r and the measured aa test; no tag, PID, or bundle filter
CST 2026-07-17 02:26:30.031  2128  2128 W A01c06/ICON: AppIconWeatherModel --> initWeatherListener, retryTimes: 4
CST 2026-07-17 02:26:30.037  2128  2128 E A01c06/ICON: AppIconWeatherModel --> get weather info failed, code: 15700010, message: The DataShareHelper is not initialized successfully.
CST 2026-07-17 02:26:30.124  3191  3191 I A02900/R1Api24Probe: Node-API module initialized
CST 2026-07-17 02:26:30.125  3191  3191 I A02900/R1Api24ProbeTest: TestRunner onPrepare
CST 2026-07-17 02:26:30.137  3191  3191 I A02900/R1Api24Probe: Node-API ping invoked
CST 2026-07-17 02:26:30.137  3191  3191 I A02900/R1Api24ProbeTest: Node-API result ping=pong version=r1-api24-probe/0.0.1
CST 2026-07-17 02:26:30.138  3191  3191 I A02900/R1Api24Probe: Go probe stage=start detail=begin x86_64 Go c-shared runtime probe
CST 2026-07-17 02:26:30.138  3191  3191 I A02900/R1Api24Probe: Go probe stage=dlopen detail=calling dlopen RTLD_NOW|RTLD_LOCAL for libgoprobe.so
CST 2026-07-17 02:26:30.139  3191  3191 E A02900/R1Api24Probe: Go probe stage=dlopen failed detail=dlopen libgoprobe.so failed dlerror=Error relocating /data/storage/el1/bundle/libs/x86_64/libgoprobe.so: res_search: initial-exec TLS resolves to dynamic definition in /data/storage/el1/bundle/libs/x86_64/libgoprobe.so; errno=2 (No such file or directory)
CST 2026-07-17 02:26:30.140  3191  3191 I A02900/R1Api24ProbeTest: Go probe ok=false stage=dlopen detail=dlopen libgoprobe.so failed dlerror=Error relocating /data/storage/el1/bundle/libs/x86_64/libgoprobe.so: res_search: initial-exec TLS resolves to dynamic definition in /data/storage/el1/bundle/libs/x86_64/libgoprobe.so; errno=2 (No such file or directory) hello=-1 runtimeBytes=-1 netDialCode=-1
CST 2026-07-17 02:26:30.140  3191  3191 E A02900/R1Api24ProbeTest: Go probe assertion failed: Go probe ok=false stage=dlopen detail=dlopen libgoprobe.so failed dlerror=Error relocating /data/storage/el1/bundle/libs/x86_64/libgoprobe.so: res_search: initial-exec TLS resolves to dynamic definition in /data/storage/el1/bundle/libs/x86_64/libgoprobe.so; errno=2 (No such file or directory) hello=-1 runtimeBytes=-1 netDialCode=-1
CST 2026-07-17 02:26:30.149  2128  2128 W A01a00/SYS_UI: AppLifeCycleManager: onProcessDied, uid: 20020062, bundleName: cn.alfadb.netbird.r1probe, pid: 3191
CST 2026-07-17 02:26:31.037  2128  2128 W A01c06/ICON: AppIconWeatherModel --> initWeatherListener, retryTimes: 4
CST 2026-07-17 02:26:31.046  2128  2128 E A01c06/ICON: AppIconWeatherModel --> get weather info failed, code: 15700010, message: The DataShareHelper is not initialized successfully.
CST 2026-07-17 02:26:32.047  2128  2128 W A01c06/ICON: AppIconWeatherModel --> initWeatherListener, retryTimes: 4
CST 2026-07-17 02:26:32.055  2128  2128 E A01c06/ICON: AppIconWeatherModel --> get weather info failed, code: 15700010, message: The DataShareHelper is not initialized successfully.
CST 2026-07-17 02:26:33.056  2128  2128 W A01c06/ICON: AppIconWeatherModel --> initWeatherListener, retryTimes: 4
CST 2026-07-17 02:26:33.063  2128  2128 E A01c06/ICON: AppIconWeatherModel --> get weather info failed, code: 15700010, message: The DataShareHelper is not initialized successfully.
CST 2026-07-17 02:26:34.065  2128  2128 W A01c06/ICON: AppIconWeatherModel --> initWeatherListener, retryTimes: 4
CST 2026-07-17 02:26:34.075  2128  2128 E A01c06/ICON: AppIconWeatherModel --> get weather info failed, code: 15700010, message: The DataShareHelper is not initialized successfully.
CST 2026-07-17 02:26:35.074  2128  2128 W A01c06/ICON: AppIconWeatherModel --> initWeatherListener, retryTimes: 4
CST 2026-07-17 02:26:35.089  2128  2128 E A01c06/ICON: AppIconWeatherModel --> get weather info failed, code: 15700010, message: The DataShareHelper is not initialized successfully.
CST 2026-07-17 02:26:36.090  2128  2128 W A01c06/ICON: AppIconWeatherModel --> initWeatherListener, retryTimes: 4
CST 2026-07-17 02:26:36.124  2128  2128 E A01c06/ICON: AppIconWeatherModel --> get weather info failed, code: 15700010, message: The DataShareHelper is not initialized successfully.
CST 2026-07-17 02:26:36.731  2128  2128 I A01a00/SYS_UI: MaintenanceRecord: Send maintenance event(2), extendType(undefined), ext: [{"bundleName":"SMART_REMINDER_SWITCH","ntfType":0,"clickRegion":20,"moreInfo":"{}","errorCodes":[2010]}]
CST 2026-07-17 02:26:36.732  2128  2128 I A01a00/SYS_UI: MaintenanceRecord: Send maintenance event(2) to push success
CST 2026-07-17 02:26:37.137  2128  2128 W A01c06/ICON: AppIconWeatherModel --> initWeatherListener, retryTimes: 4
CST 2026-07-17 02:26:37.145  2128  2128 E A01c06/ICON: AppIconWeatherModel --> get weather info failed, code: 15700010, message: The DataShareHelper is not initialized successfully.
CST 2026-07-17 02:26:38.145  2128  2128 W A01c06/ICON: AppIconWeatherModel --> initWeatherListener, retryTimes: 4
CST 2026-07-17 02:26:38.177  2128  2128 E A01c06/ICON: AppIconWeatherModel --> get weather info failed, code: 15700010, message: The DataShareHelper is not initialized successfully.
CST 2026-07-17 02:26:39.178  2128  2128 W A01c06/ICON: AppIconWeatherModel --> initWeatherListener, retryTimes: 4
CST 2026-07-17 02:26:39.209  2128  2128 E A01c06/ICON: AppIconWeatherModel --> get weather info failed, code: 15700010, message: The DataShareHelper is not initialized successfully.
CST 2026-07-17 02:26:40.210  2128  2128 W A01c06/ICON: AppIconWeatherModel --> initWeatherListener, retryTimes: 4
CST 2026-07-17 02:26:40.218  2128  2128 E A01c06/ICON: AppIconWeatherModel --> get weather info failed, code: 15700010, message: The DataShareHelper is not initialized successfully.
CST 2026-07-17 02:26:41.220  2128  2128 W A01c06/ICON: AppIconWeatherModel --> initWeatherListener, retryTimes: 4
CST 2026-07-17 02:26:41.228  2128  2128 E A01c06/ICON: AppIconWeatherModel --> get weather info failed, code: 15700010, message: The DataShareHelper is not initialized successfully.
CST 2026-07-17 02:26:42.230  2128  2128 W A01c06/ICON: AppIconWeatherModel --> initWeatherListener, retryTimes: 4
CST 2026-07-17 02:26:42.241  2128  2128 E A01c06/ICON: AppIconWeatherModel --> get weather info failed, code: 15700010, message: The DataShareHelper is not initialized successfully.
CST 2026-07-17 02:26:43.242  2128  2128 W A01c06/ICON: AppIconWeatherModel --> initWeatherListener, retryTimes: 4
CST 2026-07-17 02:26:43.253  2128  2128 E A01c06/ICON: AppIconWeatherModel --> get weather info failed, code: 15700010, message: The DataShareHelper is not initialized successfully.
CST 2026-07-17 02:26:44.253  2128  2128 W A01c06/ICON: AppIconWeatherModel --> initWeatherListener, retryTimes: 4
CST 2026-07-17 02:26:44.260  2128  2128 E A01c06/ICON: AppIconWeatherModel --> get weather info failed, code: 15700010, message: The DataShareHelper is not initialized successfully.
CST 2026-07-17 02:26:45.261  2128  2128 W A01c06/ICON: AppIconWeatherModel --> initWeatherListener, retryTimes: 4
CST 2026-07-17 02:26:45.269  2128  2128 E A01c06/ICON: AppIconWeatherModel --> get weather info failed, code: 15700010, message: The DataShareHelper is not initialized successfully.
CST 2026-07-17 02:26:46.269  2128  2128 W A01c06/ICON: AppIconWeatherModel --> initWeatherListener, retryTimes: 4
CST 2026-07-17 02:26:46.278  2128  2128 E A01c06/ICON: AppIconWeatherModel --> get weather info failed, code: 15700010, message: The DataShareHelper is not initialized successfully.
CST 2026-07-17 02:26:47.278  2128  2128 W A01c06/ICON: AppIconWeatherModel --> initWeatherListener, retryTimes: 4
CST 2026-07-17 02:26:47.286  2128  2128 E A01c06/ICON: AppIconWeatherModel --> get weather info failed, code: 15700010, message: The DataShareHelper is not initialized successfully.
CST 2026-07-17 02:26:48.286  2128  2128 W A01c06/ICON: AppIconWeatherModel --> initWeatherListener, retryTimes: 4
CST 2026-07-17 02:26:48.295  2128  2128 E A01c06/ICON: AppIconWeatherModel --> get weather info failed, code: 15700010, message: The DataShareHelper is not initialized successfully.
CST 2026-07-17 02:26:49.295  2128  2128 W A01c06/ICON: AppIconWeatherModel --> initWeatherListener, retryTimes: 4
CST 2026-07-17 02:26:49.315  2128  2128 E A01c06/ICON: AppIconWeatherModel --> get weather info failed, code: 15700010, message: The DataShareHelper is not initialized successfully.
CST 2026-07-17 02:26:50.315  2128  2128 W A01c06/ICON: AppIconWeatherModel --> initWeatherListener, retryTimes: 4
CST 2026-07-17 02:26:50.323  2128  2128 E A01c06/ICON: AppIconWeatherModel --> get weather info failed, code: 15700010, message: The DataShareHelper is not initialized successfully.
CST 2026-07-17 02:26:51.324  2128  2128 W A01c06/ICON: AppIconWeatherModel --> initWeatherListener, retryTimes: 4
CST 2026-07-17 02:26:51.328  2128  2128 E A01c06/ICON: AppIconWeatherModel --> get weather info failed, code: 15700010, message: The DataShareHelper is not initialized successfully.
CST 2026-07-17 02:26:52.344  2128  2128 W A01c06/ICON: AppIconWeatherModel --> initWeatherListener, retryTimes: 4
CST 2026-07-17 02:26:52.353  2128  2128 E A01c06/ICON: AppIconWeatherModel --> get weather info failed, code: 15700010, message: The DataShareHelper is not initialized successfully.
CST 2026-07-17 02:26:53.354  2128  2128 W A01c06/ICON: AppIconWeatherModel --> initWeatherListener, retryTimes: 4
CST 2026-07-17 02:26:53.386  2128  2128 E A01c06/ICON: AppIconWeatherModel --> get weather info failed, code: 15700010, message: The DataShareHelper is not initialized successfully.
CST 2026-07-17 02:26:54.386  2128  2128 W A01c06/ICON: AppIconWeatherModel --> initWeatherListener, retryTimes: 4
CST 2026-07-17 02:26:54.414  2128  2128 E A01c06/ICON: AppIconWeatherModel --> get weather info failed, code: 15700010, message: The DataShareHelper is not initialized successfully.
CST 2026-07-17 02:26:55.415  2128  2128 W A01c06/ICON: AppIconWeatherModel --> initWeatherListener, retryTimes: 4
CST 2026-07-17 02:26:55.445  2128  2128 E A01c06/ICON: AppIconWeatherModel --> get weather info failed, code: 15700010, message: The DataShareHelper is not initialized successfully.
CST 2026-07-17 02:26:56.248  2128  2128 W A01b06/KG: CoverViewController: cover_type register failed, retryCount: 3
CST 2026-07-17 02:26:56.447  2128  2128 W A01c06/ICON: AppIconWeatherModel --> initWeatherListener, retryTimes: 4
CST 2026-07-17 02:26:56.455  2128  2128 E A01c06/ICON: AppIconWeatherModel --> get weather info failed, code: 15700010, message: The DataShareHelper is not initialized successfully.
CST 2026-07-17 02:26:57.455  2128  2128 W A01c06/ICON: AppIconWeatherModel --> initWeatherListener, retryTimes: 4
CST 2026-07-17 02:26:57.462  2128  2128 E A01c06/ICON: AppIconWeatherModel --> get weather info failed, code: 15700010, message: The DataShareHelper is not initialized successfully.
CST 2026-07-17 02:26:58.462  2128  2128 W A01c06/ICON: AppIconWeatherModel --> initWeatherListener, retryTimes: 4
CST 2026-07-17 02:26:58.470  2128  2128 E A01c06/ICON: AppIconWeatherModel --> get weather info failed, code: 15700010, message: The DataShareHelper is not initialized successfully.
CST 2026-07-17 02:26:59.471  2128  2128 W A01c06/ICON: AppIconWeatherModel --> initWeatherListener, retryTimes: 4
CST 2026-07-17 02:26:59.479  2128  2128 E A01c06/ICON: AppIconWeatherModel --> get weather info failed, code: 15700010, message: The DataShareHelper is not initialized successfully.
CST 2026-07-17 02:26:59.806  2128  2128 W A01b06/KG: CoverViewController: cover_type register failed, retryCount: 2
CST 2026-07-17 02:27:00.020  2128  2128 I A01b05/AOD: AodDateTimeModel: time = 02:27, date = Fri, Jul 17, lunar = 
CST 2026-07-17 02:27:00.021  2128  2128 I A01a01/NC: StatusBarSysEventUtil: onTimeChangeEvent
CST 2026-07-17 02:27:00.022  2128  2128 I A01b07/IMKG: ClockWidget: timeChange to 02:27, date Jul 17 or 07/17, week Fri, lunar 
CST 2026-07-17 02:27:00.022  2128  2128 W A01b07/IMKG: ClockData: onClockDataChange time:02:27, week=Fri
CST 2026-07-17 02:27:00.023  2128  2128 W A01c06/ICON: AppIconCalendarCache --> receive date change event, nowData: 17, dateText: ,image is transparent: false, image is empty: true
CST 2026-07-17 02:27:00.023  2128  2128 W A01c06/ICON: AppIconCalendarCache --> com.huawei.hmos.calendar is not dynamic icon, bundleName is com.huawei.hmos.calendar
CST 2026-07-17 02:27:00.023  2128  2128 E A01c06/ICON: AppIconCalendarCache --> backgroundImage resource error
CST 2026-07-17 02:27:00.023  2128  2128 E A01c06/ICON: AppIconCalendarCache --> calendarForegroundBuilder is null
CST 2026-07-17 02:27:00.479  2128  2128 W A01c06/ICON: AppIconWeatherModel --> initWeatherListener, retryTimes: 4
CST 2026-07-17 02:27:00.487  2128  2128 E A01c06/ICON: AppIconWeatherModel --> get weather info failed, code: 15700010, message: The DataShareHelper is not initialized successfully.
CST 2026-07-17 02:27:01.487  2128  2128 W A01c06/ICON: AppIconWeatherModel --> initWeatherListener, retryTimes: 4
CST 2026-07-17 02:27:01.496  2128  2128 E A01c06/ICON: AppIconWeatherModel --> get weather info failed, code: 15700010, message: The DataShareHelper is not initialized successfully.
CST 2026-07-17 02:27:02.497  2128  2128 W A01c06/ICON: AppIconWeatherModel --> initWeatherListener, retryTimes: 4
CST 2026-07-17 02:27:02.505  2128  2128 E A01c06/ICON: AppIconWeatherModel --> get weather info failed, code: 15700010, message: The DataShareHelper is not initialized successfully.
CST 2026-07-17 02:27:03.506  2128  2128 W A01c06/ICON: AppIconWeatherModel --> initWeatherListener, retryTimes: 4
CST 2026-07-17 02:27:03.514  2128  2128 E A01c06/ICON: AppIconWeatherModel --> get weather info failed, code: 15700010, message: The DataShareHelper is not initialized successfully.
CST 2026-07-17 02:27:04.517  2128  2128 W A01c06/ICON: AppIconWeatherModel --> initWeatherListener, retryTimes: 4
CST 2026-07-17 02:27:04.519  2128  2128 E A01c06/ICON: AppIconWeatherModel --> get weather info failed, code: 15700010, message: The DataShareHelper is not initialized successfully.
CST 2026-07-17 02:27:05.519  2128  2128 W A01c06/ICON: AppIconWeatherModel --> initWeatherListener, retryTimes: 4
CST 2026-07-17 02:27:05.530  2128  2128 E A01c06/ICON: AppIconWeatherModel --> get weather info failed, code: 15700010, message: The DataShareHelper is not initialized successfully.
CST 2026-07-17 02:27:06.532  2128  2128 W A01c06/ICON: AppIconWeatherModel --> initWeatherListener, retryTimes: 4
CST 2026-07-17 02:27:06.540  2128  2128 E A01c06/ICON: AppIconWeatherModel --> get weather info failed, code: 15700010, message: The DataShareHelper is not initialized successfully.
CST 2026-07-17 02:27:07.540  2128  2128 W A01c06/ICON: AppIconWeatherModel --> initWeatherListener, retryTimes: 4
CST 2026-07-17 02:27:07.550  2128  2128 E A01c06/ICON: AppIconWeatherModel --> get weather info failed, code: 15700010, message: The DataShareHelper is not initialized successfully.
CST 2026-07-17 02:27:08.550  2128  2128 W A01c06/ICON: AppIconWeatherModel --> initWeatherListener, retryTimes: 4
CST 2026-07-17 02:27:08.559  2128  2128 E A01c06/ICON: AppIconWeatherModel --> get weather info failed, code: 15700010, message: The DataShareHelper is not initialized successfully.
CST 2026-07-17 02:27:09.561  2128  2128 W A01c06/ICON: AppIconWeatherModel --> initWeatherListener, retryTimes: 4
CST 2026-07-17 02:27:09.604  2128  2128 E A01c06/ICON: AppIconWeatherModel --> get weather info failed, code: 15700010, message: The DataShareHelper is not initialized successfully.
CST 2026-07-17 02:27:10.604  2128  2128 W A01c06/ICON: AppIconWeatherModel --> initWeatherListener, retryTimes: 4
CST 2026-07-17 02:27:10.613  2128  2128 E A01c06/ICON: AppIconWeatherModel --> get weather info failed, code: 15700010, message: The DataShareHelper is not initialized successfully.
CST 2026-07-17 02:27:11.614  2128  2128 W A01c06/ICON: AppIconWeatherModel --> initWeatherListener, retryTimes: 4
CST 2026-07-17 02:27:11.623  2128  2128 E A01c06/ICON: AppIconWeatherModel --> get weather info failed, code: 15700010, message: The DataShareHelper is not initialized successfully.
CST 2026-07-17 02:27:12.623  2128  2128 W A01c06/ICON: AppIconWeatherModel --> initWeatherListener, retryTimes: 4
CST 2026-07-17 02:27:12.632  2128  2128 E A01c06/ICON: AppIconWeatherModel --> get weather info failed, code: 15700010, message: The DataShareHelper is not initialized successfully.
CST 2026-07-17 02:27:13.632  2128  2128 W A01c06/ICON: AppIconWeatherModel --> initWeatherListener, retryTimes: 4
CST 2026-07-17 02:27:13.639  2128  2128 E A01c06/ICON: AppIconWeatherModel --> get weather info failed, code: 15700010, message: The DataShareHelper is not initialized successfully.
