
[metadata]
evidence_id=EV-R1-EMU24-20260717-0004
hap_object_id=EO-R1-EMU24-20260717-0004-HAP-01
information_status=current-measured
record_status=draft
stage=R1
purpose=API 24 visible Emulator root-cause experiment and existing unsigned HAP smoke
started_at=2026-07-17T01:38:02+08:00
clock_source=host CLOCK_REALTIME via date --iso-8601=seconds and Emulator logs
timezone=Asia/Shanghai (+08:00)
working_directory=[WORKSPACE]
original_tmux_pane=netbird:0.0 %45
runtime_tmux_session=harmonyos-api24-display-exp1-rerun
instance=netbird_api24_phone
target=127.0.0.1:10000
display_in_caller_environment=unset
selected_display=:1
selected_xauthority=[HOME]/.Xauthority
launch_delta_from_helper=removed trailing -noWindow only; DISPLAY and XAUTHORITY supplied to the process environment
software_gpu_experiment_policy=only if experiment 1 fails for X/renderer and Emulator --help explicitly supports a software renderer
software_gpu_help_support=no
stable_hdc_target_operations=none
hap_path=[WORKSPACE]/spikes/r1-api24-hap/entry/build/default/outputs/default/entry-default-unsigned.hap
hap_audit_boundary=mutable ignored build output; not copied to an immutable artifact archive; this evidence binds only the pre-install SHA-256, size, mtime, and object ID

[preconditions_and_no_residuals]
Parent preflight removed the prior Beta HDC server and found no Emulator/qemu process, port 10000/5555/8710 listener, experiment tmux session, or repository-root .hvigor. Harness sessions netbird, pi, and pi-router were intentionally preserved.
$ tmux list-panes -a -F session=#\{session_name\}\ window=#\{window_index\}\ pane=#\{pane_index\}\ pane_id=#\{pane_id\}\ pid=#\{pane_pid\}\ dead=#\{pane_dead\}\ command=#\{pane_current_command\}
session=harmonyos-api24-display-exp1-rerun window=0 pane=0 pane_id=%51 pid=526768 dead=0 command=bash
session=netbird window=0 pane=0 pane_id=%45 pid=4156983 dead=0 command=pi
session=pi window=0 pane=0 pane_id=%30 pid=3496939 dead=0 command=pi
session=pi-router window=0 pane=0 pane_id=%29 pid=3490996 dead=0 command=pi
EXIT=0
$ ps -u "$USER" -o pid,args | search exact Emulator/qemu/HDC server processes
 526776 awk $0 ~ /\/Emulator( |$)|qemu-system|hdc -m -s/ {print}
$ ss -ltnp | search ports 10000, 5555, and 8710
$ find [WORKSPACE] -maxdepth 1 -name .hvigor -print
EXIT=0
$ ls -l /dev/kvm
crw-rw---- 1 root rdma 10, 232 Jul 17 01:35 /dev/kvm
EXIT=0
$ exec 9<>/dev/kvm && printf KVM-fd-opened && exec 9>&-
KVM_FD_OPENED=true
$ readlink -f [HARMONY_HOME]/emulator-current
[HARMONY_HOME]/command-line-tools/26.0.0.461
EXIT=0
$ [HARMONY_HOME]/emulator-current/bin/Emulator -version
HarmonyOS Emulator :26.0.0.200
EXIT=0
$ [HARMONY_HOME]/emulator-current/sdk/default/openharmony/toolchains/hdc -v
Ver: 3.2.0e
EXIT=0
$ test no Beta HDC server remains after parent cleanup
RESIDUAL_HDC_SERVER=false

[display_and_renderer_preflight]
$ env | search DISPLAY/WAYLAND/XAUTHORITY in caller context
No DISPLAY, WAYLAND_DISPLAY, or XAUTHORITY variable was inherited by the caller.
$ ls -l /tmp/.X11-unix/X1
srwxrwxrwx 1 worker worker 0 Jul 11 15:05 /tmp/.X11-unix/X1
$ DISPLAY=:1 XAUTHORITY=[HOME]/.Xauthority xdpyinfo (selected fields)
name of display:    :1
vendor string:    The X.Org Foundation
vendor release number:    12101016
    GLX
    RENDER
    XTEST
  dimensions:    1920x1080 pixels (509x286 millimeters)
  depth of root window:    24 planes
$ DISPLAY=:1 XAUTHORITY=[HOME]/.Xauthority glxinfo -B
glxinfo unavailable on host; no package was installed.
$ ls -l /dev/dri
total 0
crw-rw---- 1 root video 226,   1 Jul 11 15:05 card1
crw-rw---- 1 root video 226,   2 Jul 11 15:05 card2
crw-rw---- 1 root kvm   226, 128 Jul 11 15:05 renderD128
$ [EMULATOR] --help
These are common Emulator commands used in various situations: 
Emulator [-start <name> [-instancePath <path> -imageRoot <path> -bootMode <mode> -noWindow
            -grpcServer -grpcPort <port> -noAuth -pem_cert_chain <path>
            -pem_private_key <path> -pem_root_certs <path>]] 
         [-create <name> -deviceType <type> -osVersion <version> [-instancePath <path> -imageRoot <path>
            -screenProfile <model> -screen <config> -storage <size> -memory <size> -hotBoot <true/false>]]
         [-delete <name> [-instancePath <path> -force]] 
         [-imageList [-deviceType <type> -downloaded <true/false> -http_proxy <url>]]
         [-install -deviceType <type> -osVersion <version> [-imageRoot <path> -http_proxy <url> -force]] 
         [-uninstall -deviceType <type> -osVersion <version> [-imageRoot <path> -force]] 
         [-logZip <name> -logPath <path>] 
         [-stop <name>] 
         [-version] 
         [-list [-details]] 
         [-screenProfileList [-deviceType <type> -details -update -http_proxy <url>]] 
         [-license [accept]] 
         [-config [-instancePath <path> -imageRoot <path> -http_proxy <url>]] 
         [-unset <instancePath/imageRoot/http_proxy>] 
         [-instance <name> [-shake|-foldedState <foldstate>|-rotation <left/right>|-power|-volume <up/down>|
            -screenshot [-screenshotPath <path>]|-battery <level>|-batteryStatus <status>|
            -gps -latitude <latitude>/-longitude <longitude>/-altitude <altitude>/-city <city>/-bearing <bearing>|
            -outdoorRunning|-outdoorCycling|-drivingNavigation|-sensor -light <light>/-steps <steps>/
            -heartrate <heartrate>]]

-license:              Display all license agreements, use "accept" to auto-accept
-start/-hvd:           Start the emulator (HarmonyOS software service agreement must be accepted)
-noWindow:             Start the emulator without GUI window
-stop:                 Stop the emulator
-instancePath/-path:   Emulator instance directory
-imageRoot:            Emulator image root directory
-list:                 List all emulator instances
-version:              Show emulator version
-hdcPort:              Specify hdc port (10000~16555)
-logZip:               Collect the emulator logs
-logPath:              Directory for collected logs
-create:               Create a new emulator instance
-delete:               Delete the specified emulator instance
-deviceType:           Specify emulator device type
-osVersion:            Specify HarmonyOS image version
-screenProfile:        Specify screen profile model
-screen:               Specify screen configuration
-storage               Virtual storage size in GBs (2~1023, default: 6)
-memory:               Virtual memory size in GBs (2~32, default: 4)
-hotBoot:              Enable or disable emulator Quick Boot feature
-details:              Display detailed information
-imageList:            List available emulator images
-screenProfileList:    List all device types and models that support custom screen profiles
-downloaded:           List downloaded emulator image versions
-install:              Download emulator image for specified [deviceType] and [osVersion]
-uninstall:            Remove emulator image for specified [deviceType] and [osVersion]
-config:               Set default config (instancePath, imageRoot, http_proxy)
-unset:                Remove default config
-http_proxy:           Network proxy configuration
-force:                Skip interaction and forcibly execute the command
-bootMode:             Boot mode:coldboot(boot with data) reset(boot with data reset) snapshot(quick boot)
-grpcServer:           Enable gRPC server for external control with TLS + Token authentication
-grpcPort:             gRPC server port (1~65535)
-noAuth:               Disable authentication for gRPC server (not recommended)
-pem_cert_chain:       Path to server certificate chain file (PEM format)
-pem_private_key:      Path to server private key file (PEM format)
-pem_root_certs:       Path to CA root certificate file (PEM format)
-instance:             Specify an instance for scenario simulation
-shake:                Scenario-based simulated shake
-volume:               Controlling the volume up and down.
-power:                Simulates the power button.
-rotation:             Control rotation left and right.
-screenshot:           Capturing emulator screenshots.
-screenshotPath:       Specify a screenshot path.
-foldedState:          Switch the folded product's folding state
-battery:              Change battery level
-batteryStatus:        Change battery status
-gps:                  Change the gps parameters, it must be followed by one of the parameters: -city,
                           -latitude, -longitude, -altitude, -bearing.
-latitude:             Change the gps latitude parameter, float in [-90.0, 90.0] (inclusive)
-longitude:            Change the gps longitude parameter, float in [-180.0, 180.0] (inclusive)
-altitude:             Change the gps altitude parameter, float in [-10000.0, 10000.0] meters
-city:                 Modify GPS parameters based on the city name, string (e.g., "Beijing")
-bearing:              Change the gps bearing parameter, float in [0.00, 359.99] degrees, with 2 decimal
                           precision. 0=North, clockwise
-outdoorRunning:       Change the gps parameters to perform a running scenario simulation
-outdoorCycling:       Change the gps parameters to perform a cycling scenario simulation
-drivingNavigation:    Change the gps parameters to perform a driving scenario simulation
-sensor:               Controls the emulator to change the sensor parameters, it must be followed by one
                           of the parameters: -light, -steps, -heartrate.
-light                 Change the sensor light parameter, float in [0.0, 100000.0] (inclusive).
-steps                 Change the sensor steps parameter, integer in [0, 100000] (inclusive).
-heartrate             Change the sensor heartrate parameter, integer in [0, 255] (inclusive).

========= help for create
-deviceType:
    Specify the emulator device type.
    Supported values:
      Phone | Foldable | WideFold | TripleFold | Tablet | 2in1 | 2in1 Foldable | Wearable | WearableKid | TV | Car

-osVersion:
    Specify the HarmonyOS image version for the emulator.
    Format: HarmonyOS <version>(<api_version>) [BetaX]
    Examples:
      "HarmonyOS 6.0.0(20)"
      "HarmonyOS 6.0.1(21) Beta1"

-screenProfile:
    Specify a predefined screen model (e.g. "Mate 70 Pro").
    If both -screenProfile and -screen are specified, -screen takes precedence.
    If neither is specified, a default model is selected based on -deviceType.

-screen:
    Specify a custom screen configuration.
    Parameter order: width height dpi size
      Phone / Tablet / 2in1:
        "width height dpi size"
        Example: "1080 2340 480 6.5"
      Foldable devices:
        "unfolded_width unfolded_height unfolded_dpi unfolded_size" "folded_width folded_height folded_dpi folded_size"
        Example: "2200 2480 480 7.8" "1080 2480 480 6.4"
    Notes:
      - Width, height and DPI must be integers.
      - Size (diagonal) is a floating-point number with up to 2 decimal places.


========= help for Scenario
-instance:
    Specifies an emulator for scenario-based simulation
    Examples:
      "Emulator -instance <Emulator Name> -shake"
-shake:
    Specify the emulator to shake.
-rotation:
    Specify the emulator to rotate.
    Examples:
      "Emulator -instance <Emulator Name> -rotation left/right"
-power:
    Specify the emulator to simulate screen on/off
-volume:
    Specify the emulator to control the volume level
    Examples:
      "Emulator -instance <Emulator Name> -volume up/down"
-screenshot:
    Specify the emulator to screenshot.
-screenshotPath:
    Specify the path for saving the screenshot.(Optional)
    Examples:
      "Emulator -instance <Emulator Name> -screenshot -screenshotPath <Path>"
-foldedState:
    Controlling different folding forms of the foldable device
    Examples:
      "Emulator -instance <Emulator Name> -foldedState left-folded-right-half-folded"
    Parameter Description:
     FoldableFold:
       open:                                      Fully expanded state
       half-open:                                 Semi-Folded State
       close:                                     Fully folded State
     WideFold:
       open:                                      Fully expanded state
       half-open:                                 Semi-Folded State
       close:                                     Fully folded State
     2in1FoldableFold:
       open:                                      Landscape unfolded state
       vertical-open:                             Portrait unfolded state
       half-open:                                 Semi-Folded State
       close:                                     Magnetic Attachment
     TripleFold:
       single:                                    Single-screen state
       double:                                    Double-screen state
       triple:                                    Triple-screen state
       left-folded-right-half-folded
       left-half-folded-right-expanded
       left-expanded-right-folded
       left-half-folded-right-folded
       left-expanded-right-half-folded
       left-half-folded-right-half-folded
-battery:
    Specify the emulator to change battery level. Accepts an integer value between 0 and 100.
    Examples:
      "Emulator -instance <Emulator Name> -battery 90"
-batteryStatus:
    Specify the emulator to change battery charge status. Valid values: 0 (no charge), 1 (charging).
    Examples:
      "Emulator -instance <Emulator Name> -batteryStatus 1"
-gps:
    Controls the emulator to change the gps parameters: latitude, longitude, altitude, city and bearing,
    it must be followed by one of the parameters: -latitude, -longitude, -altitude, -city, -bearing.
    These parameters can be combined, but city takes the highest priority. If city is specified alongside
    longitude, latitude, or altitude, the latter three parameters will be ignored.
-latitude:
    Change the gps latitude parameter, float in [-90.0, 90.0] (inclusive).
    Examples:
       "Emulator -instance <Emulator Name> -gps -latitude 39.915599"
-longitude:
    Change the gps longitude parameter, float in [-180.0, 180.0] (inclusive).
    Examples:
       "Emulator -instance <Emulator Name> -gps -longitude 116.400244"
-altitude:
    Change the gps altitude parameter, float in [-10000.0, 10000.0] meters.
    Examples:
       "Emulator -instance <Emulator Name> -gps -altitude 45.49"
-city:
    Modify GPS parameters based on the city name, string (e.g., Beijing). In Mainland China, 
    the supported cities are: Beijing, Tianjin, Shanghai, Chongqing, Zhengzhou, Shijiazhuang, Taiyuan, 
    Jinan, Changsha, Wuhan, Harbin, Changchun, Shenyang, Nanjing, Hangzhou, Fuzhou, Hefei, Nanchang, 
    Xian, Guangzhou, Chengdu, Guiyang, Haikou, Taipei, Kunming, Lanzhou, Xining, Hohhot, Urumqi, 
    Lhasa, Yinchuan, Nanning, Hong Kong and Macao; input is case-insensitive. For overseas locations,
    the supported cities are: Beijing, Shanghai, New York, London, Paris, Moscow; input is also
    case-insensitive for these locations.
    Examples:
       "Emulator -instance <Emulator Name> -gps -city Beijing"
-bearing:
    Change the gps bearing parameter, float in [0.0, 359.99] degrees with 2 decimal precision. 0=North,
    clockwise.
    Examples:
       "Emulator -instance <Emulator Name> -gps -bearing 4.24"
-outdoorRunning:
    Running scenario simulation. Control the simulator to update GPS parameters (latitude, longitude, 
    altitude, bearing) according to the timeline of a completed outdoor running scenario.
    Examples:
        "Emulator -instance <Emulator Name> -outdoorRunning"
-outdoorCycling:
    Cycling scenario simulation. Control the simulator to update GPS parameters (latitude, longitude, 
    altitude, bearing) according to the timeline of a completed outdoor cycling scenario.
    Examples:
        "Emulator -instance <Emulator Name> -outdoorCycling"
-drivingNavigation:
    Driving scenario simulation. Control the simulator to update GPS parameters (latitude, longitude, 
    altitude, bearing) according to the timeline of a completed outdoor driving scenario.
    Examples:
        "Emulator -instance <Emulator Name> -drivingNavigation"
-sensor:
    Controls the emulator to change the sensor parameters: light, steps and heartrate, it must be
    followed by one of the parameters: -light, -steps, -heartrate.
-light: 
    Change the sensor light parameter, float in [0.0, 100000.0] (inclusive).
    Examples:
        "Emulator -instance <Emulator Name> -sensor -light 20.3"
-steps: 
    Change the sensor steps parameter, integer in [0, 100000] (inclusive).
    Examples:
        "Emulator -instance <Emulator Name> -sensor -steps 23000"
-heartrate: 
    Change the sensor heartrate parameter, integer in [0, 255] (inclusive).
    Examples:
        "Emulator -instance <Emulator Name> -sensor -heartrate 75"
HELP_SOFTWARE_GPU_MATCHES=0
Help exposes -noWindow but no software GPU or renderer selection parameter; experiment 2 must not guess one.

[hap_object_before_any_install]
hap_object_id=EO-R1-EMU24-20260717-0004-HAP-01
hap_sha256=f1e00ec5534951137d7149b3d5001e99622aa1daacd1e31618d57699e2a1cd69
hap_size_bytes=2585745
hap_mtime=2026-07-17 01:13:25.536839347 +0800
hap_storage_boundary=The file remains at a mutable ignored Hvigor build path and is not an immutable archive; later byte-for-byte audit requires this exact path to remain unchanged, so conclusions are bounded to the recorded hash and run.
$ unzip listing for signature and native probe entries
     1310  2026-07-17 01:13   module.json
     6176  2026-07-17 01:13   libs/x86_64/libprobe.so
     6408  2026-07-17 01:13   libs/arm64-v8a/libprobe.so
No build, rebuild, signing, service, AppService, enterprise ACL, or trust bypass command is executed by this experiment.

[experiment1_visible_start]
$ DISPLAY=:1 XAUTHORITY=[HOME]/.Xauthority [EMULATOR] -start netbird_api24_phone -instancePath [HARMONY_HOME]/emulator-instances -imageRoot [HARMONY_HOME]/emulator-images -hdcport 10000
VISIBLE_START_WINDOW_EXIT=0
$ tmux list-panes for experiment session
window=runner pane=%51 pid=526768 dead=0 command=bash
$ Emulator process after launch
 526997 Fri Jul 17 01:38:04 2026       00:00 awk $0 ~ /\/Emulator .* -start netbird_api24_phone/ {print}
$ initial Emulator console
QStandardPaths: XDG_RUNTIME_DIR not set, defaulting to '/tmp/runtime-worker'
[WARNING]Hot boot is not enable, the bootmode "snapshot" invalid. now start with cold boot.
QStandardPaths: XDG_RUNTIME_DIR not set, defaulting to '/tmp/runtime-worker'
audio: Could not init `pa' audio driver
audio: warning: Using timer based audio emulation
Emulator: warning: host doesn't support requested feature: CPUID.07H:EBX.hle [bit 4]
Emulator: warning: host doesn't support requested feature: CPUID.07H:EBX.rtm [bit 11]
Emulator: warning: host doesn't support requested feature: CPUID.07H:EBX.rdseed [bit 18]
Emulator: warning: host doesn't support requested feature: CPUID.07H:EBX.adx [bit 19]
Emulator: warning: host doesn't support requested feature: CPUID.07H:EBX.smap [bit 20]
Emulator: warning: host doesn't support requested feature: CPUID.07H:EBX.hle [bit 4]
Emulator: warning: host doesn't support requested feature: CPUID.07H:EBX.rtm [bit 11]
Emulator: warning: host doesn't support requested feature: CPUID.07H:EBX.rdseed [bit 18]
Emulator: warning: host doesn't support requested feature: CPUID.07H:EBX.adx [bit 19]
Emulator: warning: host doesn't support requested feature: CPUID.07H:EBX.smap [bit 20]
Emulator: warning: host doesn't support requested feature: CPUID.07H:EBX.hle [bit 4]
Emulator: warning: host doesn't support requested feature: CPUID.07H:EBX.rtm [bit 11]
Emulator: warning: host doesn't support requested feature: CPUID.07H:EBX.rdseed [bit 18]
Emulator: warning: host doesn't support requested feature: CPUID.07H:EBX.adx [bit 19]
Emulator: warning: host doesn't support requested feature: CPUID.07H:EBX.smap [bit 20]
Emulator: warning: host doesn't support requested feature: CPUID.07H:EBX.hle [bit 4]
Emulator: warning: host doesn't support requested feature: CPUID.07H:EBX.rtm [bit 11]
Emulator: warning: host doesn't support requested feature: CPUID.07H:EBX.rdseed [bit 18]
Emulator: warning: host doesn't support requested feature: CPUID.07H:EBX.adx [bit 19]
Emulator: warning: host doesn't support requested feature: CPUID.07H:EBX.smap [bit 20]
error: XDG_RUNTIME_DIR is invalid or not set in the environment.

[experiment1_readiness_up_to_180_seconds]

READINESS_ATTEMPT=1 time=2026-07-17T01:38:05+08:00 elapsed_seconds=3
$ HDC_PORT=10000 [HARMONY_HOME]/bin/emulator-connect
Client version:Ver: 3.2.0e, server version:Ver: 3.2.0e
[Empty]
[Fail]Connect failed
127.0.0.1:10000		TCP	Offline	unknown...
CONNECT_EXIT=0

READINESS_ATTEMPT=2 time=2026-07-17T01:38:11+08:00 elapsed_seconds=9
$ HDC_PORT=10000 [HARMONY_HOME]/bin/emulator-connect
Client version:Ver: 3.2.0e, server version:Ver: 3.2.0e
127.0.0.1:10000		TCP	Offline	unknown...
[Fail]Connect failed
127.0.0.1:10000		TCP	Offline	unknown...
CONNECT_EXIT=0

READINESS_ATTEMPT=3 time=2026-07-17T01:38:16+08:00 elapsed_seconds=14
$ HDC_PORT=10000 [HARMONY_HOME]/bin/emulator-connect
Client version:Ver: 3.2.0e, server version:Ver: 3.2.0e
127.0.0.1:10000		TCP	Offline	unknown...
[Fail]Connect failed
127.0.0.1:10000		TCP	Offline	unknown...
CONNECT_EXIT=0

READINESS_ATTEMPT=4 time=2026-07-17T01:38:21+08:00 elapsed_seconds=19
$ HDC_PORT=10000 [HARMONY_HOME]/bin/emulator-connect
Client version:Ver: 3.2.0e, server version:Ver: 3.2.0e
127.0.0.1:10000		TCP	Offline	unknown...
Connect OK
127.0.0.1:10000		TCP	Connected	localhost
CONNECT_EXIT=0
$ timeout 12 [BETA_HDC] -t 127.0.0.1:10000 shell echo display-exp1-smoke-4
display-exp1-smoke-4
ECHO_EXIT=0
$ timeout 12 [BETA_HDC] -t 127.0.0.1:10000 shell uname -a
Linux localhost 5.10.210 #1 SMP Mon May 18 09:32:07 CST 2026 x86_64 Toybox
UNAME_EXIT=0
$ timeout 12 [BETA_HDC] -t 127.0.0.1:10000 shell param get bootevent.boot.completed
Get parameter "bootevent.boot.completed" fail! errNum is:106!
BOOT_COMPLETED_EXIT=0
$ timeout 12 [BETA_HDC] -t 127.0.0.1:10000 shell param get const.product.os.dist.name
HarmonyOS 
DISTRIBUTION_EXIT=0
$ timeout 12 [BETA_HDC] -t 127.0.0.1:10000 shell param dump | filter boot/lock/launcher/screen parameters
NO_MATCHING_PARAMETERS_OBSERVED
PARAM_DUMP_EXIT=0
$ timeout 12 [BETA_HDC] -t 127.0.0.1:10000 shell param get bootevent.bootanimation.started
Get parameter "bootevent.bootanimation.started" fail! errNum is:1002!
BOOTANIMATION_STARTED_EXIT=0
$ timeout 12 [BETA_HDC] -t 127.0.0.1:10000 shell param get bootevent.bootanimation.finished
Get parameter "bootevent.bootanimation.finished" fail! errNum is:1002!
BOOTANIMATION_FINISHED_EXIT=0
$ timeout 12 [BETA_HDC] -t 127.0.0.1:10000 shell param get bootevent.launcher.ready
Get parameter "bootevent.launcher.ready" fail! errNum is:1002!
LAUNCHER_READY_EXIT=0
$ timeout 12 [BETA_HDC] -t 127.0.0.1:10000 shell param get bootevent.lockscreen.ready
Get parameter "bootevent.lockscreen.ready" fail! errNum is:1002!
LOCKSCREEN_READY_EXIT=0
$ timeout 12 [BETA_HDC] -t 127.0.0.1:10000 shell uitest screenCap
ScreenCap saved to /data/local/tmp/screenCap_19273766.png
SCREEN_CAP_EXIT=0
$ timeout 30 [BETA_HDC] -t 127.0.0.1:10000 file recv /data/local/tmp/screenCap_19273766.png [TEMP]/guest-screenCap.png
FileTransfer finish, Size:71901, File count = 1, time:59ms rate:1218.66kB/s
SCREEN_RECV_EXIT=0
guest_screenCap_size=71901
guest_screenCap_sha256=b83025e8ef1b9b3cb5f9dc15b1a0e547a9c837fa26b1a5eec173724932dd0f4b
[TEMP]/EV-R1-EMU24-20260717-0004-guest-screenCap.png: PNG image data, 1320 x 2856, 8-bit/color RGBA, non-interlaced
READINESS_EARLY_CONDITION_REACHED=true

READINESS_ENDED_AT=2026-07-17T01:38:24+08:00
READINESS_ELAPSED_SECONDS=22
CONNECTED=1 SHELL_OK=1 DIST_OK=1 BOOT_TRUE=0 PIXELMAP_OK=1 FIRST_SHELL_AT=2026-07-17T01:38:21+08:00
LAST_SCREEN_CAP=ScreenCap saved to /data/local/tmp/screenCap_19273766.png
STANDARD_RUNBOOK_READINESS=fail

[renderer_and_egl_observations_while_running]
$ renderer/EGL-related Emulator console lines
NO_RENDERER_OR_EGL_CONSOLE_MATCHES
$ renderer/EGL-related instance log lines
Emulator.log:
7:2026-07-16 14:37:57.335 136238269426688 [Info] [UiMain.cpp(void InitFeatureConfig:97)]Enable MultiDisplay Kernel Feature.
13:2026-07-16 14:37:57.339 136238269426688 [Info] [Skin.cpp(SetDefaultDisplayCutoutPath:1170)]DefaultDisplayCutoutPath =  "M517 45 L802 45 v 103 h -285 Z"
23:2026-07-16 14:37:57.701 136238269426688 [Warning] [WidgetDisplays.cpp(void extractJson:133)]无法打开文件: "No such file or directory"
24:2026-07-16 14:37:57.701 136238269426688 [Warning] [WidgetDisplays.cpp(void extractJson:134)]请检查路径: "[HARMONY_HOME]/emulator-images/productConfig.json"
27:2026-07-16 14:37:57.761 136238269426688 [Info] [ToolBarController.cpp(StackedActionAdder:231)]enable multi display
29:2026-07-16 14:37:57.857 136238269426688 [Warning] [(:0)]This plugin does not support setting window masks
30:2026-07-16 14:37:57.857 136238269426688 [Info] [EmulatorWindowEvent.cpp(ShowBootAnimation:1327)]ShowBootAnimation.
85:2026-07-16 15:11:30.178 127404289272832 [Info] [UiMain.cpp(void InitFeatureConfig:97)]Enable MultiDisplay Kernel Feature.
91:2026-07-16 15:11:30.179 127404289272832 [Info] [Skin.cpp(SetDefaultDisplayCutoutPath:1170)]DefaultDisplayCutoutPath =  "M517 45 L802 45 v 103 h -285 Z"
101:2026-07-16 15:11:30.473 127404289272832 [Warning] [WidgetDisplays.cpp(void extractJson:133)]无法打开文件: "No such file or directory"
102:2026-07-16 15:11:30.473 127404289272832 [Warning] [WidgetDisplays.cpp(void extractJson:134)]请检查路径: "[HARMONY_HOME]/emulator-images/productConfig.json"
105:2026-07-16 15:11:30.529 127404289272832 [Info] [ToolBarController.cpp(StackedActionAdder:231)]enable multi display
107:2026-07-16 15:11:30.629 127404289272832 [Warning] [(:0)]This plugin does not support setting window masks
108:2026-07-16 15:11:30.630 127404289272832 [Info] [EmulatorWindowEvent.cpp(ShowBootAnimation:1327)]ShowBootAnimation.
156:2026-07-17 00:53:53.622 132989076376576 [Info] [UiMain.cpp(void InitFeatureConfig:97)]Enable MultiDisplay Kernel Feature.
162:2026-07-17 00:53:53.625 132989076376576 [Info] [Skin.cpp(SetDefaultDisplayCutoutPath:1170)]DefaultDisplayCutoutPath =  "M517 45 L802 45 v 103 h -285 Z"
172:2026-07-17 00:53:54.024 132989076376576 [Warning] [WidgetDisplays.cpp(void extractJson:133)]无法打开文件: "No such file or directory"
173:2026-07-17 00:53:54.024 132989076376576 [Warning] [WidgetDisplays.cpp(void extractJson:134)]请检查路径: "[HARMONY_HOME]/emulator-images/productConfig.json"
176:2026-07-17 00:53:54.084 132989076376576 [Info] [ToolBarController.cpp(StackedActionAdder:231)]enable multi display
178:2026-07-17 00:53:54.182 132989076376576 [Warning] [(:0)]This plugin does not support setting window masks
179:2026-07-17 00:53:54.182 132989076376576 [Info] [EmulatorWindowEvent.cpp(ShowBootAnimation:1327)]ShowBootAnimation.
215:2026-07-17 01:02:59.906 132364464663552 [Info] [UiMain.cpp(void InitFeatureConfig:97)]Enable MultiDisplay Kernel Feature.
221:2026-07-17 01:02:59.908 132364464663552 [Info] [Skin.cpp(SetDefaultDisplayCutoutPath:1170)]DefaultDisplayCutoutPath =  "M517 45 L802 45 v 103 h -285 Z"
231:2026-07-17 01:03:00.193 132364464663552 [Warning] [WidgetDisplays.cpp(void extractJson:133)]无法打开文件: "No such file or directory"
232:2026-07-17 01:03:00.193 132364464663552 [Warning] [WidgetDisplays.cpp(void extractJson:134)]请检查路径: "[HARMONY_HOME]/emulator-images/productConfig.json"
235:2026-07-17 01:03:00.249 132364464663552 [Info] [ToolBarController.cpp(StackedActionAdder:231)]enable multi display
237:2026-07-17 01:03:00.344 132364464663552 [Warning] [(:0)]This plugin does not support setting window masks
238:2026-07-17 01:03:00.344 132364464663552 [Info] [EmulatorWindowEvent.cpp(ShowBootAnimation:1327)]ShowBootAnimation.
272:2026-07-17 01:34:51.036 137628263926784 [Info] [UiMain.cpp(void InitFeatureConfig:97)]Enable MultiDisplay Kernel Feature.
278:2026-07-17 01:34:51.037 137628263926784 [Info] [Skin.cpp(SetDefaultDisplayCutoutPath:1170)]DefaultDisplayCutoutPath =  "M517 45 L802 45 v 103 h -285 Z"
288:2026-07-17 01:34:51.330 137628263926784 [Warning] [WidgetDisplays.cpp(void extractJson:133)]无法打开文件: "No such file or directory"
289:2026-07-17 01:34:51.330 137628263926784 [Warning] [WidgetDisplays.cpp(void extractJson:134)]请检查路径: "[HARMONY_HOME]/emulator-images/productConfig.json"
292:2026-07-17 01:34:51.386 137628263926784 [Info] [ToolBarController.cpp(StackedActionAdder:231)]enable multi display
293:2026-07-17 01:34:51.482 137628263926784 [Info] [EmulatorWindowEvent.cpp(ShowBootAnimation:1327)]ShowBootAnimation.
304:2026-07-17 01:35:13.343 137607497250496 [Critical] [InputModule.cpp(TakeScreenshot:175)]Emulator display is not ready.
327:2026-07-17 01:38:02.307 124993097063424 [Info] [UiMain.cpp(void InitFeatureConfig:97)]Enable MultiDisplay Kernel Feature.
333:2026-07-17 01:38:02.309 124993097063424 [Info] [Skin.cpp(SetDefaultDisplayCutoutPath:1170)]DefaultDisplayCutoutPath =  "M517 45 L802 45 v 103 h -285 Z"
343:2026-07-17 01:38:02.597 124993097063424 [Warning] [WidgetDisplays.cpp(void extractJson:133)]无法打开文件: "No such file or directory"
344:2026-07-17 01:38:02.598 124993097063424 [Warning] [WidgetDisplays.cpp(void extractJson:134)]请检查路径: "[HARMONY_HOME]/emulator-images/productConfig.json"
347:2026-07-17 01:38:02.654 124993097063424 [Info] [ToolBarController.cpp(StackedActionAdder:231)]enable multi display
348:2026-07-17 01:38:02.755 124993097063424 [Info] [EmulatorWindowEvent.cpp(ShowBootAnimation:1327)]ShowBootAnimation.
qemu.log:
258:2026-07-17 01:34:51.595137622412318400 E [HvdInfo.c(GetMainDisplayMode:152)] Get mainDisplayMode before initialization.
260:2026-07-17 01:34:51.595137622412318400 E [HvdInfo.c(GetFullDisplayMode:161)] Get fullDisplayMode before initialization.
263:2026-07-17 01:34:51.688137621527328448 E [express_gpu_render.c(glfw_error_callback:1002)] GLFW Error (65543): EGL: Failed to create context: Arguments are inconsistent
264:2026-07-17 01:34:51.725137621527328448 I [express_gpu_render.c(native_window_create_full:804)] native create window Trinity 0x7d29680a9bf0
265:2026-07-17 01:34:51.725137621527328448 I [express_gpu_render.c(native_window_thread:1090)] Create glfw main windows.
266:2026-07-17 01:34:51.725137621527328448 I [express_gpu_render.c(native_window_thread:1120)] window_width:716, window_height:1548, index:0
267:2026-07-17 01:34:51.726137621527328448 I [egl_window_linux.c(egl_init:228)] EGL initialized with provided display: 1.5
268:2026-07-17 01:34:51.729137621527328448 I [express_gpu_render.c(init_global_gbuffer_data:859)] register shutdown_notify_callback.
271:2026-07-17 01:34:51.757137621527328448 I [express_gpu_render.c(static_value_prepare:588)] gl vendor:Mesa
272:2026-07-17 01:34:51.757137621527328448 I [express_gpu_render.c(static_value_prepare:615)] gl version:OpenGL ES 3.0 (4.5 (Core Profile) Mesa 25.0.7-2)
273:2026-07-17 01:34:51.757137621527328448 I [express_gpu_render.c(static_value_prepare:625)] gl renderer:llvmpipe (LLVM 19.1.7, 256 bits)
274:2026-07-17 01:34:51.757137621527328448 I [express_gpu_render.c(static_value_prepare:645)] gl shading_language_version:OpenGL ES GLSL ES 3.0
275:2026-07-17 01:34:51.757137621527328448 I [express_gpu_render.c(static_value_prepare:662)] host gl 45 DSA_enable 0
276:2026-07-17 01:34:51.762137621527328448 I [express_gpu_render.c(native_window_thread:1192)] native windows inited!
277:2026-07-17 01:34:51.770137621527328448 I [express_gpu_render.c(native_window_thread:1225)] window render start 0
290:2026-07-17 01:35:09.767137627529377472 E [egl_context.c(d_eglCreateContext:50)] real share context is NULL
291:2026-07-17 01:35:09.768137621527328448 I [egl_window_linux.c(egl_createContext:329)] eglCreateContext: EGLDisplay(681dd860), EGLConfig(681e2900), EGLContext(681f5720)
292:2026-07-17 01:35:09.785137621527328448 I [egl_window_linux.c(egl_createContext:329)] eglCreateContext: EGLDisplay(681dd860), EGLConfig(681e2900), EGLContext(681f5720)
294:2026-07-17 01:35:09.836137608707057344 I [express_display.c(display_context_init:503)] display_context_init, device_id id: 10
295:2026-07-17 01:35:09.836137608707057344 I [express_display.c(display_context_init:508)] send_message_to_main_window(MAIN_CREATE_CHILD_WINDOW),index:0
296:2026-07-17 01:35:09.837137621527328448 I [egl_window_linux.c(egl_createContext:329)] eglCreateContext: EGLDisplay(681dd860), EGLConfig(681e2900), EGLContext(681f5720)
297:2026-07-17 01:35:09.877137608707057344 I [express_display.c(display_decode_invoke:361)] screen num: 1
298:2026-07-17 01:35:09.894137608707057344 I [express_display.c(display_decode_invoke:311)] FUNID_Get_Display_Mods return display[index = 0, screen_id = 0, device_id = 10,                 pixel_width = 1320, pixel_height = 2856]
299:2026-07-17 01:35:09.911137608707057344 I [express_display.c(display_decode_invoke:347)] Get Display id : 0, power state :0
300:2026-07-17 01:35:09.933137608707057344 I [express_display.c(display_decode_invoke:370)] device type: 0
302:2026-07-17 01:35:09.988137608445195968 E [egl_context.c(d_eglCreateContext:50)] real share context is NULL
303:2026-07-17 01:35:09.989137621527328448 I [egl_window_linux.c(egl_createContext:329)] eglCreateContext: EGLDisplay(681dd860), EGLConfig(681e2900), EGLContext(681f5720)
304:2026-07-17 01:35:10.053137608707057344 I [express_display.c(display_decode_invoke:347)] Get Display id : 0, power state :0
306:2026-07-17 01:35:10.107137621527328448 I [egl_window_linux.c(egl_createContext:329)] eglCreateContext: EGLDisplay(681dd860), EGLConfig(681e2900), EGLContext(681f5720)
308:2026-07-17 01:35:10.187137621527328448 I [egl_window_linux.c(egl_createContext:329)] eglCreateContext: EGLDisplay(681dd860), EGLConfig(681e2900), EGLContext(681f5720)
312:2026-07-17 01:35:10.368137621527328448 I [egl_window_linux.c(egl_createContext:329)] eglCreateContext: EGLDisplay(681dd860), EGLConfig(681e2900), EGLContext(681f5720)
314:2026-07-17 01:35:10.402137621527328448 I [egl_window_linux.c(egl_createContext:329)] eglCreateContext: EGLDisplay(681dd860), EGLConfig(681e2900), EGLContext(681f5720)
316:2026-07-17 01:35:10.457137621527328448 I [egl_window_linux.c(egl_createContext:329)] eglCreateContext: EGLDisplay(681dd860), EGLConfig(681e2900), EGLContext(681f5720)
319:2026-07-17 01:35:10.705137608707057344 E [express_display.c(opengl_paint_composer_layers:703)] not support transform_type 8
320:2026-07-17 01:35:14.960137608707057344 I [express_display.c(display_status_change:777)] Display id: 0 power status : 0 from guest, now_display_status 0.
321:2026-07-17 01:35:15.188137628263926784 I [express_display.c(apply_multi_screen:1464)] No need to apply multi-screen.
326:2026-07-17 01:35:15.189137621527328448 I [express_gpu_render.c(native_window_thread:1329)] gpu thread close info: glfw_window flag:0, run_status:2, emualtor_quit:1
335:2026-07-17 01:35:15.189137621527328448 I [express_gpu_render.c(native_window_thread:1351)] wait multi screen exit
336:2026-07-17 01:35:15.189137621527328448 I [express_gpu_render.c(native_window_destroy:810)] native destroy window 0x7d29680a9bf0
339:2026-07-17 01:35:15.190137622412318400 I [express_gpu_render.c(shutdown_notify_callback:286)] start saving snapshot 1784223315190731
340:2026-07-17 01:35:15.190137622412318400 I [express_gpu_render.c(shutdown_notify_callback:308)] notify shutdown! 1784223315190785
341:2026-07-17 01:35:15.193137621527328448 I [express_gpu_render.c(native_window_thread:1368)] gl terminate
342:2026-07-17 01:35:15.196137621527328448 I [express_gpu_render.c(native_window_thread:1391)] native window 0 closed, native_render_run = 0
353:2026-07-17 01:38:02.838124987082979008 I [teleport_express_pci.c(init_express_driver_names:295)] init_express_driver_names |express_gpu express_bridge express_touchscreen express_mic express_hotplug express_sensor express_camera express_keyboard express_sync express_battery express_motion express_gps |
355:2026-07-17 01:38:02.839124986584962752 I [express_gpu_render.c(native_window_thread:1013)] native_window_thread create, index: 0
358:2026-07-17 01:38:02.853124987082979008 E [HvdInfo.c(GetQemuSubCutoutPath:143)] Get subDisplayCutoutPath before initialization.
360:2026-07-17 01:38:02.853124987082979008 E [HvdInfo.c(GetMainDisplayMode:152)] Get mainDisplayMode before initialization.
362:2026-07-17 01:38:02.853124987082979008 E [HvdInfo.c(GetFullDisplayMode:161)] Get fullDisplayMode before initialization.
365:2026-07-17 01:38:02.931124986584962752 E [express_gpu_render.c(glfw_error_callback:1002)] GLFW Error (65543): EGL: Failed to create context: Arguments are inconsistent
366:2026-07-17 01:38:02.957124986584962752 I [express_gpu_render.c(native_window_create_full:804)] native create window Trinity 0x71ab900a9bf0
367:2026-07-17 01:38:02.957124986584962752 I [express_gpu_render.c(native_window_thread:1090)] Create glfw main windows.
368:2026-07-17 01:38:02.957124986584962752 I [express_gpu_render.c(native_window_thread:1120)] window_width:716, window_height:1548, index:0
369:2026-07-17 01:38:02.957124986584962752 I [egl_window_linux.c(egl_init:228)] EGL initialized with provided display: 1.5
370:2026-07-17 01:38:02.960124986584962752 I [express_gpu_render.c(init_global_gbuffer_data:859)] register shutdown_notify_callback.
373:2026-07-17 01:38:02.974124986584962752 I [express_gpu_render.c(static_value_prepare:588)] gl vendor:Mesa
374:2026-07-17 01:38:02.974124986584962752 I [express_gpu_render.c(static_value_prepare:615)] gl version:OpenGL ES 3.0 (4.5 (Core Profile) Mesa 25.0.7-2)
375:2026-07-17 01:38:02.974124986584962752 I [express_gpu_render.c(static_value_prepare:625)] gl renderer:llvmpipe (LLVM 19.1.7, 256 bits)
376:2026-07-17 01:38:02.974124986584962752 I [express_gpu_render.c(static_value_prepare:645)] gl shading_language_version:OpenGL ES GLSL ES 3.0
377:2026-07-17 01:38:02.974124986584962752 I [express_gpu_render.c(static_value_prepare:662)] host gl 45 DSA_enable 0
378:2026-07-17 01:38:02.975124986584962752 I [express_gpu_render.c(native_window_thread:1192)] native windows inited!
379:2026-07-17 01:38:02.983124986584962752 I [express_gpu_render.c(native_window_thread:1225)] window render start 0
392:2026-07-17 01:38:18.949124992717047488 E [egl_context.c(d_eglCreateContext:50)] real share context is NULL
393:2026-07-17 01:38:18.950124986584962752 I [egl_window_linux.c(egl_createContext:329)] eglCreateContext: EGLDisplay(901dc670), EGLConfig(901e1710), EGLContext(901f4530)
394:2026-07-17 01:38:18.967124986584962752 I [egl_window_linux.c(egl_createContext:329)] eglCreateContext: EGLDisplay(901dc670), EGLConfig(901e1710), EGLContext(901f4530)
396:2026-07-17 01:38:19.016124974502041280 I [express_display.c(display_context_init:503)] display_context_init, device_id id: 10
397:2026-07-17 01:38:19.016124974502041280 I [express_display.c(display_context_init:508)] send_message_to_main_window(MAIN_CREATE_CHILD_WINDOW),index:0
398:2026-07-17 01:38:19.017124986584962752 I [egl_window_linux.c(egl_createContext:329)] eglCreateContext: EGLDisplay(901dc670), EGLConfig(901e1710), EGLContext(901f4530)
399:2026-07-17 01:38:19.056124974502041280 I [express_display.c(display_decode_invoke:361)] screen num: 1
400:2026-07-17 01:38:19.065124974502041280 I [express_display.c(display_decode_invoke:311)] FUNID_Get_Display_Mods return display[index = 0, screen_id = 0, device_id = 10,                 pixel_width = 1320, pixel_height = 2856]
401:2026-07-17 01:38:19.082124974502041280 I [express_display.c(display_decode_invoke:347)] Get Display id : 0, power state :0
402:2026-07-17 01:38:19.089124974502041280 I [express_display.c(display_decode_invoke:370)] device type: 0
406:2026-07-17 01:38:19.239124974380508864 E [egl_context.c(d_eglCreateContext:50)] real share context is NULL
407:2026-07-17 01:38:19.240124986584962752 I [egl_window_linux.c(egl_createContext:329)] eglCreateContext: EGLDisplay(901dc670), EGLConfig(901e1710), EGLContext(901f4530)
408:2026-07-17 01:38:19.257124974502041280 I [express_display.c(display_decode_invoke:347)] Get Display id : 0, power state :0
410:2026-07-17 01:38:19.358124986584962752 I [egl_window_linux.c(egl_createContext:329)] eglCreateContext: EGLDisplay(901dc670), EGLConfig(901e1710), EGLContext(901f4530)
412:2026-07-17 01:38:19.412124986584962752 I [egl_window_linux.c(egl_createContext:329)] eglCreateContext: EGLDisplay(901dc670), EGLConfig(901e1710), EGLContext(901f4530)
414:2026-07-17 01:38:20.623124986584962752 I [egl_window_linux.c(egl_createContext:329)] eglCreateContext: EGLDisplay(901dc670), EGLConfig(901e1710), EGLContext(901f4530)
416:2026-07-17 01:38:20.678124986584962752 I [egl_window_linux.c(egl_createContext:329)] eglCreateContext: EGLDisplay(901dc670), EGLConfig(901e1710), EGLContext(901f4530)
418:2026-07-17 01:38:20.740124986584962752 I [egl_window_linux.c(egl_createContext:329)] eglCreateContext: EGLDisplay(901dc670), EGLConfig(901e1710), EGLContext(901f4530)
419:2026-07-17 01:38:20.968124974502041280 E [express_display.c(opengl_paint_composer_layers:703)] not support transform_type 8
kernel.log:
73333:2026-07-17 01:38:04.243[    0.917053] pci_bus 0000:00: root bus resource [mem 0x80000000-0xafffffff window]
73334:2026-07-17 01:38:04.246[    0.918053] pci_bus 0000:00: root bus resource [mem 0xc0000000-0xfebfffff window]
73335:2026-07-17 01:38:04.249[    0.919053] pci_bus 0000:00: root bus resource [mem 0x180000000-0x97fffffff window]
73448:2026-07-17 01:38:05.014[    1.483439] system 00:05: [mem 0xb0000000-0xbfffffff window] has been reserved
73464:2026-07-17 01:38:05.074[    1.543712] pci_bus 0000:00: resource 4 [io  0x0000-0x0cf7 window]
73465:2026-07-17 01:38:05.077[    1.546416] pci_bus 0000:00: resource 5 [io  0x0d00-0xffff window]
73466:2026-07-17 01:38:05.080[    1.549305] pci_bus 0000:00: resource 6 [mem 0x000a0000-0x000bffff window]
73467:2026-07-17 01:38:05.083[    1.552344] pci_bus 0000:00: resource 7 [mem 0x80000000-0xafffffff window]
73468:2026-07-17 01:38:05.086[    1.555327] pci_bus 0000:00: resource 8 [mem 0xc0000000-0xfebfffff window]
73469:2026-07-17 01:38:05.089[    1.558315] pci_bus 0000:00: resource 9 [mem 0x180000000-0x97fffffff window]
73581:2026-07-17 01:38:05.575[    2.100261] express_gpu create express chardev
73582:2026-07-17 01:38:05.633[    2.100264] express_gpu alloc_chrdev_region ret 0
73583:2026-07-17 01:38:05.635[    2.102262] express_gpu cdev_add ret 0 0 major 247 0
73792:2026-07-17 01:38:06.526[    2.991898] [pid=1][BEGET][WARNING][dm_verity.c:106]device /sys_prod/variant/hw_oem/PHEMU-FD00/etc/window not need hvb
73794:2026-07-17 01:38:06.534[    3.000420] [pid=1][BEGET][INFO][fstab_mount.c:654]Mount device /sys_prod/variant/hw_oem/PHEMU-FD00/etc/window to /sys_prod/etc/window
73795:2026-07-17 01:38:06.540[    3.003995] [pid=1][BEGET][INFO][fstab_mount.c:811]Mount /sys_prod/variant/hw_oem/PHEMU-FD00/etc/window to /sys_prod/etc/window successful
74022:2026-07-17 01:38:07.694[    4.158561] [pid=1][PARAM][WARNING][param_server.c:408]Set param 'const.meetcall.float.window' error:107 with only add mode
74035:2026-07-17 01:38:07.762[    4.226178] [pid=1][PARAM][WARNING][param_server.c:408]Set param 'const.window.multiWindowUIType' error:107 with only add mode
74036:2026-07-17 01:38:07.767[    4.231713] [pid=1][PARAM][WARNING][param_server.c:408]Set param 'const.window.need_avoid_window' error:107 with only add mode
74045:2026-07-17 01:38:07.815[    4.280554] [pid=1][PARAM][WARNING][param_server.c:408]Set param 'persist.sys.abilityms.inherit_window_split_screen_mode' error:107 with only add mode
74058:2026-07-17 01:38:07.893[    4.356549] [pid=1][PARAM][WARNING][param_server.c:408]Set param 'persist.sys.abilityms.restart_app_with_window' error:107 with only add mode
74059:2026-07-17 01:38:07.898[    4.362144] [pid=1][PARAM][WARNING][param_server.c:408]Set param 'persist.sys.abilityms.restart_app_with_window' error:107 with only add mode
74107:2026-07-17 01:38:08.170[    4.634575] [pid=1][PARAM][INFO][param_dac.c:207]Load parameter label total 14 success /system/etc/param/display.para.dac
74441:2026-07-17 01:38:09.698[    6.146770] [pid=1][PARAM][INFO][param_persistadp.c:115]persist.window.screen.width is private, ignore
74443:2026-07-17 01:38:09.711[    6.180144] [pid=1][PARAM][INFO][param_persistadp.c:115]persist.window.screen.dpi is private, ignore
74444:2026-07-17 01:38:09.715[    6.180149] [pid=1][PARAM][INFO][param_persistadp.c:115]persist.window.screen.height is private, ignore
74445:2026-07-17 01:38:09.719[    6.184098] [pid=1][PARAM][INFO][param_persistadp.c:115]persist.window.screen.isSupportRog is private, ignore
74529:2026-07-17 01:38:10.140[    6.609833] [pid=1][Init][ERROR][init_common_cmds.c:409]Failed to change mode " /sys/kernel/debug/tracing/events/power/gpu_frequency/ " to 0755, err=2
74533:2026-07-17 01:38:10.164[    6.633411] [pid=1][Init][ERROR][init_common_cmds.c:409]Failed to change mode " /sys/kernel/debug/tracing/events/power/gpu_frequency/enable " to 0666, err=2
74730:2026-07-17 01:38:11.305[    7.767252] [pid=1][Init][ERROR][init_common_cmds.c:409]Failed to change mode " /sys/kernel/tracing/events/power/gpu_frequency/ " to 0755, err=2
74734:2026-07-17 01:38:11.336[    7.805624] [pid=1][Init][ERROR][init_common_cmds.c:409]Failed to change mode " /sys/kernel/tracing/events/power/gpu_frequency/enable " to 0666, err=2
75426:2026-07-17 01:38:14.559[   11.024021] express_gpu file ffffa19bc00de000 open by 195 195 unique_id: ffff951d455a8900
75428:2026-07-17 01:38:14.570[   11.028798] express_gpu gbuffer_id 0 release data size 0
75431:2026-07-17 01:38:14.579[   11.039668] express_gpu release gbuffer 0 ptr ffffa19bc00de000 has_sent 0 device_id 0 tid 195 pid 195 check host_has_data 0 unique_id: ffff951d455a8900
75434:2026-07-17 01:38:14.602[   11.046403] express_gpu release ok ffffa19bc00de000 unique_id: ffff951d455a8900
75998:2026-07-17 01:38:17.192[   13.656880] [pid=1][PARAM][INFO][param_service.c:319]HandleParamWatcherAdd name startup.service.ctl.display_engine_service.pid watcher: 37
76489:2026-07-17 01:38:19.101[   14.911251] express_gpu file ffffa19bc01e5000 open by 837 757 unique_id: ffff951d7510dd00
76492:2026-07-17 01:38:19.109[   14.918401] express_gpu gbuffer_id 0 release data size 0
76494:2026-07-17 01:38:19.115[   14.926506] express_gpu release gbuffer 0 ptr ffffa19bc01e5000 has_sent 0 device_id 0 tid 837 pid 757 check host_has_data 0 unique_id: ffff951d7510dd00
76500:2026-07-17 01:38:19.132[   14.935973] express_gpu release ok ffffa19bc01e5000 unique_id: ffff951d7510dd00
76503:2026-07-17 01:38:19.140[   14.942041] express_gpu file ffffa19bc0201000 open by 837 757 unique_id: ffff951d7510d900
76626:2026-07-17 01:38:19.506[   15.485435] express_gpu file ffffa19bc0521000 open by 586 582 unique_id: ffff951d7519eb00
76627:2026-07-17 01:38:19.510[   15.485448] express_gpu invoke_id a01000010 
76628:2026-07-17 01:38:19.512[   15.485448] express_gpu device id 10, func id 16
76636:2026-07-17 01:38:19.537[   15.526429] express_gpu invoke_id a0100000c 
76638:2026-07-17 01:38:19.545[   15.534908] express_gpu device id 10, func id 12
76639:2026-07-17 01:38:19.547[   15.535123] express_gpu invoke_id a0100000e 
76644:2026-07-17 01:38:19.570[   15.545182] express_gpu device id 10, func id 14
76649:2026-07-17 01:38:19.595[   15.558408] express_gpu invoke_id a01000011 
76650:2026-07-17 01:38:19.597[   15.558410] express_gpu device id 10, func id 17
76651:2026-07-17 01:38:19.600[   15.559381] express_gpu invoke_id a0000000a 
76653:2026-07-17 01:38:19.608[   15.613406] express_gpu device id 10, func id 10
76658:2026-07-17 01:38:19.630[   15.659042] express_gpu file ffffa19bc05e9000 open by 954 757 unique_id: ffff951d79af2100
76665:2026-07-17 01:38:19.655[   15.715109] express_gpu invoke_id a0100000e 
76667:2026-07-17 01:38:19.660[   15.719167] express_gpu device id 10, func id 14
76686:2026-07-17 01:38:19.718[   15.785532] express_gpu file ffffa19bc0639000 open by 975 757 unique_id: ffff951d740d1300
76693:2026-07-17 01:38:19.750[   15.849712] express_gpu file ffffa19bc0671000 open by 979 757 unique_id: ffff951d79ae3d00
76811:2026-07-17 01:38:20.884[   17.012636] [pid=1][PARAM][INFO][param_service.c:195]Handle set param msgId 2 pid 758 key: persist.window.screen.width
76828:2026-07-17 01:38:20.928[   17.017803] express_gpu file ffffa19bc0769000 open by 1091 757 unique_id: ffff951d5962eb00
76830:2026-07-17 01:38:20.935[   17.025864] [pid=1][PARAM][INFO][param_service.c:195]Handle set param msgId 3 pid 758 key: persist.window.screen.height
76843:2026-07-17 01:38:20.973[   17.078922] [pid=1][PARAM][INFO][param_service.c:195]Handle set param msgId 4 pid 758 key: persist.window.screen.dpi
76848:2026-07-17 01:38:20.995[   17.108944] [pid=1][PARAM][INFO][param_service.c:195]Handle set param msgId 5 pid 758 key: persist.window.screen.isSupportRog
76849:2026-07-17 01:38:21.000[   17.110834] express_gpu file ffffa19bc0771000 open by 1089 757 unique_id: ffff951d7d88f800
76852:2026-07-17 01:38:21.011[   17.152628] express_gpu file ffffa19bc0779000 open by 1090 757 unique_id: ffff951d753d4500
76867:2026-07-17 01:38:21.053[   17.252256] express_gpu file ffffa19bc0781000 open by 837 757 unique_id: ffff951d7533e700
76876:2026-07-17 01:38:21.092[   17.263119] express_gpu gbuffer_id 0 create_gbuffer_vmem 28672
76883:2026-07-17 01:38:21.115[   17.280703] express_gpu file ffffa19bc0789000 open by 630 580 unique_id: ffff951d7d91a800
76888:2026-07-17 01:38:21.128[   17.283762] express_gpu put gbuffer info id 27600000002 w 1320 h 2856 pixel 4 size 15079680
76896:2026-07-17 01:38:21.148[   17.292440] express_gpu IOC_PUT_GBUFFER_INFO ok
76902:2026-07-17 01:38:21.167[   17.307315] [express_gpu_ioctl] command type [b] error!
76906:2026-07-17 01:38:21.178[   17.329450] express_gpu gbuffer_id 27600000002 create_gbuffer_vmem 15081472
76909:2026-07-17 01:38:21.186[   17.346961] [express_gpu_ioctl] command type [b] error!
76914:2026-07-17 01:38:21.199[   17.369111] express_gpu file ffffa19bc0791000 open by 630 580 unique_id: ffff951d753d8000
76916:2026-07-17 01:38:21.206[   17.375358] express_gpu put gbuffer info id 27600000003 w 1320 h 2856 pixel 4 size 15079680
76918:2026-07-17 01:38:21.212[   17.378967] express_gpu IOC_PUT_GBUFFER_INFO ok
76919:2026-07-17 01:38:21.214[   17.379156] [express_gpu_ioctl] command type [b] error!
76948:2026-07-17 01:38:21.334[   17.385363] express_gpu gbuffer_id 27600000003 create_gbuffer_vmem 15081472
76950:2026-07-17 01:38:21.340[   17.396496] [express_gpu_ioctl] command type [b] error!
76952:2026-07-17 01:38:21.345[   17.414806] express_gpu invoke_id a0000000b 
76954:2026-07-17 01:38:21.352[   17.422376] express_gpu device id 10, func id 11
crash_server.log:
NO_MATCHES

[installability_recheck]
$ timeout 12 [BETA_HDC] -t 127.0.0.1:10000 shell echo preinstall-display-exp1
preinstall-display-exp1
PREINSTALL_ECHO_EXIT=0
$ timeout 12 [BETA_HDC] -t 127.0.0.1:10000 shell param get const.product.os.dist.name
HarmonyOS 
PREINSTALL_DIST_EXIT=0
INSTALLABLE_STATE=1

[exact_hap_recheck_immediately_before_install]
hap_object_id=EO-R1-EMU24-20260717-0004-HAP-01
hap_sha256_preinstall=f1e00ec5534951137d7149b3d5001e99622aa1daacd1e31618d57699e2a1cd69
hap_size_preinstall=2585745
hap_mtime_preinstall=2026-07-17 01:13:25.536839347 +0800
HAP_OBJECT_UNCHANGED_BEFORE_INSTALL=true

[install_and_bundle_confirmation]
$ timeout 180 [BETA_HDC] -t 127.0.0.1:10000 install -r [WORKSPACE]/spikes/r1-api24-hap/entry/build/default/outputs/default/entry-default-unsigned.hap
[Info]App install path:[WORKSPACE]/spikes/r1-api24-hap/entry/build/default/outputs/default/entry-default-unsigned.hap msg:install bundle successfully. 
AppMod finish
INSTALL_EXIT=0
$ timeout 12 [BETA_HDC] -t 127.0.0.1:10000 shell bm dump -n cn.alfadb.netbird.r1probe
cn.alfadb.netbird.r1probe:
{
    "appId": "cn.alfadb.netbird.r1probe_",
    "appIdentifier": "",
    "appIndex": 0,
    "applicationInfo": {
        "GWPAsanEnabled": false,
        "accessTokenId": "[REDACTED_NONSECRET_RUNTIME_ID]",
        "accessTokenIdEx": "[REDACTED_NONSECRET_RUNTIME_ID]",
        "accessible": false,
        "allowAppRunWhenDeviceFirstLocked": false,
        "allowArkTsLargeHeap": false,
        "allowCommonEvent": [],
        "allowEnableNotification": false,
        "allowMultiProcess": false,
        "apiCompatibleVersion": 60101024,
        "apiReleaseType": "Release",
        "apiTargetVersion": 60101024,
        "appDetailAbilityLibraryPath": "",
        "appDistributionType": "none",
        "appEnvironments": [],
        "appIndex": 0,
        "appPreloadPhase": 0,
        "appPrivilegeLevel": "normal",
        "appProvisionType": "debug",
        "appQuickFix": {
            "bundleName": "",
            "deployedAppqfInfo": {
                "cpuAbi": "",
                "hqfInfos": [],
                "nativeLibraryPath": "",
                "type": 0,
                "versionCode": 0,
                "versionName": ""
            },
            "deployingAppqfInfo": {
                "cpuAbi": "",
                "hqfInfos": [],
                "nativeLibraryPath": "",
                "type": 0,
                "versionCode": 0,
                "versionName": ""
            },
            "versionCode": 0,
            "versionName": ""
        },
        "appSignType": "none",
        "applicationFlags": 1,
        "applicationReservedFlag": 0,
        "arkNativeFileAbi": "",
        "arkNativeFilePath": "",
        "arkTSMode": "dynamic",
        "asanEnabled": false,
        "asanLogPath": "",
        "assetAccessGroups": [],
        "associatedWakeUp": false,
        "bundleName": "cn.alfadb.netbird.r1probe",
        "bundleType": 0,
        "cacheDir": "",
        "cloudFileSyncEnabled": false,
        "cloudStructuredDataSyncEnabled": false,
        "codePath": "/data/app/el1/bundle/public/cn.alfadb.netbird.r1probe",
        "compileSdkType": "HarmonyOS",
        "compileSdkVersion": "6.1.1.125",
        "configuration": "",
        "cpuAbi": "x86_64",
        "crowdtestDeadline": -1,
        "dataBaseDir": "/data/app/el2/database/cn.alfadb.netbird.r1probe",
        "dataDir": "",
        "debug": true,
        "description": "",
        "descriptionId": 0,
        "descriptionResource": {
            "bundleName": "cn.alfadb.netbird.r1probe",
            "id": 0,
            "moduleName": "entry"
        },
        "deviceId": "PHONE-001",
        "distributedNotificationEnabled": true,
        "enabled": true,
        "entityType": "unspecified",
        "entryDir": "",
        "entryModuleName": "",
        "fingerprint": "",
        "flags": 0,
        "formVisibleNotify": false,
        "hasPlugin": false,
        "hideDesktopIcon": false,
        "hnpPackages": {},
        "hwasanEnabled": false,
        "icon": "",
        "iconId": 16777222,
        "iconPath": "$media:app_icon",
        "iconResource": {
            "bundleName": "cn.alfadb.netbird.r1probe",
            "id": 16777222,
            "moduleName": "entry"
        },
        "installSource": "unknown",
        "installedForAllUser": false,
        "isCompressNativeLibs": true,
        "isForceRotate": false,
        "isFreeInstallApp": false,
        "isLauncherApp": false,
        "isSystemApp": false,
        "keepAlive": false,
        "label": "$string:app_name",
        "labelId": 16777219,
        "labelResource": {
            "bundleName": "cn.alfadb.netbird.r1probe",
            "id": 16777219,
            "moduleName": "entry"
        },
        "maxChildProcess": 512,
        "metaData": {},
        "metadata": {},
        "minCompatibleVersionCode": 1,
        "moduleInfos": [
            {
                "moduleName": "entry",
                "moduleSourceDir": "",
                "preloads": []
            }
        ],
        "moduleSourceDirs": [],
        "multiAppMode": {
            "maxCount": 0,
            "multiAppModeType": 0
        },
        "multiProjects": false,
        "name": "cn.alfadb.netbird.r1probe",
        "nativeLibraryPath": "libs/x86_64",
        "needAppDetail": false,
        "organization": "",
        "overlayState": 0,
        "permissions": [],
        "process": "cn.alfadb.netbird.r1probe",
        "profileable": false,
        "removable": true,
        "resourcesApply": [],
        "runningResourcesApply": false,
        "signatureKey": "",
        "singleton": false,
        "startMode": 1,
        "supportedModes": 0,
        "targetBundleList": [],
        "targetBundleName": "",
        "targetMinorApiVersion": 0,
        "targetPatchApiVersion": 0,
        "targetPriority": 0,
        "tsanEnabled": false,
        "ubsanEnabled": false,
        "uid": 20020062,
        "userDataClearable": true,
        "vendor": "alfadb",
        "versionCode": 1,
        "versionName": "0.0.1"
    },
    "buildVersion": "",
    "compatibleVersion": 60101024,
    "cpuAbi": "",
    "defPermissions": [],
    "description": "",
    "entryInstallationFree": false,
    "entryModuleName": "entry",
    "firstInstallTime": 1784221045861,
    "gid": 20020062,
    "hapModuleInfos": [
        {
            "abilityInfos": [
                {
                    "allowSelfRedirect": true,
                    "appIndex": 0,
                    "applicationName": "cn.alfadb.netbird.r1probe",
                    "arkTSMode": "dynamic",
                    "backgroundModes": 0,
                    "bundleName": "cn.alfadb.netbird.r1probe",
                    "codePath": "",
                    "compileMode": 1,
                    "configChanges": [],
                    "continuable": false,
                    "continueBundleName": [],
                    "continueType": [
                        "EntryAbility"
                    ],
                    "defaultFormHeight": 0,
                    "defaultFormWidth": 0,
                    "description": "$string:ability_description",
                    "descriptionId": 16777218,
                    "deviceCapabilities": [],
                    "deviceTypes": [
                        "phone"
                    ],
                    "enabled": true,
                    "excludeFromDock": false,
                    "excludeFromMissions": false,
                    "extensionAbilityType": 255,
                    "formEnabled": false,
                    "formEntity": 0,
                    "hapPath": "/data/app/el1/bundle/public/cn.alfadb.netbird.r1probe/entry.hap",
                    "iconId": 16777222,
                    "iconPath": "$media:start_icon",
                    "isLauncherAbility": false,
                    "isModuleJson": true,
                    "isNativeAbility": false,
                    "isStageBasedModel": true,
                    "isolationProcess": false,
                    "kind": "",
                    "label": "$string:ability_name",
                    "labelId": 16777219,
                    "launchMode": 0,
                    "maxWindowHeight": 0,
                    "maxWindowRatio": 0,
                    "maxWindowWidth": 0,
                    "metaData": {
                        "customizeData": []
                    },
                    "metadata": [],
                    "minFormHeight": 0,
                    "minFormWidth": 0,
                    "minWindowHeight": 0,
                    "minWindowRatio": 0,
                    "minWindowWidth": 0,
                    "moduleName": "entry",
                    "name": "EntryAbility",
                    "orientation": 0,
                    "orientationId": 0,
                    "package": "entry",
                    "permissions": [],
                    "preferMultiWindowOrientation": "default",
                    "priority": 0,
                    "process": "",
                    "readPermission": "",
                    "recoverable": false,
                    "removeMissionAfterTerminate": false,
                    "resourcePath": "/data/app/el1/bundle/public/cn.alfadb.netbird.r1probe/entry/resources.index",
                    "skills": [
                        {
                            "actions": [
                                "ohos.want.action.home"
                            ],
                            "domainVerify": false,
                            "entities": [
                                "entity.system.home"
                            ],
                            "permissions": [],
                            "uris": []
                        }
                    ],
                    "srcEntrance": "./ets/entryability/EntryAbility.ets",
                    "srcLanguage": "js",
                    "srcPath": "",
                    "startWindow": "",
                    "startWindowBackground": "$color:start_window_background",
                    "startWindowBackgroundId": 16777221,
                    "startWindowIcon": "$media:start_icon",
                    "startWindowIconId": 16777222,
                    "startWindowId": 0,
                    "startWindowResource": {
                        "startWindowAppIconId": 0,
                        "startWindowBackgroundColorId": 0,
                        "startWindowBackgroundImageFit": "Cover",
                        "startWindowBackgroundImageId": 0,
                        "startWindowBrandingImageId": 0,
                        "startWindowIllustrationId": 0
                    },
                    "supportExtNames": [],
                    "supportMimeTypes": [],
                    "supportPipMode": false,
                    "supportWindowMode": [
                        0,
                        1,
                        2
                    ],
                    "targetAbility": "",
                    "theme": "",
                    "type": 1,
                    "uid": -1,
                    "unclearableMission": false,
                    "uri": "",
                    "visible": true,
                    "writePermission": ""
                }
            ],
            "abilitySrcEntryDelegator": "",
            "abilityStageSrcEntryDelegator": "",
            "aotCompileStatus": 0,
            "appEnvironments": [],
            "appStartup": "",
            "arkTSMode": "dynamic",
            "backgroundImg": "",
            "buildHash": "",
            "bundleName": "cn.alfadb.netbird.r1probe",
            "colorMode": -1,
            "compileMode": 1,
            "compressNativeLibs": true,
            "cpuAbi": "",
            "crossAppSharedConfig": "",
            "deduplicateHar": false,
            "deliveryWithInstall": true,
            "dependencies": [],
            "description": "$string:module_description",
            "descriptionId": 16777220,
            "deviceTypes": [
                "phone"
            ],
            "easyGo": "",
            "executableBinaryPaths": [],
            "extensionInfos": [],
            "fileContextMenu": "",
            "formExtensionModule": "",
            "formWidgetModule": "",
            "hapPath": "/data/app/el1/bundle/public/cn.alfadb.netbird.r1probe/entry.hap",
            "hasIntent": false,
            "hashValue": "",
            "hqfInfo": {
                "cpuAbi": "",
                "hapSha256": "",
                "hqfFilePath": "",
                "moduleName": "",
                "nativeLibraryPath": "",
                "type": 0
            },
            "iconId": 16777222,
            "iconPath": "$media:start_icon",
            "installationFree": false,
            "isLibIsolated": false,
            "isModuleJson": true,
            "isRemovable": {},
            "isRemovableSet": [],
            "isStageBasedModel": true,
            "isolationMode": 0,
            "label": "$string:ability_name",
            "labelId": 16777219,
            "mainAbility": "EntryAbility",
            "mainElementName": "EntryAbility",
            "metadata": [],
            "moduleArkTSMode": "dynamic",
            "moduleName": "entry",
            "moduleSourceDir": "",
            "moduleType": 1,
            "name": "entry",
            "nativeLibraryFileNames": [],
            "nativeLibraryPath": "",
            "overlayModuleInfos": [],
            "package": "entry",
            "packageName": "entry",
            "pages": "$profile:main_pages",
            "preloads": [],
            "process": "cn.alfadb.netbird.r1probe",
            "proxyDatas": [],
            "reqCapabilities": [],
            "requiredDeviceFeatures": {},
            "resizeable": false,
            "resourcePath": "/data/app/el1/bundle/public/cn.alfadb.netbird.r1probe/entry/resources.index",
            "routerArray": [],
            "routerMap": "",
            "shareFiles": "",
            "srcEntrance": "",
            "srcPath": "",
            "supportedModes": 0,
            "systemTheme": "",
            "uiSyntax": "hml",
            "upgradeFlag": 0,
            "versionCode": 1,
            "virtualMachine": ""
        }
    ],
    "hapModuleNames": [
        "entry"
    ],
    "installTime": 1784223504320,
    "isDifferentName": false,
    "isKeepAlive": false,
    "isNativeApp": false,
    "isNewVersion": true,
    "isPreInstallApp": false,
    "jointUserId": "",
    "label": "",
    "mainEntry": "entry",
    "maxSdkVersion": -1,
    "minCompatibleVersionCode": 1,
    "minSdkVersion": -1,
    "moduleDirs": [
        "/data/app/el1/bundle/public/cn.alfadb.netbird.r1probe/entry"
    ],
    "moduleNames": [
        "entry"
    ],
    "modulePublicDirs": [
        ""
    ],
    "moduleResPaths": [
        "/data/app/el1/bundle/public/cn.alfadb.netbird.r1probe/entry/resources.index"
    ],
    "name": "cn.alfadb.netbird.r1probe",
    "oldAppIds": [
        "cn.alfadb.netbird.r1probe_"
    ],
    "overlayBundleInfos": [],
    "overlayType": 3,
    "pluginBundleInfos": {},
    "releaseType": "Release",
    "reqPermissionDetails": [],
    "reqPermissionStates": [],
    "reqPermissions": [],
    "routerArray": [],
    "seInfo": "",
    "singleton": false,
    "targetMinorApiVersion": 0,
    "targetPatchApiVersion": 0,
    "targetVersion": 60101024,
    "uid": 20020062,
    "updateTime": 1784223504320,
    "userInfo": [
        {
            "accessTokenId": "[REDACTED_NONSECRET_RUNTIME_ID]",
            "accessTokenIdEx": "[REDACTED_NONSECRET_RUNTIME_ID]",
            "bundleName": "cn.alfadb.netbird.r1probe",
            "bundleUserInfo": {
                "disabledAbilities": [],
                "enabled": true,
                "overlayState": [],
                "setEnabledCaller": "",
                "userId": 100
            },
            "canUninstall": true,
            "cloneInfos": {},
            "curDynamicIconModule": "",
            "firstInstallTime": 1784221045861,
            "gids": [
                20020062
            ],
            "installTime": 1784223504320,
            "installedPluginSet": [],
            "isBundleFirstLaunched": false,
            "isRemovable": true,
            "uid": 20020062,
            "updateTime": 1784223504320
        }
    ],
    "vendor": "alfadb",
    "versionCode": 1,
    "versionName": "0.0.1"
}
BM_DUMP_EXIT=0
BUNDLE_CONFIRMATION=pass

[ability_start_and_hilog]
$ timeout 12 [BETA_HDC] -t 127.0.0.1:10000 shell power-shell wakeup
WakeupDevice is called
WAKEUP_EXIT=0
$ timeout 12 [BETA_HDC] -t 127.0.0.1:10000 shell uitest screenCap
ScreenCap saved to /data/local/tmp/screenCap_34933068.png
PRESTART_SCREEN_CAP_EXIT=0
$ timeout 12 [BETA_HDC] -t 127.0.0.1:10000 shell aa start -a EntryAbility -b cn.alfadb.netbird.r1probe
error: failed to start ability.
Error Code:10106102  Error Message:The device screen is locked during the application launch, unlock screen failed.
Error cause: The current mode is developer mode, and the screen cannot be unlocked automatically
  Try the following:
  > Check in the settings whether the current device is in developer mode, and turn off developer mode
AA_START_EXIT=0
Lock-screen semantic failure observed; performing standard no-credential wake and swipe before one retry.
$ timeout 12 [BETA_HDC] -t 127.0.0.1:10000 shell power-shell wakeup
WakeupDevice is called
WAKEUP_RETRY_EXIT=0
$ timeout 12 [BETA_HDC] -t 127.0.0.1:10000 shell uitest uiInput swipe 630 2200 630 500 1000
No Error
SWIPE_EXIT=0
$ timeout 12 [BETA_HDC] -t 127.0.0.1:10000 shell aa start -a EntryAbility -b cn.alfadb.netbird.r1probe
error: failed to start ability.
Error Code:10106102  Error Message:The device screen is locked during the application launch, unlock screen failed.
Error cause: The current mode is developer mode, and the screen cannot be unlocked automatically
  Try the following:
  > Check in the settings whether the current device is in developer mode, and turn off developer mode
AA_START_RETRY_EXIT=0
$ timeout 15 [BETA_HDC] -t 127.0.0.1:10000 shell hilog -x -T R1Api24Probe

HILOG_EXIT=0
$ timeout 12 [BETA_HDC] -t 127.0.0.1:10000 shell uitest screenCap
ScreenCap saved to /data/local/tmp/screenCap_50374378.png
POSTSTART_SCREEN_CAP_EXIT=0

[hap_smoke_result]
INSTALL_SUCCESS=1
ABILITY_SUCCESS=0
PIXELMAP_OK=1
NODE_API_INITIALIZED=0
PING_PONG=0
VERSION_OK=0
ALTERNATE_DISPLAY_READINESS=fail
HAP_RUNTIME_SMOKE=fail

[force_stop_and_uninstall]
$ timeout 12 [BETA_HDC] -t 127.0.0.1:10000 shell aa force-stop cn.alfadb.netbird.r1probe
force stop process successfully.
FORCE_STOP_EXIT=0
$ timeout 120 [BETA_HDC] -t 127.0.0.1:10000 uninstall cn.alfadb.netbird.r1probe
[Info]App uninstall path: msg:uninstall bundle successfully. 
AppMod finish
UNINSTALL_EXIT=0
$ timeout 12 [BETA_HDC] -t 127.0.0.1:10000 shell bm dump -n cn.alfadb.netbird.r1probe
error: failed to get information and the parameters may be wrong.
POST_UNINSTALL_BM_EXIT=0
POST_UNINSTALL_ABSENT=true

[normal_stop_and_four_log_archive]
$ HDC_PORT=10000 [HARMONY_HOME]/bin/emulator-stop
[emulator-stop] stopping netbird_api24_phone
Stop emulator netbird_api24_phone successfully
STOP_HELPER_EXIT=0
PROCESS_EXIT_CONFIRMED=true
archive_Emulator.log=[HARMONY_HOME]/emulator-log-archive/20260716T173858Z-r1-api24-display-exp1-rerun/Emulator.log size=47126 sha256=8caa7176ade347bbcfd148580065525ffff2ecbfcd3ffb271d8cce447f11a9f7
archive_qemu.log=[HARMONY_HOME]/emulator-log-archive/20260716T173858Z-r1-api24-display-exp1-rerun/qemu.log size=56311 sha256=08f068ee55c7531e41b2f76a382e3c575d6313424a2e07f339c8e7d6f241eb2a
archive_kernel.log=[HARMONY_HOME]/emulator-log-archive/20260716T173858Z-r1-api24-display-exp1-rerun/kernel.log size=8665729 sha256=5d10d0d275d48704e56868e502b4152d25a741aef84ed55a5ec631ac2fea33f7
archive_crash_server.log=[HARMONY_HOME]/emulator-log-archive/20260716T173858Z-r1-api24-display-exp1-rerun/crash_server.log size=660 sha256=b4ae30b8a6fd1e3b35e8983a14e105e0b41d3ed93d293d93e6736e11f333a711
archive_guest_screenCap=[HARMONY_HOME]/emulator-log-archive/20260716T173858Z-r1-api24-display-exp1-rerun/guest-screenCap.png size=71901 sha256=b83025e8ef1b9b3cb5f9dc15b1a0e547a9c837fa26b1a5eec173724932dd0f4b
emulator_console_log=docs/evidence/raw/EV-R1-EMU24-20260717-0004-emulator-console.log size=2133 sha256=6ee2d8cd6e97a07465ae87a9a9a68656dad6ca9f4dba7746bbd9343e2b20d3b5

[final_cleanup_and_residual_check]
$ [BETA_HDC] list targets -v
127.0.0.1:10000		TCP	Offline	localhost
$ [BETA_HDC] kill
$ exact Emulator/qemu/HDC process check
 527471 awk $0 ~ /\/Emulator( |$)|qemu-system|hdc -m -s/ {print}
$ ports 10000/5555/8710 check
$ repository root .hvigor check
ROOT_HVIGOR_ABSENT=true
$ runtime tmux panes before runner exits
window=runner pane=%51 pid=526768 dead=0 command=bash
ORIGINAL_PANE_NEVER_LEFT=netbird:0.0 %45

[final_verdict_inputs]
EXPERIMENT1_VISIBLE_PROCESS_STARTED=true
EXPERIMENT1_STANDARD_READINESS=fail
EXPERIMENT1_ALTERNATE_READINESS=fail
EXPERIMENT1_HAP_SMOKE=fail
EXPERIMENT2_SOFTWARE_GPU=not-attempted; Emulator --help exposes no software GPU parameter
ended_at=2026-07-17T01:39:01+08:00
record_status=collected-pending-document-update-and-independent-review
