evidence_id=EV-R1-EMU24-20260717-0007
capture_scope=complete tmux pane history for the measured Emulator process through normal exit
QStandardPaths: XDG_RUNTIME_DIR not set, defaulting to '/tmp/runtime-worker'
[WARNING]Hot boot is not enable, the bootmode "snapshot" invalid. now start with
 cold boot.
audio: Could not init `pa' audio driver
audio: warning: Using timer based audio emulation
QStandardPaths: XDG_RUNTIME_DIR not set, defaulting to '/tmp/runtime-worker'
Emulator: warning: host doesn't support requested feature: CPUID.07H:EBX.hle [bi
t 4]
Emulator: warning: host doesn't support requested feature: CPUID.07H:EBX.rtm [bi
t 11]
Emulator: warning: host doesn't support requested feature: CPUID.07H:EBX.rdseed
[bit 18]
Emulator: warning: host doesn't support requested feature: CPUID.07H:EBX.adx [bi
t 19]
Emulator: warning: host doesn't support requested feature: CPUID.07H:EBX.smap [b
it 20]
Emulator: warning: host doesn't support requested feature: CPUID.07H:EBX.hle [bi
t 4]
Emulator: warning: host doesn't support requested feature: CPUID.07H:EBX.rtm [bi
t 11]
Emulator: warning: host doesn't support requested feature: CPUID.07H:EBX.rdseed
[bit 18]
Emulator: warning: host doesn't support requested feature: CPUID.07H:EBX.adx [bi
t 19]
Emulator: warning: host doesn't support requested feature: CPUID.07H:EBX.smap [b
it 20]
Emulator: warning: host doesn't support requested feature: CPUID.07H:EBX.hle [bi
t 4]
Emulator: warning: host doesn't support requested feature: CPUID.07H:EBX.rtm [bi
t 11]
Emulator: warning: host doesn't support requested feature: CPUID.07H:EBX.rdseed
[bit 18]
Emulator: warning: host doesn't support requested feature: CPUID.07H:EBX.adx [bi
t 19]
Emulator: warning: host doesn't support requested feature: CPUID.07H:EBX.smap [b
it 20]
Emulator: warning: host doesn't support requested feature: CPUID.07H:EBX.hle [bi
t 4]
Emulator: warning: host doesn't support requested feature: CPUID.07H:EBX.rtm [bi
t 11]
Emulator: warning: host doesn't support requested feature: CPUID.07H:EBX.rdseed
[bit 18]
Emulator: warning: host doesn't support requested feature: CPUID.07H:EBX.adx [bi
t 19]
Emulator: warning: host doesn't support requested feature: CPUID.07H:EBX.smap [b
it 20]
error: XDG_RUNTIME_DIR is invalid or not set in the environment.

Pane is dead (status 0, Fri Jul 17 03:08:11 2026)
