> hvigor [32mUP-TO-DATE :entry:default@PreBuild...  [39m
> hvigor [32mFinished :entry:default@CreateModuleInfo... after 2 ms [39m
> hvigor [32mFinished :entry:default@GenerateMetadata... after 4 ms [39m
> hvigor [32mFinished :entry:default@ConfigureCmake... after 40 ms [39m
> hvigor [32mFinished :entry:default@MergeProfile... after 7 ms [39m
> hvigor [32mFinished :entry:default@CreateBuildProfile... after 3 ms [39m
> hvigor [32mFinished :entry:default@PreCheckSyscap... after 1 ms [39m
> hvigor [32mFinished :entry:default@GeneratePkgContextInfo... after 14 ms [39m
> hvigor [32mFinished :entry:default@GeneratePkgSdkInfo... after 4 ms [39m
> hvigor [32mFinished :entry:default@ProcessIntegratedHsp... after 2 ms [39m
> hvigor [32mFinished :entry:default@MakePackInfo... after 4 ms [39m
> hvigor [32mFinished :entry:default@SyscapTransform... after 16 ms [39m
> hvigor [32mFinished :entry:default@ProcessProfile... after 65 ms [39m
> hvigor [32mFinished :entry:default@ProcessRouterMap... after 4 ms [39m
> hvigor [32mFinished :entry:default@ProcessShareConfig... after 3 ms [39m
> hvigor [32mFinished :entry:default@ProcessStartupConfig... after 2 ms [39m
> hvigor [32mFinished :entry:default@ProcessResource... after 3 ms [39m
> hvigor [32mFinished :entry:default@GenerateLoaderJson... after 8 ms [39m
> hvigor [32mFinished :entry:default@CompileResource... after 123 ms [39m
> hvigor [32mFinished :entry:default@BuildJS... after 2 ms [39m
> hvigor [32mFinished :entry:default@BuildNativeWithCmake... after 5 s 792 ms [39m
> hvigor [32mFinished :entry:default@BuildNativeWithNinja... after 129 ms [39m
> hvigor [32mFinished :entry:default@ProcessLibs... after 626 ms [39m
> hvigor [32mFinished :entry:default@DoNativeStrip... after 82 ms [39m
> hvigor [32mFinished :entry:default@CacheNativeLibs... after 7 ms [39m
> hvigor [32mFinished :entry:default@CompileArkTS... after 6 s 297 ms [39m
> hvigor [32mFinished :entry:default@GeneratePkgModuleJson... after 3 ms [39m
> hvigor [32mFinished :entry:default@ProcessCompiledResources... after 1 ms [39m
> hvigor [32mFinished :entry:default@PackageHap... after 476 ms [39m
> hvigor [32mFinished :entry:default@PackingCheck... after 6 ms [39m
> hvigor [33mWARN: No signingConfig found for product default[39m
> hvigor [32mFinished :entry:default@SignHap... after 4 ms [39m
> hvigor [32mFinished :entry:default@CollectDebugSymbol... after 2 ms [39m
> hvigor [32mFinished :entry:assembleHap... after 1 ms [39m
> hvigor [32mBUILD SUCCESSFUL in 11 s 271 ms [39m
